<html>
<body>
<pre>
<h1>µVision Build Log</h1>
<h2>Tool Versions:</h2>
IDE-Version: ¦ÌVision V5.40.0.0
Copyright (C) 2024 ARM Ltd and ARM Germany GmbH. All rights reserved.
License Information: ss s, s, LIC=WHYH9-4F5UW-SBJEJ-UC8DY-VTY5T-AQ33N
 
Tool Versions:
Toolchain:       MDK-ARM Plus  Version: 5.40.0.3
Toolchain Path:  D:\Keil\Keil5\ARM\ARMCLANG\Bin
C Compiler:      ArmClang.exe V6.22
Assembler:       Armasm.exe V6.22
Linker/Locator:  ArmLink.exe V6.22
Library Manager: ArmAr.exe V6.22
Hex Converter:   FromElf.exe V6.22
CPU DLL:         SARMCM3.DLL V5.40.0.3
Dialog DLL:      DCM.DLL V1.17.5.0
Target DLL:      STLink\ST-LINKIII-KEIL_SWO.dll V3.3.0.0
Dialog DLL:      TCM.DLL V1.56.4.0
 
<h2>Project:</h2>
D:\stm32project\sss\MDK-ARM\sss.uvprojx
Project File Date:  07/19/2024

<h2>Output:</h2>
*** Using Compiler 'V6.22', folder: 'D:\Keil\Keil5\ARM\ARMCLANG\Bin'
Rebuild target 'sss'
Note: source file '../Core/Src/main.c' - object file renamed from 'sss\main.o' to 'sss\main_1.o'.
Note: source file '../Core/Src/gpio.c' - object file renamed from 'sss\gpio.o' to 'sss\gpio_1.o'.
Note: source file '../Core/Src/tim.c' - object file renamed from 'sss\tim.o' to 'sss\tim_1.o'.
Note: source file '../Core/Src/stm32f4xx_it.c' - object file renamed from 'sss\stm32f4xx_it.o' to 'sss\stm32f4xx_it_1.o'.
Note: source file '../Core/Src/usart.c' - object file renamed from 'sss\usart.o' to 'sss\usart_1.o'.
Note: source file '../Core/Src/stm32f4xx_hal_msp.c' - object file renamed from 'sss\stm32f4xx_hal_msp.o' to 'sss\stm32f4xx_hal_msp_1.o'.
Note: source file '../Core/Src/system_stm32f4xx.c' - object file renamed from 'sss\system_stm32f4xx.o' to 'sss\system_stm32f4xx_1.o'.
assembling startup_stm32f407xx.s...
compiling dma.c...
compiling stm32f4xx_it.c...
compiling gpio.c...
compiling usart.c...
compiling tim.c...
compiling pid.c...
compiling stm32f4xx_hal_msp.c...
compiling openmv.c...
compiling steer.c...
compiling main.c...
compiling vofa.c...
compiling stm32f4xx_hal_rcc_ex.c...
compiling stm32f4xx_hal_flash.c...
compiling stm32f4xx_hal_rcc.c...
compiling stm32f4xx_hal_flash_ex.c...
compiling stm32f4xx_hal_flash_ramfunc.c...
compiling stm32f4xx_hal_tim_ex.c...
compiling stm32f4xx_hal_gpio.c...
compiling stm32f4xx_hal_dma_ex.c...
compiling stm32f4xx_hal_pwr.c...
compiling stm32f4xx_hal_dma.c...
compiling stm32f4xx_hal_pwr_ex.c...
compiling stm32f4xx_hal_cortex.c...
compiling stm32f4xx_hal.c...
compiling stm32f4xx_hal_exti.c...
compiling system_stm32f4xx.c...
compiling stm32f4xx_hal_tim.c...
compiling stm32f4xx_hal_uart.c...
linking...
Program Size: Code=16220 RO-data=476 RW-data=24 ZI-data=2464  
FromELF: creating hex file...
"sss\sss.axf" - 0 Error(s), 0 Warning(s).

<h2>Software Packages used:</h2>

Package Vendor: ARM
                https://www.keil.com/pack/ARM.CMSIS.6.1.0.pack
                ARM::CMSIS@6.1.0
                CMSIS (Common Microcontroller Software Interface Standard)
   * Component: CORE Version: 6.1.0

Package Vendor: Keil
                https://www.keil.com/pack/Keil.STM32F4xx_DFP.2.17.1.pack
                Keil::STM32F4xx_DFP@2.17.1
                STMicroelectronics STM32F4 Series Device Support, Drivers and Examples

<h2>Collection of Component include folders:</h2>
  ./RTE/_sss
  D:/Keil/ArmPacks/ARM/CMSIS/6.1.0/CMSIS/Core/Include
  D:/Keil/ArmPacks/Keil/STM32F4xx_DFP/2.17.1/Drivers/CMSIS/Device/ST/STM32F4xx/Include

<h2>Collection of Component Files used:</h2>

   * Component: ARM::CMSIS:CORE@6.1.0
      Include file:  CMSIS/Core/Include/tz_context.h
Build Time Elapsed:  00:00:02
</pre>
</body>
</html>
