Component: Arm Compiler for Embedded 6.22 Tool: armlink [5ee90200]

==============================================================================

Section Cross References

    startup_stm32f407xx.o(STACK) refers (Special) to heapauxi.o(.text) for __use_two_region_memory
    startup_stm32f407xx.o(HEAP) refers (Special) to heapauxi.o(.text) for __use_two_region_memory
    startup_stm32f407xx.o(RESET) refers (Special) to heapauxi.o(.text) for __use_two_region_memory
    startup_stm32f407xx.o(RESET) refers to startup_stm32f407xx.o(STACK) for __initial_sp
    startup_stm32f407xx.o(RESET) refers to startup_stm32f407xx.o(.text) for Reset_Handler
    startup_stm32f407xx.o(RESET) refers to stm32f4xx_it_1.o(.text.NMI_Handler) for NMI_Handler
    startup_stm32f407xx.o(RESET) refers to stm32f4xx_it_1.o(.text.HardFault_Handler) for HardFault_Handler
    startup_stm32f407xx.o(RESET) refers to stm32f4xx_it_1.o(.text.MemManage_Handler) for MemManage_Handler
    startup_stm32f407xx.o(RESET) refers to stm32f4xx_it_1.o(.text.BusFault_Handler) for BusFault_Handler
    startup_stm32f407xx.o(RESET) refers to stm32f4xx_it_1.o(.text.UsageFault_Handler) for UsageFault_Handler
    startup_stm32f407xx.o(RESET) refers to stm32f4xx_it_1.o(.text.SVC_Handler) for SVC_Handler
    startup_stm32f407xx.o(RESET) refers to stm32f4xx_it_1.o(.text.DebugMon_Handler) for DebugMon_Handler
    startup_stm32f407xx.o(RESET) refers to stm32f4xx_it_1.o(.text.PendSV_Handler) for PendSV_Handler
    startup_stm32f407xx.o(RESET) refers to stm32f4xx_it_1.o(.text.SysTick_Handler) for SysTick_Handler
    startup_stm32f407xx.o(RESET) refers to stm32f4xx_it_1.o(.text.TIM2_IRQHandler) for TIM2_IRQHandler
    startup_stm32f407xx.o(RESET) refers to stm32f4xx_it_1.o(.text.USART1_IRQHandler) for USART1_IRQHandler
    startup_stm32f407xx.o(.text) refers (Special) to heapauxi.o(.text) for __use_two_region_memory
    startup_stm32f407xx.o(.text) refers to system_stm32f4xx.o(.text.SystemInit) for SystemInit
    startup_stm32f407xx.o(.text) refers to __main.o(!!!main) for __main
    startup_stm32f407xx.o(.text) refers to startup_stm32f407xx.o(HEAP) for Heap_Mem
    startup_stm32f407xx.o(.text) refers to startup_stm32f407xx.o(STACK) for Stack_Mem
    main_1.o(.text.main) refers to stm32f4xx_hal.o(.text.HAL_Init) for HAL_Init
    main_1.o(.text.main) refers to main_1.o(.text.SystemClock_Config) for SystemClock_Config
    main_1.o(.text.main) refers to gpio_1.o(.text.MX_GPIO_Init) for MX_GPIO_Init
    main_1.o(.text.main) refers to tim_1.o(.text.MX_TIM1_Init) for MX_TIM1_Init
    main_1.o(.text.main) refers to usart_1.o(.text.MX_UART4_Init) for MX_UART4_Init
    main_1.o(.text.main) refers to tim_1.o(.text.MX_TIM2_Init) for MX_TIM2_Init
    main_1.o(.text.main) refers to usart_1.o(.text.MX_USART1_UART_Init) for MX_USART1_UART_Init
    main_1.o(.text.main) refers to tim_1.o(.bss.htim1) for htim1
    main_1.o(.text.main) refers to stm32f4xx_hal_tim.o(.text.HAL_TIM_Base_Start) for HAL_TIM_Base_Start
    main_1.o(.text.main) refers to usart_1.o(.bss.huart1) for huart1
    main_1.o(.text.main) refers to stm32f4xx_hal_uart.o(.text.HAL_UART_Receive_IT) for HAL_UART_Receive_IT
    main_1.o(.ARM.exidx.text.main) refers to main_1.o(.text.main) for [Anonymous Symbol]
    main_1.o(.text.SystemClock_Config) refers to rt_memclr_w.o(.text) for __aeabi_memclr4
    main_1.o(.text.SystemClock_Config) refers to stm32f4xx_hal_rcc.o(.text.HAL_RCC_OscConfig) for HAL_RCC_OscConfig
    main_1.o(.text.SystemClock_Config) refers to stm32f4xx_hal_rcc.o(.text.HAL_RCC_ClockConfig) for HAL_RCC_ClockConfig
    main_1.o(.ARM.exidx.text.SystemClock_Config) refers to main_1.o(.text.SystemClock_Config) for [Anonymous Symbol]
    main_1.o(.ARM.exidx.text.Error_Handler) refers to main_1.o(.text.Error_Handler) for [Anonymous Symbol]
    gpio_1.o(.text.MX_GPIO_Init) refers to stm32f4xx_hal_gpio.o(.text.HAL_GPIO_WritePin) for HAL_GPIO_WritePin
    gpio_1.o(.text.MX_GPIO_Init) refers to stm32f4xx_hal_gpio.o(.text.HAL_GPIO_Init) for HAL_GPIO_Init
    gpio_1.o(.ARM.exidx.text.MX_GPIO_Init) refers to gpio_1.o(.text.MX_GPIO_Init) for [Anonymous Symbol]
    tim_1.o(.text.MX_TIM1_Init) refers to tim_1.o(.bss.htim1) for htim1
    tim_1.o(.text.MX_TIM1_Init) refers to stm32f4xx_hal_tim.o(.text.HAL_TIM_Base_Init) for HAL_TIM_Base_Init
    tim_1.o(.text.MX_TIM1_Init) refers to main_1.o(.text.Error_Handler) for Error_Handler
    tim_1.o(.text.MX_TIM1_Init) refers to stm32f4xx_hal_tim.o(.text.HAL_TIM_ConfigClockSource) for HAL_TIM_ConfigClockSource
    tim_1.o(.text.MX_TIM1_Init) refers to stm32f4xx_hal_tim.o(.text.HAL_TIM_OC_Init) for HAL_TIM_OC_Init
    tim_1.o(.text.MX_TIM1_Init) refers to stm32f4xx_hal_tim_ex.o(.text.HAL_TIMEx_MasterConfigSynchronization) for HAL_TIMEx_MasterConfigSynchronization
    tim_1.o(.text.MX_TIM1_Init) refers to stm32f4xx_hal_tim.o(.text.HAL_TIM_OC_ConfigChannel) for HAL_TIM_OC_ConfigChannel
[...]
    stm32f4xx_hal_pwr_ex.c                   0x00000000   Number         0  stm32f4xx_hal_pwr_ex.o ABSOLUTE
    stm32f4xx_hal_rcc.c                      0x00000000   Number         0  stm32f4xx_hal_rcc.o ABSOLUTE
    stm32f4xx_hal_rcc_ex.c                   0x00000000   Number         0  stm32f4xx_hal_rcc_ex.o ABSOLUTE
    stm32f4xx_hal_tim.c                      0x00000000   Number         0  stm32f4xx_hal_tim.o ABSOLUTE
    stm32f4xx_hal_tim_ex.c                   0x00000000   Number         0  stm32f4xx_hal_tim_ex.o ABSOLUTE
    stm32f4xx_hal_uart.c                     0x00000000   Number         0  stm32f4xx_hal_uart.o ABSOLUTE
    stm32f4xx_it.c                           0x00000000   Number         0  stm32f4xx_it_1.o ABSOLUTE
    system_stm32f4xx.c                       0x00000000   Number         0  system_stm32f4xx.o ABSOLUTE
    tim.c                                    0x00000000   Number         0  tim_1.o ABSOLUTE
    usart.c                                  0x00000000   Number         0  usart_1.o ABSOLUTE
    RESET                                    0x08000000   Section      392  startup_stm32f407xx.o(RESET)
    !!!main                                  0x08000188   Section        8  __main.o(!!!main)
    !!!scatter                               0x08000190   Section       92  __scatter.o(!!!scatter)
    !!handler_copy                           0x080001ec   Section       26  __scatter_copy.o(!!handler_copy)
    !!handler_null                           0x08000208   Section        2  __scatter.o(!!handler_null)
    !!handler_zi                             0x0800020c   Section       28  __scatter_zi.o(!!handler_zi)
    .ARM.Collect$$_printf_percent$$00000000  0x08000228   Section        0  _printf_percent.o(.ARM.Collect$$_printf_percent$$00000000)
    .ARM.Collect$$_printf_percent$$00000009  0x08000228   Section        6  _printf_d.o(.ARM.Collect$$_printf_percent$$00000009)
    .ARM.Collect$$_printf_percent$$00000017  0x0800022e   Section        4  _printf_percent_end.o(.ARM.Collect$$_printf_percent$$00000017)
    .ARM.Collect$$libinit$$00000000          0x08000232   Section        2  libinit.o(.ARM.Collect$$libinit$$00000000)
    .ARM.Collect$$libinit$$00000001          0x08000234   Section        4  libinit2.o(.ARM.Collect$$libinit$$00000001)
    .ARM.Collect$$libinit$$00000004          0x08000238   Section        0  libinit2.o(.ARM.Collect$$libinit$$00000004)
    .ARM.Collect$$libinit$$00000006          0x08000238   Section        0  libinit2.o(.ARM.Collect$$libinit$$00000006)
    .ARM.Collect$$libinit$$00000007          0x08000238   Section        8  libinit2.o(.ARM.Collect$$libinit$$00000007)
    .ARM.Collect$$libinit$$0000000C          0x08000240   Section        0  libinit2.o(.ARM.Collect$$libinit$$0000000C)
    .ARM.Collect$$libinit$$0000000E          0x08000240   Section        0  libinit2.o(.ARM.Collect$$libinit$$0000000E)
    .ARM.Collect$$libinit$$00000010          0x08000240   Section        0  libinit2.o(.ARM.Collect$$libinit$$00000010)
    .ARM.Collect$$libinit$$00000013          0x08000240   Section        0  libinit2.o(.ARM.Collect$$libinit$$00000013)
    .ARM.Collect$$libinit$$00000015          0x08000240   Section        0  libinit2.o(.ARM.Collect$$libinit$$00000015)
    .ARM.Collect$$libinit$$00000017          0x08000240   Section        0  libinit2.o(.ARM.Collect$$libinit$$00000017)
    .ARM.Collect$$libinit$$00000019          0x08000240   Section        0  libinit2.o(.ARM.Collect$$libinit$$00000019)
    .ARM.Collect$$libinit$$0000001B          0x08000240   Section        0  libinit2.o(.ARM.Collect$$libinit$$0000001B)
    .ARM.Collect$$libinit$$0000001D          0x08000240   Section        0  libinit2.o(.ARM.Collect$$libinit$$0000001D)
    .ARM.Collect$$libinit$$0000001F          0x08000240   Section        0  libinit2.o(.ARM.Collect$$libinit$$0000001F)
    .ARM.Collect$$libinit$$00000021          0x08000240   Section        0  libinit2.o(.ARM.Collect$$libinit$$00000021)
    .ARM.Collect$$libinit$$00000023          0x08000240   Section        0  libinit2.o(.ARM.Collect$$libinit$$00000023)
    .ARM.Collect$$libinit$$00000025          0x08000240   Section        0  libinit2.o(.ARM.Collect$$libinit$$00000025)
    .ARM.Collect$$libinit$$00000026          0x08000240   Section        4  libinit2.o(.ARM.Collect$$libinit$$00000026)
    .ARM.Collect$$libinit$$00000027          0x08000244   Section        0  libinit2.o(.ARM.Collect$$libinit$$00000027)
    .ARM.Collect$$libinit$$0000002E          0x08000244   Section        0  libinit2.o(.ARM.Collect$$libinit$$0000002E)
    .ARM.Collect$$libinit$$00000030          0x08000244   Section        0  libinit2.o(.ARM.Collect$$libinit$$00000030)
    .ARM.Collect$$libinit$$00000032          0x08000244   Section        0  libinit2.o(.ARM.Collect$$libinit$$00000032)
    .ARM.Collect$$libinit$$00000034          0x08000244   Section        0  libinit2.o(.ARM.Collect$$libinit$$00000034)
    .ARM.Collect$$libinit$$00000035          0x08000244   Section        2  libinit2.o(.ARM.Collect$$libinit$$00000035)
    .ARM.Collect$$libshutdown$$00000000      0x08000246   Section        2  libshutdown.o(.ARM.Collect$$libshutdown$$00000000)
    .ARM.Collect$$libshutdown$$00000002      0x08000248   Section        0  libshutdown2.o(.ARM.Collect$$libshutdown$$00000002)
    .ARM.Collect$$libshutdown$$00000003      0x08000248   Section        4  libshutdown2.o(.ARM.Collect$$libshutdown$$00000003)
    .ARM.Collect$$libshutdown$$00000004      0x0800024c   Section        0  libshutdown2.o(.ARM.Collect$$libshutdown$$00000004)
    .ARM.Collect$$libshutdown$$00000007      0x0800024c   Section        0  libshutdown2.o(.ARM.Collect$$libshutdown$$00000007)
    .ARM.Collect$$libshutdown$$0000000A      0x0800024c   Section        0  libshutdown2.o(.ARM.Collect$$libshutdown$$0000000A)
    .ARM.Collect$$libshutdown$$0000000C      0x0800024c   Section        0  libshutdown2.o(.ARM.Collect$$libshutdown$$0000000C)
    .ARM.Collect$$libshutdown$$0000000F      0x0800024c   Section        0  libshutdown2.o(.ARM.Collect$$libshutdown$$0000000F)
    .ARM.Collect$$libshutdown$$00000010      0x0800024c   Section        2  libshutdown2.o(.ARM.Collect$$libshutdown$$00000010)
    .ARM.Collect$$rtentry$$00000000          0x0800024e   Section        0  __rtentry.o(.ARM.Collect$$rtentry$$00000000)
    .ARM.Collect$$rtentry$$00000002          0x0800024e   Section        0  __rtentry2.o(.ARM.Collect$$rtentry$$00000002)
    .ARM.Collect$$rtentry$$00000004          0x0800024e   Section        6  __rtentry4.o(.ARM.Collect$$rtentry$$00000004)
    .ARM.Collect$$rtentry$$00000009          0x08000254   Section        0  __rtentry2.o(.ARM.Collect$$rtentry$$00000009)
    .ARM.Collect$$rtentry$$0000000A          0x08000254   Section        4  __rtentry2.o(.ARM.Collect$$rtentry$$0000000A)
    .ARM.Collect$$rtentry$$0000000C          0x08000258   Section        0  __rtentry2.o(.ARM.Collect$$rtentry$$0000000C)
    .ARM.Collect$$rtentry$$0000000D          0x08000258   Section        8  __rtentry2.o(.ARM.Collect$$rtentry$$0000000D)
    .ARM.Collect$$rtexit$$00000000           0x08000260   Section        2  rtexit.o(.ARM.Collect$$rtexit$$00000000)
    .ARM.Collect$$rtexit$$00000002           0x08000262   Section        0  rtexit2.o(.ARM.Collect$$rtexit$$00000002)
    .ARM.Collect$$rtexit$$00000003           0x08000262   Section        4  rtexit2.o(.ARM.Collect$$rtexit$$00000003)
    .ARM.Collect$$rtexit$$00000004           0x08000266   Section        6  rtexit2.o(.ARM.Collect$$rtexit$$00000004)
    $v0                                      0x0800026c   Number         0  startup_stm32f407xx.o(.text)
    .text                                    0x0800026c   Section       64  startup_stm32f407xx.o(.text)
    .text                                    0x080002ac   Section      240  lludivv7m.o(.text)
    .text                                    0x0800039c   Section        0  noretval__2printf.o(.text)
    .text                                    0x080003b4   Section        0  __printf.o(.text)
    .text                                    0x0800041c   Section        0  _printf_dec.o(.text)
    .text                                    0x08000494   Section       78  rt_memclr_w.o(.text)
    .text                                    0x080004e2   Section        0  heapauxi.o(.text)
    .text                                    0x080004e8   Section        0  _printf_intcommon.o(.text)
    .text                                    0x0800059c   Section        0  _printf_char_file.o(.text)
    _printf_input_char                       0x080005c1   Thumb Code    10  _printf_char_common.o(.text)
    .text                                    0x080005c0   Section        0  _printf_char_common.o(.text)
    .text                                    0x080005f0   Section        0  ferror.o(.text)
    .text                                    0x080005f8   Section        0  initio.o(.text)
    .text                                    0x08000730   Section       74  sys_stackheap_outer.o(.text)
    .text                                    0x0800077a   Section        0  h1_free.o(.text)
    .text                                    0x080007c8   Section        0  flsbuf.o(.text)
    .text                                    0x080009aa   Section        0  setvbuf.o(.text)
    _freopen_locked                          0x080009f1   Thumb Code     0  fopen.o(.text)
    .text                                    0x080009f0   Section        0  fopen.o(.text)
    .text                                    0x08000ae0   Section        0  fclose.o(.text)
    .text                                    0x08000b2c   Section        0  exit.o(.text)
    .text                                    0x08000b3e   Section        0  defsig_rtred_outer.o(.text)
    .text                                    0x08000b4c   Section        0  sys_io.o(.text)
    .text                                    0x08000bb4   Section        8  libspace.o(.text)
    .text                                    0x08000bbc   Section        8  rt_heap_descriptor_intlibspace.o(.text)
    .text                                    0x08000bc4   Section        0  hguard.o(.text)
    .text                                    0x08000bc8   Section        0  init_alloc.o(.text)
    .text                                    0x08000c52   Section        0  h1_alloc.o(.text)
    .text                                    0x08000cb0   Section        0  fseek.o(.text)
    .text                                    0x08000da8   Section        0  stdio.o(.text)
    .text                                    0x08000eb0   Section        0  defsig_exit.o(.text)
    .text                                    0x08000ebc   Section        0  defsig_rtred_inner.o(.text)
    .text                                    0x08000ef0   Section        0  sys_exit.o(.text)
    .text                                    0x08000efc   Section        2  use_no_semi.o(.text)
    .text                                    0x08000efe   Section        0  indicate_semi.o(.text)
    .text                                    0x08000efe   Section        0  maybetermalloc1.o(.text)
    .text                                    0x08000efe   Section        0  h1_init.o(.text)
    .text                                    0x08000f0a   Section        0  h1_extend.o(.text)
    .text                                    0x08000f3e   Section        0  ftell.o(.text)
    .text                                    0x08000f80   Section        0  defsig_general.o(.text)
    .text                                    0x08000fb2   Section        0  defsig_rtmem_outer.o(.text)
    .text                                    0x08000fc0   Section        0  strlen.o(.text)
    .text                                    0x08000ffe   Section        0  sys_wrch.o(.text)
    .text                                    0x0800100c   Section        8  rt_errno_addr_intlibspace.o(.text)
    .text                                    0x08001014   Section        0  defsig_rtmem_inner.o(.text)
    [Anonymous Symbol]                       0x08001064   Section        0  stm32f4xx_it_1.o(.text.BusFault_Handler)
    [Anonymous Symbol]                       0x08001068   Section        0  stm32f4xx_it_1.o(.text.DebugMon_Handler)
    [Anonymous Symbol]                       0x0800106c   Section        0  main_1.o(.text.Error_Handler)
    [Anonymous Symbol]                       0x08001078   Section        0  stm32f4xx_hal_dma.o(.text.HAL_DMA_Abort)
    [Anonymous Symbol]                       0x08001108   Section        0  stm32f4xx_hal_dma.o(.text.HAL_DMA_Abort_IT)
    [Anonymous Symbol]                       0x0800112c   Section        0  stm32f4xx_hal_gpio.o(.text.HAL_GPIO_Init)
    [Anonymous Symbol]                       0x080012cc   Section        0  stm32f4xx_hal_gpio.o(.text.HAL_GPIO_WritePin)
    [Anonymous Symbol]                       0x080012d8   Section        0  stm32f4xx_hal.o(.text.HAL_GetTick)
    [Anonymous Symbol]                       0x080012e4   Section        0  stm32f4xx_hal.o(.text.HAL_IncTick)
    [Anonymous Symbol]                       0x08001300   Section        0  stm32f4xx_hal.o(.text.HAL_Init)
    [Anonymous Symbol]                       0x08001338   Section        0  stm32f4xx_hal.o(.text.HAL_InitTick)
    [Anonymous Symbol]                       0x08001380   Section        0  stm32f4xx_hal_msp_1.o(.text.HAL_MspInit)
    [Anonymous Symbol]                       0x080013b8   Section        0  stm32f4xx_hal_cortex.o(.text.HAL_NVIC_EnableIRQ)
    [Anonymous Symbol]                       0x080013dc   Section        0  stm32f4xx_hal_cortex.o(.text.HAL_NVIC_SetPriority)
    [Anonymous Symbol]                       0x08001434   Section        0  stm32f4xx_hal_cortex.o(.text.HAL_NVIC_SetPriorityGrouping)
    [Anonymous Symbol]                       0x08001454   Section        0  stm32f4xx_hal_rcc.o(.text.HAL_RCC_ClockConfig)
    [Anonymous Symbol]                       0x080015b8   Section        0  stm32f4xx_hal_rcc.o(.text.HAL_RCC_GetPCLK1Freq)
    [Anonymous Symbol]                       0x080015e0   Section        0  stm32f4xx_hal_rcc.o(.text.HAL_RCC_GetPCLK2Freq)
    [Anonymous Symbol]                       0x08001608   Section        0  stm32f4xx_hal_rcc.o(.text.HAL_RCC_GetSysClockFreq)
    [Anonymous Symbol]                       0x08001674   Section        0  stm32f4xx_hal_rcc.o(.text.HAL_RCC_OscConfig)
    [Anonymous Symbol]                       0x08001a20   Section        0  stm32f4xx_hal_cortex.o(.text.HAL_SYSTICK_Config)
    [Anonymous Symbol]                       0x08001a4c   Section        0  stm32f4xx_hal_tim_ex.o(.text.HAL_TIMEx_BreakCallback)
    [Anonymous Symbol]                       0x08001a50   Section        0  stm32f4xx_hal_tim_ex.o(.text.HAL_TIMEx_CommutCallback)
    [Anonymous Symbol]                       0x08001a54   Section        0  stm32f4xx_hal_tim_ex.o(.text.HAL_TIMEx_ConfigBreakDeadTime)
    [Anonymous Symbol]                       0x08001aa0   Section        0  stm32f4xx_hal_tim_ex.o(.text.HAL_TIMEx_MasterConfigSynchronization)
    [Anonymous Symbol]                       0x08001b5c   Section        0  stm32f4xx_hal_tim.o(.text.HAL_TIM_Base_Init)
    [Anonymous Symbol]                       0x08001bb8   Section        0  tim_1.o(.text.HAL_TIM_Base_MspInit)
    [Anonymous Symbol]                       0x08001c24   Section        0  stm32f4xx_hal_tim.o(.text.HAL_TIM_Base_Start)
    [Anonymous Symbol]                       0x08001cc8   Section        0  stm32f4xx_hal_tim.o(.text.HAL_TIM_ConfigClockSource)
    [Anonymous Symbol]                       0x08001e68   Section        0  stm32f4xx_hal_tim.o(.text.HAL_TIM_IC_CaptureCallback)
    [Anonymous Symbol]                       0x08001e6c   Section        0  stm32f4xx_hal_tim.o(.text.HAL_TIM_IRQHandler)
    [Anonymous Symbol]                       0x08001fdc   Section        0  tim_1.o(.text.HAL_TIM_MspPostInit)
    [Anonymous Symbol]                       0x080020a4   Section        0  stm32f4xx_hal_tim.o(.text.HAL_TIM_OC_ConfigChannel)
    [Anonymous Symbol]                       0x08002258   Section        0  stm32f4xx_hal_tim.o(.text.HAL_TIM_OC_DelayElapsedCallback)
    [Anonymous Symbol]                       0x0800225c   Section        0  stm32f4xx_hal_tim.o(.text.HAL_TIM_OC_Init)
    [Anonymous Symbol]                       0x080022b8   Section        0  stm32f4xx_hal_tim.o(.text.HAL_TIM_OC_MspInit)
    [Anonymous Symbol]                       0x080022bc   Section        0  stm32f4xx_hal_tim.o(.text.HAL_TIM_PWM_ConfigChannel)
    [Anonymous Symbol]                       0x080024dc   Section        0  stm32f4xx_hal_tim.o(.text.HAL_TIM_PWM_Init)
    [Anonymous Symbol]                       0x08002538   Section        0  stm32f4xx_hal_tim.o(.text.HAL_TIM_PWM_MspInit)
    [Anonymous Symbol]                       0x0800253c   Section        0  stm32f4xx_hal_tim.o(.text.HAL_TIM_PWM_PulseFinishedCallback)
    [Anonymous Symbol]                       0x08002540   Section        0  stm32f4xx_hal_tim.o(.text.HAL_TIM_PeriodElapsedCallback)
    [Anonymous Symbol]                       0x08002544   Section        0  stm32f4xx_hal_tim.o(.text.HAL_TIM_TriggerCallback)
    [Anonymous Symbol]                       0x08002548   Section        0  stm32f4xx_hal_uart.o(.text.HAL_UARTEx_RxEventCallback)
    [Anonymous Symbol]                       0x0800254c   Section        0  stm32f4xx_hal_uart.o(.text.HAL_UART_ErrorCallback)
    [Anonymous Symbol]                       0x08002550   Section        0  stm32f4xx_hal_uart.o(.text.HAL_UART_IRQHandler)
    [Anonymous Symbol]                       0x08002ab8   Section        0  stm32f4xx_hal_uart.o(.text.HAL_UART_Init)
    [Anonymous Symbol]                       0x08002b18   Section        0  usart_1.o(.text.HAL_UART_MspInit)
    [Anonymous Symbol]                       0x08002bf8   Section        0  stm32f4xx_hal_uart.o(.text.HAL_UART_Receive_IT)
    [Anonymous Symbol]                       0x08002c58   Section        0  usart_1.o(.text.HAL_UART_RxCpltCallback)
    [Anonymous Symbol]                       0x08002c8c   Section        0  stm32f4xx_hal_uart.o(.text.HAL_UART_TxCpltCallback)
    [Anonymous Symbol]                       0x08002c90   Section        0  stm32f4xx_it_1.o(.text.HardFault_Handler)
    [Anonymous Symbol]                       0x08002c94   Section        0  gpio_1.o(.text.MX_GPIO_Init)
    [Anonymous Symbol]                       0x08002d58   Section        0  tim_1.o(.text.MX_TIM1_Init)
    [Anonymous Symbol]                       0x08002e78   Section        0  tim_1.o(.text.MX_TIM2_Init)
    [Anonymous Symbol]                       0x08002f5c   Section        0  usart_1.o(.text.MX_UART4_Init)
    [Anonymous Symbol]                       0x08002f98   Section        0  usart_1.o(.text.MX_USART1_UART_Init)
    [Anonymous Symbol]                       0x08002fd4   Section        0  stm32f4xx_it_1.o(.text.MemManage_Handler)
    [Anonymous Symbol]                       0x08002fd8   Section        0  stm32f4xx_it_1.o(.text.NMI_Handler)
    [Anonymous Symbol]                       0x08002fdc   Section        0  openmv.o(.text.Openmv_Receive_Data)
    [Anonymous Symbol]                       0x080030ec   Section        0  stm32f4xx_it_1.o(.text.PendSV_Handler)
    [Anonymous Symbol]                       0x080030f0   Section        0  stm32f4xx_it_1.o(.text.SVC_Handler)
    [Anonymous Symbol]                       0x080030f4   Section        0  stm32f4xx_it_1.o(.text.SysTick_Handler)
    [Anonymous Symbol]                       0x080030f8   Section        0  main_1.o(.text.SystemClock_Config)
    [Anonymous Symbol]                       0x080031a8   Section        0  system_stm32f4xx.o(.text.SystemInit)
    [Anonymous Symbol]                       0x080031bc   Section        0  stm32f4xx_it_1.o(.text.TIM2_IRQHandler)
    [Anonymous Symbol]                       0x080031c8   Section        0  stm32f4xx_hal_tim.o(.text.TIM_Base_SetConfig)
    UART_DMAAbortOnError                     0x080032fd   Thumb Code    12  stm32f4xx_hal_uart.o(.text.UART_DMAAbortOnError)
    [Anonymous Symbol]                       0x080032fc   Section        0  stm32f4xx_hal_uart.o(.text.UART_DMAAbortOnError)
    UART_Receive_IT                          0x08003309   Thumb Code   254  stm32f4xx_hal_uart.o(.text.UART_Receive_IT)
    [Anonymous Symbol]                       0x08003308   Section        0  stm32f4xx_hal_uart.o(.text.UART_Receive_IT)
    UART_SetConfig                           0x08003409   Thumb Code   230  stm32f4xx_hal_uart.o(.text.UART_SetConfig)
    [Anonymous Symbol]                       0x08003408   Section        0  stm32f4xx_hal_uart.o(.text.UART_SetConfig)
    [Anonymous Symbol]                       0x080034f0   Section        0  stm32f4xx_it_1.o(.text.USART1_IRQHandler)
    [Anonymous Symbol]                       0x080034fc   Section        0  stm32f4xx_it_1.o(.text.UsageFault_Handler)
    [Anonymous Symbol]                       0x08003500   Section        0  main_1.o(.text.main)
    i.fputc                                  0x0800353e   Section        0  fputc.o(i.fputc)
    $v0                                      0x0800355a   Number         0  fpinit.o(x$fpl$fpinit)
    x$fpl$fpinit                             0x0800355a   Section       26  fpinit.o(x$fpl$fpinit)
    .constdata                               0x08003574   Section        4  sys_io_names.o(.constdata)
    .constdata                               0x08003578   Section        4  sys_io_names.o(.constdata)
    .constdata                               0x0800357c   Section        4  sys_io_names.o(.constdata)
    .L.str                                   0x08003598   Data           7  openmv.o(.rodata.str1.1)
    [Anonymous Symbol]                       0x08003598   Section        0  openmv.o(.rodata.str1.1)
    .data                                    0x20000000   Section        4  stdio_streams.o(.data)
    .data                                    0x20000004   Section        4  stdio_streams.o(.data)
    .data                                    0x20000008   Section        4  stdio_streams.o(.data)
    .L_MergedGlobals                         0x2000000c   Data           8  stm32f4xx_hal.o(.data..L_MergedGlobals)
    [Anonymous Symbol]                       0x2000000c   Section        0  stm32f4xx_hal.o(.data..L_MergedGlobals)
    .bss                                     0x20000018   Section       84  stdio_streams.o(.bss)
    .bss                                     0x2000006c   Section       84  stdio_streams.o(.bss)
    .bss                                     0x200000c0   Section       84  stdio_streams.o(.bss)
    .bss                                     0x20000114   Section       96  libspace.o(.bss)
    .L_MergedGlobals                         0x20000174   Data          26  openmv.o(.bss..L_MergedGlobals)
    Openmv_Receive_Data.RxCounter1           0x20000174   Data           1  openmv.o(.bss..L_MergedGlobals)
    [Anonymous Symbol]                       0x20000174   Section        0  openmv.o(.bss..L_MergedGlobals)
    Openmv_Receive_Data.RxState              0x20000175   Data           1  openmv.o(.bss..L_MergedGlobals)
    Cy                                       0x20000176   Data           1  openmv.o(.bss..L_MergedGlobals)
    Cw                                       0x20000177   Data           1  openmv.o(.bss..L_MergedGlobals)
    Ch                                       0x20000178   Data           1  openmv.o(.bss..L_MergedGlobals)
    Openmv_Receive_Data.RxBuffer1            0x2000017a   Data          20  openmv.o(.bss..L_MergedGlobals)
    Heap_Mem                                 0x200002b0   Data         512  startup_stm32f407xx.o(HEAP)
    HEAP                                     0x200002b0   Section      512  startup_stm32f407xx.o(HEAP)
    Stack_Mem                                0x200004b0   Data        1024  startup_stm32f407xx.o(STACK)
    STACK                                    0x200004b0   Section     1024  startup_stm32f407xx.o(STACK)
    __initial_sp                             0x200008b0   Data           0  startup_stm32f407xx.o(STACK)

    Global Symbols

    Symbol Name                              Value     Ov Type        Size  Object(Section)

    BuildAttributes$$THM_ISAv4$E$P$D$K$B$S$7EM$VFPi3$EXTD16$VFPS$VFMA$PE$A:L22UL41UL21$X:L11$S22US41US21$IEEE1$IW$~IW$USESV6$~STKCKD$USESV7$~SHL$OTIME$ROPI$EBA8$UX$STANDARDLIB$REQ8$PRES8$EABIv2 0x00000000   Number         0  anon$$obj.o ABSOLUTE
    __ARM_exceptions_init                     - Undefined Weak Reference
    __alloca_initialize                       - Undefined Weak Reference
    __arm_preinit_                            - Undefined Weak Reference
    __arm_relocate_pie_                       - Undefined Weak Reference
    __cpp_initialize__aeabi_                  - Undefined Weak Reference
    __cxa_finalize                            - Undefined Weak Reference
    __rt_locale                               - Undefined Weak Reference
    __sigvec_lookup                           - Undefined Weak Reference
    __user_heap_extent                        - Undefined Weak Reference
    _atexit_init                              - Undefined Weak Reference
    _call_atexit_fns                          - Undefined Weak Reference
    _clock_init                               - Undefined Weak Reference
    _fp_trap_init                             - Undefined Weak Reference
    _fp_trap_shutdown                         - Undefined Weak Reference
    _get_lc_collate                           - Undefined Weak Reference
    _get_lc_ctype                             - Undefined Weak Reference
    _get_lc_monetary                          - Undefined Weak Reference
    _get_lc_numeric                           - Undefined Weak Reference
    _get_lc_time                              - Undefined Weak Reference
    _getenv_init                              - Undefined Weak Reference
    _handle_redirection                       - Undefined Weak Reference
    _mutex_acquire                            - Undefined Weak Reference
    _mutex_free                               - Undefined Weak Reference
    _mutex_release                            - Undefined Weak Reference
    _printf_post_padding                      - Undefined Weak Reference
    _printf_pre_padding                       - Undefined Weak Reference
    _printf_truncate_signed                   - Undefined Weak Reference
    _printf_truncate_unsigned                 - Undefined Weak Reference
    _rand_init                                - Undefined Weak Reference
    _signal_finish                            - Undefined Weak Reference
    _signal_init                              - Undefined Weak Reference
    __Vectors_Size                           0x00000188   Number         0  startup_stm32f407xx.o ABSOLUTE
    __Vectors                                0x08000000   Data           4  startup_stm32f407xx.o(RESET)
    __Vectors_End                            0x08000188   Data           0  startup_stm32f407xx.o(RESET)
    __main                                   0x08000189   Thumb Code     8  __main.o(!!!main)
    __scatterload                            0x08000191   Thumb Code     0  __scatter.o(!!!scatter)
    __scatterload_rt2                        0x08000191   Thumb Code    84  __scatter.o(!!!scatter)
    __scatterload_rt2_thumb_only             0x08000191   Thumb Code     0  __scatter.o(!!!scatter)
    __scatterload_loop                       0x0800019b   Thumb Code     0  __scatter.o(!!!scatter)
    __scatterload_copy                       0x080001ed   Thumb Code    26  __scatter_copy.o(!!handler_copy)
    __scatterload_null                       0x08000209   Thumb Code     2  __scatter.o(!!handler_null)
    __scatterload_zeroinit                   0x0800020d   Thumb Code    28  __scatter_zi.o(!!handler_zi)
    _printf_d                                0x08000229   Thumb Code     0  _printf_d.o(.ARM.Collect$$_printf_percent$$00000009)
    _printf_percent                          0x08000229   Thumb Code     0  _printf_percent.o(.ARM.Collect$$_printf_percent$$00000000)
    _printf_percent_end                      0x0800022f   Thumb Code     0  _printf_percent_end.o(.ARM.Collect$$_printf_percent$$00000017)
    __rt_lib_init                            0x08000233   Thumb Code     0  libinit.o(.ARM.Collect$$libinit$$00000000)
    __rt_lib_init_fp_1                       0x08000235   Thumb Code     0  libinit2.o(.ARM.Collect$$libinit$$00000001)
    __rt_lib_init_heap_2                     0x08000239   Thumb Code     0  libinit2.o(.ARM.Collect$$libinit$$00000007)
    __rt_lib_init_preinit_1                  0x08000239   Thumb Code     0  libinit2.o(.ARM.Collect$$libinit$$00000006)
    __rt_lib_init_relocate_pie_1             0x08000239   Thumb Code     0  libinit2.o(.ARM.Collect$$libinit$$00000004)
    __rt_lib_init_atexit_1                   0x08000241   Thumb Code     0  libinit2.o(.ARM.Collect$$libinit$$0000001D)
    __rt_lib_init_clock_1                    0x08000241   Thumb Code     0  libinit2.o(.ARM.Collect$$libinit$$00000023)
    __rt_lib_init_fp_trap_1                  0x08000241   Thumb Code     0  libinit2.o(.ARM.Collect$$libinit$$00000021)
    __rt_lib_init_getenv_1                   0x08000241   Thumb Code     0  libinit2.o(.ARM.Collect$$libinit$$00000025)
    __rt_lib_init_heap_1                     0x08000241   Thumb Code     0  libinit2.o(.ARM.Collect$$libinit$$0000000C)
    __rt_lib_init_lc_collate_1               0x08000241   Thumb Code     0  libinit2.o(.ARM.Collect$$libinit$$00000013)
    __rt_lib_init_lc_ctype_1                 0x08000241   Thumb Code     0  libinit2.o(.ARM.Collect$$libinit$$00000015)
    __rt_lib_init_lc_monetary_1              0x08000241   Thumb Code     0  libinit2.o(.ARM.Collect$$libinit$$00000017)
    __rt_lib_init_lc_numeric_1               0x08000241   Thumb Code     0  libinit2.o(.ARM.Collect$$libinit$$00000019)
    __rt_lib_init_lc_time_1                  0x08000241   Thumb Code     0  libinit2.o(.ARM.Collect$$libinit$$0000001B)
    __rt_lib_init_rand_1                     0x08000241   Thumb Code     0  libinit2.o(.ARM.Collect$$libinit$$00000010)
    __rt_lib_init_signal_1                   0x08000241   Thumb Code     0  libinit2.o(.ARM.Collect$$libinit$$0000001F)
    __rt_lib_init_stdio_2                    0x08000241   Thumb Code     0  libinit2.o(.ARM.Collect$$libinit$$00000026)
    __rt_lib_init_user_alloc_1               0x08000241   Thumb Code     0  libinit2.o(.ARM.Collect$$libinit$$0000000E)
    __rt_lib_init_alloca_1                   0x08000245   Thumb Code     0  libinit2.o(.ARM.Collect$$libinit$$00000030)
    __rt_lib_init_argv_1                     0x08000245   Thumb Code     0  libinit2.o(.ARM.Collect$$libinit$$0000002E)
    __rt_lib_init_cpp_1                      0x08000245   Thumb Code     0  libinit2.o(.ARM.Collect$$libinit$$00000034)
    __rt_lib_init_exceptions_1               0x08000245   Thumb Code     0  libinit2.o(.ARM.Collect$$libinit$$00000032)
    __rt_lib_init_return                     0x08000245   Thumb Code     0  libinit2.o(.ARM.Collect$$libinit$$00000035)
    __rt_lib_init_stdio_1                    0x08000245   Thumb Code     0  libinit2.o(.ARM.Collect$$libinit$$00000027)
    __rt_lib_shutdown                        0x08000247   Thumb Code     0  libshutdown.o(.ARM.Collect$$libshutdown$$00000000)
    __rt_lib_shutdown_cpp_1                  0x08000249   Thumb Code     0  libshutdown2.o(.ARM.Collect$$libshutdown$$00000002)
    __rt_lib_shutdown_stdio_2                0x08000249   Thumb Code     0  libshutdown2.o(.ARM.Collect$$libshutdown$$00000003)
    __rt_lib_shutdown_fp_trap_1              0x0800024d   Thumb Code     0  libshutdown2.o(.ARM.Collect$$libshutdown$$00000007)
    __rt_lib_shutdown_heap_1                 0x0800024d   Thumb Code     0  libshutdown2.o(.ARM.Collect$$libshutdown$$0000000F)
    __rt_lib_shutdown_return                 0x0800024d   Thumb Code     0  libshutdown2.o(.ARM.Collect$$libshutdown$$00000010)
    __rt_lib_shutdown_signal_1               0x0800024d   Thumb Code     0  libshutdown2.o(.ARM.Collect$$libshutdown$$0000000A)
    __rt_lib_shutdown_stdio_1                0x0800024d   Thumb Code     0  libshutdown2.o(.ARM.Collect$$libshutdown$$00000004)
    __rt_lib_shutdown_user_alloc_1           0x0800024d   Thumb Code     0  libshutdown2.o(.ARM.Collect$$libshutdown$$0000000C)
    __rt_entry                               0x0800024f   Thumb Code     0  __rtentry.o(.ARM.Collect$$rtentry$$00000000)
    __rt_entry_presh_1                       0x0800024f   Thumb Code     0  __rtentry2.o(.ARM.Collect$$rtentry$$00000002)
    __rt_entry_sh                            0x0800024f   Thumb Code     0  __rtentry4.o(.ARM.Collect$$rtentry$$00000004)
    __rt_entry_li                            0x08000255   Thumb Code     0  __rtentry2.o(.ARM.Collect$$rtentry$$0000000A)
    __rt_entry_postsh_1                      0x08000255   Thumb Code     0  __rtentry2.o(.ARM.Collect$$rtentry$$00000009)
    __rt_entry_main                          0x08000259   Thumb Code     0  __rtentry2.o(.ARM.Collect$$rtentry$$0000000D)
    __rt_entry_postli_1                      0x08000259   Thumb Code     0  __rtentry2.o(.ARM.Collect$$rtentry$$0000000C)
    __rt_exit                                0x08000261   Thumb Code     0  rtexit.o(.ARM.Collect$$rtexit$$00000000)
    __rt_exit_ls                             0x08000263   Thumb Code     0  rtexit2.o(.ARM.Collect$$rtexit$$00000003)
    __rt_exit_prels_1                        0x08000263   Thumb Code     0  rtexit2.o(.ARM.Collect$$rtexit$$00000002)
    __rt_exit_exit                           0x08000267   Thumb Code     0  rtexit2.o(.ARM.Collect$$rtexit$$00000004)
    Reset_Handler                            0x0800026d   Thumb Code     8  startup_stm32f407xx.o(.text)
    ADC_IRQHandler                           0x08000287   Thumb Code     0  startup_stm32f407xx.o(.text)
    CAN1_RX0_IRQHandler                      0x08000287   Thumb Code     0  startup_stm32f407xx.o(.text)
    CAN1_RX1_IRQHandler                      0x08000287   Thumb Code     0  startup_stm32f407xx.o(.text)
    CAN1_SCE_IRQHandler                      0x08000287   Thumb Code     0  startup_stm32f407xx.o(.text)
    CAN1_TX_IRQHandler                       0x08000287   Thumb Code     0  startup_stm32f407xx.o(.text)
    CAN2_RX0_IRQHandler                      0x08000287   Thumb Code     0  startup_stm32f407xx.o(.text)
    CAN2_RX1_IRQHandler                      0x08000287   Thumb Code     0  startup_stm32f407xx.o(.text)
    CAN2_SCE_IRQHandler                      0x08000287   Thumb Code     0  startup_stm32f407xx.o(.text)
    CAN2_TX_IRQHandler                       0x08000287   Thumb Code     0  startup_stm32f407xx.o(.text)
    DCMI_IRQHandler                          0x08000287   Thumb Code     0  startup_stm32f407xx.o(.text)
    DMA1_Stream0_IRQHandler                  0x08000287   Thumb Code     0  startup_stm32f407xx.o(.text)
    DMA1_Stream1_IRQHandler                  0x08000287   Thumb Code     0  startup_stm32f407xx.o(.text)
    DMA1_Stream2_IRQHandler                  0x08000287   Thumb Code     0  startup_stm32f407xx.o(.text)
    DMA1_Stream3_IRQHandler                  0x08000287   Thumb Code     0  startup_stm32f407xx.o(.text)
    DMA1_Stream4_IRQHandler                  0x08000287   Thumb Code     0  startup_stm32f407xx.o(.text)
    DMA1_Stream5_IRQHandler                  0x08000287   Thumb Code     0  startup_stm32f407xx.o(.text)
    DMA1_Stream6_IRQHandler                  0x08000287   Thumb Code     0  startup_stm32f407xx.o(.text)
    DMA1_Stream7_IRQHandler                  0x08000287   Thumb Code     0  startup_stm32f407xx.o(.text)
    DMA2_Stream0_IRQHandler                  0x08000287   Thumb Code     0  startup_stm32f407xx.o(.text)
    DMA2_Stream1_IRQHandler                  0x08000287   Thumb Code     0  startup_stm32f407xx.o(.text)
    DMA2_Stream2_IRQHandler                  0x08000287   Thumb Code     0  startup_stm32f407xx.o(.text)
    DMA2_Stream3_IRQHandler                  0x08000287   Thumb Code     0  startup_stm32f407xx.o(.text)
    DMA2_Stream4_IRQHandler                  0x08000287   Thumb Code     0  startup_stm32f407xx.o(.text)
    DMA2_Stream5_IRQHandler                  0x08000287   Thumb Code     0  startup_stm32f407xx.o(.text)
    DMA2_Stream6_IRQHandler                  0x08000287   Thumb Code     0  startup_stm32f407xx.o(.text)
    DMA2_Stream7_IRQHandler                  0x08000287   Thumb Code     0  startup_stm32f407xx.o(.text)
    ETH_IRQHandler                           0x08000287   Thumb Code     0  startup_stm32f407xx.o(.text)
    ETH_WKUP_IRQHandler                      0x08000287   Thumb Code     0  startup_stm32f407xx.o(.text)
    EXTI0_IRQHandler                         0x08000287   Thumb Code     0  startup_stm32f407xx.o(.text)
    EXTI15_10_IRQHandler                     0x08000287   Thumb Code     0  startup_stm32f407xx.o(.text)
    EXTI1_IRQHandler                         0x08000287   Thumb Code     0  startup_stm32f407xx.o(.text)
    EXTI2_IRQHandler                         0x08000287   Thumb Code     0  startup_stm32f407xx.o(.text)
    EXTI3_IRQHandler                         0x08000287   Thumb Code     0  startup_stm32f407xx.o(.text)
    EXTI4_IRQHandler                         0x08000287   Thumb Code     0  startup_stm32f407xx.o(.text)
    EXTI9_5_IRQHandler                       0x08000287   Thumb Code     0  startup_stm32f407xx.o(.text)
    FLASH_IRQHandler                         0x08000287   Thumb Code     0  startup_stm32f407xx.o(.text)
    FMC_IRQHandler                           0x08000287   Thumb Code     0  startup_stm32f407xx.o(.text)
    FPU_IRQHandler                           0x08000287   Thumb Code     0  startup_stm32f407xx.o(.text)
    HASH_RNG_IRQHandler                      0x08000287   Thumb Code     0  startup_stm32f407xx.o(.text)
    I2C1_ER_IRQHandler                       0x08000287   Thumb Code     0  startup_stm32f407xx.o(.text)
    I2C1_EV_IRQHandler                       0x08000287   Thumb Code     0  startup_stm32f407xx.o(.text)
    I2C2_ER_IRQHandler                       0x08000287   Thumb Code     0  startup_stm32f407xx.o(.text)
    I2C2_EV_IRQHandler                       0x08000287   Thumb Code     0  startup_stm32f407xx.o(.text)
    I2C3_ER_IRQHandler                       0x08000287   Thumb Code     0  startup_stm32f407xx.o(.text)
    I2C3_EV_IRQHandler                       0x08000287   Thumb Code     0  startup_stm32f407xx.o(.text)
    OTG_FS_IRQHandler                        0x08000287   Thumb Code     0  startup_stm32f407xx.o(.text)
    OTG_FS_WKUP_IRQHandler                   0x08000287   Thumb Code     0  startup_stm32f407xx.o(.text)
    OTG_HS_EP1_IN_IRQHandler                 0x08000287   Thumb Code     0  startup_stm32f407xx.o(.text)
    OTG_HS_EP1_OUT_IRQHandler                0x08000287   Thumb Code     0  startup_stm32f407xx.o(.text)
    OTG_HS_IRQHandler                        0x08000287   Thumb Code     0  startup_stm32f407xx.o(.text)
    OTG_HS_WKUP_IRQHandler                   0x08000287   Thumb Code     0  startup_stm32f407xx.o(.text)
    PVD_IRQHandler                           0x08000287   Thumb Code     0  startup_stm32f407xx.o(.text)
    RCC_IRQHandler                           0x08000287   Thumb Code     0  startup_stm32f407xx.o(.text)
    RTC_Alarm_IRQHandler                     0x08000287   Thumb Code     0  startup_stm32f407xx.o(.text)
    RTC_WKUP_IRQHandler                      0x08000287   Thumb Code     0  startup_stm32f407xx.o(.text)
    SDIO_IRQHandler                          0x08000287   Thumb Code     0  startup_stm32f407xx.o(.text)
    SPI1_IRQHandler                          0x08000287   Thumb Code     0  startup_stm32f407xx.o(.text)
    SPI2_IRQHandler                          0x08000287   Thumb Code     0  startup_stm32f407xx.o(.text)
    SPI3_IRQHandler                          0x08000287   Thumb Code     0  startup_stm32f407xx.o(.text)
    TAMP_STAMP_IRQHandler                    0x08000287   Thumb Code     0  startup_stm32f407xx.o(.text)
    TIM1_BRK_TIM9_IRQHandler                 0x08000287   Thumb Code     0  startup_stm32f407xx.o(.text)
    TIM1_CC_IRQHandler                       0x08000287   Thumb Code     0  startup_stm32f407xx.o(.text)
    TIM1_TRG_COM_TIM11_IRQHandler            0x08000287   Thumb Code     0  startup_stm32f407xx.o(.text)
    TIM1_UP_TIM10_IRQHandler                 0x08000287   Thumb Code     0  startup_stm32f407xx.o(.text)
    TIM3_IRQHandler                          0x08000287   Thumb Code     0  startup_stm32f407xx.o(.text)
    TIM4_IRQHandler                          0x08000287   Thumb Code     0  startup_stm32f407xx.o(.text)
    TIM5_IRQHandler                          0x08000287   Thumb Code     0  startup_stm32f407xx.o(.text)
    TIM6_DAC_IRQHandler                      0x08000287   Thumb Code     0  startup_stm32f407xx.o(.text)
    TIM7_IRQHandler                          0x08000287   Thumb Code     0  startup_stm32f407xx.o(.text)
    TIM8_BRK_TIM12_IRQHandler                0x08000287   Thumb Code     0  startup_stm32f407xx.o(.text)
    TIM8_CC_IRQHandler                       0x08000287   Thumb Code     0  startup_stm32f407xx.o(.text)
    TIM8_TRG_COM_TIM14_IRQHandler            0x08000287   Thumb Code     0  startup_stm32f407xx.o(.text)
    TIM8_UP_TIM13_IRQHandler                 0x08000287   Thumb Code     0  startup_stm32f407xx.o(.text)
    UART4_IRQHandler                         0x08000287   Thumb Code     0  startup_stm32f407xx.o(.text)
    UART5_IRQHandler                         0x08000287   Thumb Code     0  startup_stm32f407xx.o(.text)
    USART2_IRQHandler                        0x08000287   Thumb Code     0  startup_stm32f407xx.o(.text)
    USART3_IRQHandler                        0x08000287   Thumb Code     0  startup_stm32f407xx.o(.text)
    USART6_IRQHandler                        0x08000287   Thumb Code     0  startup_stm32f407xx.o(.text)
    WWDG_IRQHandler                          0x08000287   Thumb Code     0  startup_stm32f407xx.o(.text)
    __user_initial_stackheap                 0x08000289   Thumb Code     0  startup_stm32f407xx.o(.text)
    __aeabi_uldivmod                         0x080002ad   Thumb Code     0  lludivv7m.o(.text)
    _ll_udiv                                 0x080002ad   Thumb Code   240  lludivv7m.o(.text)
    __2printf                                0x0800039d   Thumb Code    20  noretval__2printf.o(.text)
    __printf                                 0x080003b5   Thumb Code   104  __printf.o(.text)
    _printf_int_dec                          0x0800041d   Thumb Code   104  _printf_dec.o(.text)
    __aeabi_memclr4                          0x08000495   Thumb Code     0  rt_memclr_w.o(.text)
    __aeabi_memclr8                          0x08000495   Thumb Code     0  rt_memclr_w.o(.text)
    __rt_memclr_w                            0x08000495   Thumb Code     0  rt_memclr_w.o(.text)
    _memset_w                                0x08000499   Thumb Code    74  rt_memclr_w.o(.text)
    __use_two_region_memory                  0x080004e3   Thumb Code     2  heapauxi.o(.text)
    __rt_heap_escrow                         0x080004e5   Thumb Code     2  heapauxi.o(.text)
    __rt_heap_expand                         0x080004e7   Thumb Code     2  heapauxi.o(.text)
    _printf_int_common                       0x080004e9   Thumb Code   178  _printf_intcommon.o(.text)
    _printf_char_file                        0x0800059d   Thumb Code    32  _printf_char_file.o(.text)
    _printf_char_common                      0x080005cb   Thumb Code    32  _printf_char_common.o(.text)
    ferror                                   0x080005f1   Thumb Code     8  ferror.o(.text)
    _initio                                  0x080005f9   Thumb Code   210  initio.o(.text)
    _terminateio                             0x080006cb   Thumb Code    56  initio.o(.text)
    __user_setup_stackheap                   0x08000731   Thumb Code    74  sys_stackheap_outer.o(.text)
    free                                     0x0800077b   Thumb Code    78  h1_free.o(.text)
    __flsbuf                                 0x080007c9   Thumb Code   482  flsbuf.o(.text)
    __flsbuf_byte                            0x080007c9   Thumb Code     0  flsbuf.o(.text)
    __flsbuf_wide                            0x080007c9   Thumb Code     0  flsbuf.o(.text)
    setvbuf                                  0x080009ab   Thumb Code    70  setvbuf.o(.text)
    freopen                                  0x080009f1   Thumb Code   160  fopen.o(.text)
    fopen                                    0x08000a91   Thumb Code    74  fopen.o(.text)
    _fclose_internal                         0x08000ae1   Thumb Code    76  fclose.o(.text)
    fclose                                   0x08000ae1   Thumb Code     0  fclose.o(.text)
    exit                                     0x08000b2d   Thumb Code    18  exit.o(.text)
    __rt_SIGRTRED                            0x08000b3f   Thumb Code    14  defsig_rtred_outer.o(.text)
    _sys_open                                0x08000b4d   Thumb Code    20  sys_io.o(.text)
    _sys_close                               0x08000b61   Thumb Code    12  sys_io.o(.text)
    _sys_write                               0x08000b6d   Thumb Code    16  sys_io.o(.text)
    _sys_read                                0x08000b7d   Thumb Code    14  sys_io.o(.text)
    _sys_istty                               0x08000b8b   Thumb Code    12  sys_io.o(.text)
    _sys_seek                                0x08000b97   Thumb Code    14  sys_io.o(.text)
    _sys_ensure                              0x08000ba5   Thumb Code     2  sys_io.o(.text)
    _sys_flen                                0x08000ba7   Thumb Code    12  sys_io.o(.text)
    __user_libspace                          0x08000bb5   Thumb Code     8  libspace.o(.text)
    __user_perproc_libspace                  0x08000bb5   Thumb Code     0  libspace.o(.text)
    __user_perthread_libspace                0x08000bb5   Thumb Code     0  libspace.o(.text)
    __rt_heap_descriptor                     0x08000bbd   Thumb Code     8  rt_heap_descriptor_intlibspace.o(.text)
    __use_no_heap                            0x08000bc5   Thumb Code     2  hguard.o(.text)
    __heap$guard                             0x08000bc7   Thumb Code     2  hguard.o(.text)
    _terminate_user_alloc                    0x08000bc9   Thumb Code     2  init_alloc.o(.text)
    _init_user_alloc                         0x08000bcb   Thumb Code     2  init_alloc.o(.text)
    __Heap_Full                              0x08000bcd   Thumb Code    34  init_alloc.o(.text)
    __Heap_Broken                            0x08000bef   Thumb Code     6  init_alloc.o(.text)
    _init_alloc                              0x08000bf5   Thumb Code    94  init_alloc.o(.text)
    malloc                                   0x08000c53   Thumb Code    94  h1_alloc.o(.text)
    _fseek                                   0x08000cb1   Thumb Code   242  fseek.o(.text)
    fseek                                    0x08000cb1   Thumb Code     0  fseek.o(.text)
    _seterr                                  0x08000da9   Thumb Code    20  stdio.o(.text)
    _writebuf                                0x08000dbd   Thumb Code   108  stdio.o(.text)
    _fflush                                  0x08000e29   Thumb Code    70  stdio.o(.text)
    _deferredlazyseek                        0x08000e6f   Thumb Code    60  stdio.o(.text)
    __sig_exit                               0x08000eb1   Thumb Code    10  defsig_exit.o(.text)
    __rt_SIGRTRED_inner                      0x08000ebd   Thumb Code    14  defsig_rtred_inner.o(.text)
    _sys_exit                                0x08000ef1   Thumb Code     8  sys_exit.o(.text)
    __I$use$semihosting                      0x08000efd   Thumb Code     0  use_no_semi.o(.text)
    __use_no_semihosting_swi                 0x08000efd   Thumb Code     2  use_no_semi.o(.text)
    __Heap_Initialize                        0x08000eff   Thumb Code     8  h1_init.o(.text)
    __semihosting_library_function           0x08000eff   Thumb Code     0  indicate_semi.o(.text)
    _maybe_terminate_alloc                   0x08000eff   Thumb Code     0  maybetermalloc1.o(.text)
    __Heap_DescSize                          0x08000f07   Thumb Code     4  h1_init.o(.text)
    __Heap_ProvideMemory                     0x08000f0b   Thumb Code    52  h1_extend.o(.text)
    _ftell_internal                          0x08000f3f   Thumb Code    66  ftell.o(.text)
    ftell                                    0x08000f3f   Thumb Code     0  ftell.o(.text)
    __default_signal_display                 0x08000f81   Thumb Code    50  defsig_general.o(.text)
    __rt_SIGRTMEM                            0x08000fb3   Thumb Code    14  defsig_rtmem_outer.o(.text)
    strlen                                   0x08000fc1   Thumb Code    62  strlen.o(.text)
    _ttywrch                                 0x08000fff   Thumb Code    14  sys_wrch.o(.text)
    __aeabi_errno_addr                       0x0800100d   Thumb Code     8  rt_errno_addr_intlibspace.o(.text)
    __errno$intlibspace                      0x0800100d   Thumb Code     0  rt_errno_addr_intlibspace.o(.text)
    __rt_errno_addr$intlibspace              0x0800100d   Thumb Code     0  rt_errno_addr_intlibspace.o(.text)
    __rt_SIGRTMEM_inner                      0x08001015   Thumb Code    22  defsig_rtmem_inner.o(.text)
    BusFault_Handler                         0x08001065   Thumb Code     2  stm32f4xx_it_1.o(.text.BusFault_Handler)
    DebugMon_Handler                         0x08001069   Thumb Code     2  stm32f4xx_it_1.o(.text.DebugMon_Handler)
    Error_Handler                            0x0800106d   Thumb Code    10  main_1.o(.text.Error_Handler)
    HAL_DMA_Abort                            0x08001079   Thumb Code   142  stm32f4xx_hal_dma.o(.text.HAL_DMA_Abort)
    HAL_DMA_Abort_IT                         0x08001109   Thumb Code    36  stm32f4xx_hal_dma.o(.text.HAL_DMA_Abort_IT)
    HAL_GPIO_Init                            0x0800112d   Thumb Code   414  stm32f4xx_hal_gpio.o(.text.HAL_GPIO_Init)
    HAL_GPIO_WritePin                        0x080012cd   Thumb Code    10  stm32f4xx_hal_gpio.o(.text.HAL_GPIO_WritePin)
    HAL_GetTick                              0x080012d9   Thumb Code    12  stm32f4xx_hal.o(.text.HAL_GetTick)
    HAL_IncTick                              0x080012e5   Thumb Code    26  stm32f4xx_hal.o(.text.HAL_IncTick)
    HAL_Init                                 0x08001301   Thumb Code    54  stm32f4xx_hal.o(.text.HAL_Init)
    HAL_InitTick                             0x08001339   Thumb Code    72  stm32f4xx_hal.o(.text.HAL_InitTick)
    HAL_MspInit                              0x08001381   Thumb Code    56  stm32f4xx_hal_msp_1.o(.text.HAL_MspInit)
    HAL_NVIC_EnableIRQ                       0x080013b9   Thumb Code    34  stm32f4xx_hal_cortex.o(.text.HAL_NVIC_EnableIRQ)
    HAL_NVIC_SetPriority                     0x080013dd   Thumb Code    86  stm32f4xx_hal_cortex.o(.text.HAL_NVIC_SetPriority)
    HAL_NVIC_SetPriorityGrouping             0x08001435   Thumb Code    32  stm32f4xx_hal_cortex.o(.text.HAL_NVIC_SetPriorityGrouping)
    HAL_RCC_ClockConfig                      0x08001455   Thumb Code   356  stm32f4xx_hal_rcc.o(.text.HAL_RCC_ClockConfig)
    HAL_RCC_GetPCLK1Freq                     0x080015b9   Thumb Code    38  stm32f4xx_hal_rcc.o(.text.HAL_RCC_GetPCLK1Freq)
    HAL_RCC_GetPCLK2Freq                     0x080015e1   Thumb Code    38  stm32f4xx_hal_rcc.o(.text.HAL_RCC_GetPCLK2Freq)
    HAL_RCC_GetSysClockFreq                  0x08001609   Thumb Code   106  stm32f4xx_hal_rcc.o(.text.HAL_RCC_GetSysClockFreq)
    HAL_RCC_OscConfig                        0x08001675   Thumb Code   940  stm32f4xx_hal_rcc.o(.text.HAL_RCC_OscConfig)
    HAL_SYSTICK_Config                       0x08001a21   Thumb Code    44  stm32f4xx_hal_cortex.o(.text.HAL_SYSTICK_Config)
    HAL_TIMEx_BreakCallback                  0x08001a4d   Thumb Code     2  stm32f4xx_hal_tim_ex.o(.text.HAL_TIMEx_BreakCallback)
    HAL_TIMEx_CommutCallback                 0x08001a51   Thumb Code     2  stm32f4xx_hal_tim_ex.o(.text.HAL_TIMEx_CommutCallback)
    HAL_TIMEx_ConfigBreakDeadTime            0x08001a55   Thumb Code    76  stm32f4xx_hal_tim_ex.o(.text.HAL_TIMEx_ConfigBreakDeadTime)
    HAL_TIMEx_MasterConfigSynchronization    0x08001aa1   Thumb Code   186  stm32f4xx_hal_tim_ex.o(.text.HAL_TIMEx_MasterConfigSynchronization)
    HAL_TIM_Base_Init                        0x08001b5d   Thumb Code    90  stm32f4xx_hal_tim.o(.text.HAL_TIM_Base_Init)
    HAL_TIM_Base_MspInit                     0x08001bb9   Thumb Code   108  tim_1.o(.text.HAL_TIM_Base_MspInit)
    HAL_TIM_Base_Start                       0x08001c25   Thumb Code   162  stm32f4xx_hal_tim.o(.text.HAL_TIM_Base_Start)
    HAL_TIM_ConfigClockSource                0x08001cc9   Thumb Code   416  stm32f4xx_hal_tim.o(.text.HAL_TIM_ConfigClockSource)
    HAL_TIM_IC_CaptureCallback               0x08001e69   Thumb Code     2  stm32f4xx_hal_tim.o(.text.HAL_TIM_IC_CaptureCallback)
    HAL_TIM_IRQHandler                       0x08001e6d   Thumb Code   368  stm32f4xx_hal_tim.o(.text.HAL_TIM_IRQHandler)
    HAL_TIM_MspPostInit                      0x08001fdd   Thumb Code   198  tim_1.o(.text.HAL_TIM_MspPostInit)
    HAL_TIM_OC_ConfigChannel                 0x080020a5   Thumb Code   436  stm32f4xx_hal_tim.o(.text.HAL_TIM_OC_ConfigChannel)
    HAL_TIM_OC_DelayElapsedCallback          0x08002259   Thumb Code     2  stm32f4xx_hal_tim.o(.text.HAL_TIM_OC_DelayElapsedCallback)
    HAL_TIM_OC_Init                          0x0800225d   Thumb Code    90  stm32f4xx_hal_tim.o(.text.HAL_TIM_OC_Init)
    HAL_TIM_OC_MspInit                       0x080022b9   Thumb Code     2  stm32f4xx_hal_tim.o(.text.HAL_TIM_OC_MspInit)
    HAL_TIM_PWM_ConfigChannel                0x080022bd   Thumb Code   544  stm32f4xx_hal_tim.o(.text.HAL_TIM_PWM_ConfigChannel)
    HAL_TIM_PWM_Init                         0x080024dd   Thumb Code    90  stm32f4xx_hal_tim.o(.text.HAL_TIM_PWM_Init)
    HAL_TIM_PWM_MspInit                      0x08002539   Thumb Code     2  stm32f4xx_hal_tim.o(.text.HAL_TIM_PWM_MspInit)
    HAL_TIM_PWM_PulseFinishedCallback        0x0800253d   Thumb Code     2  stm32f4xx_hal_tim.o(.text.HAL_TIM_PWM_PulseFinishedCallback)
    HAL_TIM_PeriodElapsedCallback            0x08002541   Thumb Code     2  stm32f4xx_hal_tim.o(.text.HAL_TIM_PeriodElapsedCallback)
    HAL_TIM_TriggerCallback                  0x08002545   Thumb Code     2  stm32f4xx_hal_tim.o(.text.HAL_TIM_TriggerCallback)
    HAL_UARTEx_RxEventCallback               0x08002549   Thumb Code     2  stm32f4xx_hal_uart.o(.text.HAL_UARTEx_RxEventCallback)
    HAL_UART_ErrorCallback                   0x0800254d   Thumb Code     2  stm32f4xx_hal_uart.o(.text.HAL_UART_ErrorCallback)
    HAL_UART_IRQHandler                      0x08002551   Thumb Code  1384  stm32f4xx_hal_uart.o(.text.HAL_UART_IRQHandler)
    HAL_UART_Init                            0x08002ab9   Thumb Code    94  stm32f4xx_hal_uart.o(.text.HAL_UART_Init)
    HAL_UART_MspInit                         0x08002b19   Thumb Code   224  usart_1.o(.text.HAL_UART_MspInit)
    HAL_UART_Receive_IT                      0x08002bf9   Thumb Code    96  stm32f4xx_hal_uart.o(.text.HAL_UART_Receive_IT)
    HAL_UART_RxCpltCallback                  0x08002c59   Thumb Code    52  usart_1.o(.text.HAL_UART_RxCpltCallback)
    HAL_UART_TxCpltCallback                  0x08002c8d   Thumb Code     2  stm32f4xx_hal_uart.o(.text.HAL_UART_TxCpltCallback)
    HardFault_Handler                        0x08002c91   Thumb Code     2  stm32f4xx_it_1.o(.text.HardFault_Handler)
    MX_GPIO_Init                             0x08002c95   Thumb Code   194  gpio_1.o(.text.MX_GPIO_Init)
    MX_TIM1_Init                             0x08002d59   Thumb Code   286  tim_1.o(.text.MX_TIM1_Init)
    MX_TIM2_Init                             0x08002e79   Thumb Code   228  tim_1.o(.text.MX_TIM2_Init)
    MX_UART4_Init                            0x08002f5d   Thumb Code    60  usart_1.o(.text.MX_UART4_Init)
    MX_USART1_UART_Init                      0x08002f99   Thumb Code    60  usart_1.o(.text.MX_USART1_UART_Init)
    MemManage_Handler                        0x08002fd5   Thumb Code     2  stm32f4xx_it_1.o(.text.MemManage_Handler)
    NMI_Handler                              0x08002fd9   Thumb Code     2  stm32f4xx_it_1.o(.text.NMI_Handler)
    Openmv_Receive_Data                      0x08002fdd   Thumb Code   264  openmv.o(.text.Openmv_Receive_Data)
    PendSV_Handler                           0x080030ed   Thumb Code     2  stm32f4xx_it_1.o(.text.PendSV_Handler)
    SVC_Handler                              0x080030f1   Thumb Code     2  stm32f4xx_it_1.o(.text.SVC_Handler)
    SysTick_Handler                          0x080030f5   Thumb Code     4  stm32f4xx_it_1.o(.text.SysTick_Handler)
    SystemClock_Config                       0x080030f9   Thumb Code   176  main_1.o(.text.SystemClock_Config)
    SystemInit                               0x080031a9   Thumb Code    18  system_stm32f4xx.o(.text.SystemInit)
    TIM2_IRQHandler                          0x080031bd   Thumb Code    12  stm32f4xx_it_1.o(.text.TIM2_IRQHandler)
    TIM_Base_SetConfig                       0x080031c9   Thumb Code   308  stm32f4xx_hal_tim.o(.text.TIM_Base_SetConfig)
    USART1_IRQHandler                        0x080034f1   Thumb Code    12  stm32f4xx_it_1.o(.text.USART1_IRQHandler)
    UsageFault_Handler                       0x080034fd   Thumb Code     2  stm32f4xx_it_1.o(.text.UsageFault_Handler)
    main                                     0x08003501   Thumb Code    62  main_1.o(.text.main)
    fputc                                    0x0800353f   Thumb Code    28  fputc.o(i.fputc)
    _fp_init                                 0x0800355b   Thumb Code    26  fpinit.o(x$fpl$fpinit)
    __fplib_config_fpu_vfp                   0x08003573   Thumb Code     0  fpinit.o(x$fpl$fpinit)
    __fplib_config_pureend_doubles           0x08003573   Thumb Code     0  fpinit.o(x$fpl$fpinit)
    __stdin_name                             0x08003574   Data           4  sys_io_names.o(.constdata)
    __stdout_name                            0x08003578   Data           4  sys_io_names.o(.constdata)
    __stderr_name                            0x0800357c   Data           4  sys_io_names.o(.constdata)
    AHBPrescTable                            0x08003580   Data          16  system_stm32f4xx.o(.rodata.AHBPrescTable)
    APBPrescTable                            0x08003590   Data           8  system_stm32f4xx.o(.rodata.APBPrescTable)
    Region$$Table$$Base                      0x080035a0   Number         0  anon$$obj.o(Region$$Table)
    Region$$Table$$Limit                     0x080035c0   Number         0  anon$$obj.o(Region$$Table)
    __aeabi_stdin                            0x20000000   Data           4  stdio_streams.o(.data)
    __aeabi_stdout                           0x20000004   Data           4  stdio_streams.o(.data)
    __aeabi_stderr                           0x20000008   Data           4  stdio_streams.o(.data)
    uwTickFreq                               0x2000000c   Data           1  stm32f4xx_hal.o(.data..L_MergedGlobals)
    uwTickPrio                               0x20000010   Data           4  stm32f4xx_hal.o(.data..L_MergedGlobals)
    SystemCoreClock                          0x20000014   Data           4  system_stm32f4xx.o(.data.SystemCoreClock)
    __stdin                                  0x20000018   Data          84  stdio_streams.o(.bss)
    __stdout                                 0x2000006c   Data          84  stdio_streams.o(.bss)
    __stderr                                 0x200000c0   Data          84  stdio_streams.o(.bss)
    __libspace_start                         0x20000114   Data          96  libspace.o(.bss)
    __temporary_stack_top$libspace           0x20000174   Data           0  libspace.o(.bss)
    USART1_RXbuff                            0x2000018e   Data           2  usart_1.o(.bss.USART1_RXbuff)
    htim1                                    0x20000190   Data          72  tim_1.o(.bss.htim1)
    htim2                                    0x200001d8   Data          72  tim_1.o(.bss.htim2)
    huart1                                   0x20000220   Data          68  usart_1.o(.bss.huart1)
    huart4                                   0x20000264   Data          68  usart_1.o(.bss.huart4)
    uwTick                                   0x200002a8   Data           4  stm32f4xx_hal.o(.bss.uwTick)



==============================================================================

Memory Map of the image

  Image Entry point : 0x08000189

  Load Region LR_IROM1 (Base: 0x08000000, Size: 0x000035d8, Max: 0x00100000, ABSOLUTE)

    Execution Region ER_IROM1 (Exec base: 0x08000000, Load base: 0x08000000, Size: 0x000035c0, Max: 0x00100000, ABSOLUTE)

    Exec Addr    Load Addr    Size         Type   Attr      Idx    E Section Name        Object

    0x08000000   0x08000000   0x00000188   Data   RO            3    RESET               startup_stm32f407xx.o
    0x08000188   0x08000188   0x00000008   Code   RO          993  * !!!main             c_w.l(__main.o)
    0x08000190   0x08000190   0x0000005c   Code   RO         1360    !!!scatter          c_w.l(__scatter.o)
    0x080001ec   0x080001ec   0x0000001a   Code   RO         1364    !!handler_copy      c_w.l(__scatter_copy.o)
    0x08000206   0x08000206   0x00000002   PAD
    0x08000208   0x08000208   0x00000002   Code   RO         1361    !!handler_null      c_w.l(__scatter.o)
    0x0800020a   0x0800020a   0x00000002   PAD
    0x0800020c   0x0800020c   0x0000001c   Code   RO         1366    !!handler_zi        c_w.l(__scatter_zi.o)
    0x08000228   0x08000228   0x00000000   Code   RO          988    .ARM.Collect$$_printf_percent$$00000000  c_w.l(_printf_percent.o)
    0x08000228   0x08000228   0x00000006   Code   RO          987    .ARM.Collect$$_printf_percent$$00000009  c_w.l(_printf_d.o)
    0x0800022e   0x0800022e   0x00000004   Code   RO         1004    .ARM.Collect$$_printf_percent$$00000017  c_w.l(_printf_percent_end.o)
    0x08000232   0x08000232   0x00000002   Code   RO         1137    .ARM.Collect$$libinit$$00000000  c_w.l(libinit.o)
    0x08000234   0x08000234   0x00000004   Code   RO         1138    .ARM.Collect$$libinit$$00000001  c_w.l(libinit2.o)
    0x08000238   0x08000238   0x00000000   Code   RO         1141    .ARM.Collect$$libinit$$00000004  c_w.l(libinit2.o)
    0x08000238   0x08000238   0x00000000   Code   RO         1143    .ARM.Collect$$libinit$$00000006  c_w.l(libinit2.o)
    0x08000238   0x08000238   0x00000008   Code   RO         1144    .ARM.Collect$$libinit$$00000007  c_w.l(libinit2.o)
    0x08000240   0x08000240   0x00000000   Code   RO         1146    .ARM.Collect$$libinit$$0000000C  c_w.l(libinit2.o)
    0x08000240   0x08000240   0x00000000   Code   RO         1148    .ARM.Collect$$libinit$$0000000E  c_w.l(libinit2.o)
    0x08000240   0x08000240   0x00000000   Code   RO         1150    .ARM.Collect$$libinit$$00000010  c_w.l(libinit2.o)
    0x08000240   0x08000240   0x00000000   Code   RO         1153    .ARM.Collect$$libinit$$00000013  c_w.l(libinit2.o)
    0x08000240   0x08000240   0x00000000   Code   RO         1155    .ARM.Collect$$libinit$$00000015  c_w.l(libinit2.o)
    0x08000240   0x08000240   0x00000000   Code   RO         1157    .ARM.Collect$$libinit$$00000017  c_w.l(libinit2.o)
    0x08000240   0x08000240   0x00000000   Code   RO         1159    .ARM.Collect$$libinit$$00000019  c_w.l(libinit2.o)
    0x08000240   0x08000240   0x00000000   Code   RO         1161    .ARM.Collect$$libinit$$0000001B  c_w.l(libinit2.o)
    0x08000240   0x08000240   0x00000000   Code   RO         1163    .ARM.Collect$$libinit$$0000001D  c_w.l(libinit2.o)
    0x08000240   0x08000240   0x00000000   Code   RO         1165    .ARM.Collect$$libinit$$0000001F  c_w.l(libinit2.o)
    0x08000240   0x08000240   0x00000000   Code   RO         1167    .ARM.Collect$$libinit$$00000021  c_w.l(libinit2.o)
    0x08000240   0x08000240   0x00000000   Code   RO         1169    .ARM.Collect$$libinit$$00000023  c_w.l(libinit2.o)
    0x08000240   0x08000240   0x00000000   Code   RO         1171    .ARM.Collect$$libinit$$00000025  c_w.l(libinit2.o)
    0x08000240   0x08000240   0x00000004   Code   RO         1172    .ARM.Collect$$libinit$$00000026  c_w.l(libinit2.o)
    0x08000244   0x08000244   0x00000000   Code   RO         1173    .ARM.Collect$$libinit$$00000027  c_w.l(libinit2.o)
    0x08000244   0x08000244   0x00000000   Code   RO         1177    .ARM.Collect$$libinit$$0000002E  c_w.l(libinit2.o)
    0x08000244   0x08000244   0x00000000   Code   RO         1179    .ARM.Collect$$libinit$$00000030  c_w.l(libinit2.o)
    0x08000244   0x08000244   0x00000000   Code   RO         1181    .ARM.Collect$$libinit$$00000032  c_w.l(libinit2.o)
    0x08000244   0x08000244   0x00000000   Code   RO         1183    .ARM.Collect$$libinit$$00000034  c_w.l(libinit2.o)
    0x08000244   0x08000244   0x00000002   Code   RO         1184    .ARM.Collect$$libinit$$00000035  c_w.l(libinit2.o)
    0x08000246   0x08000246   0x00000002   Code   RO         1341    .ARM.Collect$$libshutdown$$00000000  c_w.l(libshutdown.o)
    0x08000248   0x08000248   0x00000000   Code   RO         1186    .ARM.Collect$$libshutdown$$00000002  c_w.l(libshutdown2.o)
    0x08000248   0x08000248   0x00000004   Code   RO         1187    .ARM.Collect$$libshutdown$$00000003  c_w.l(libshutdown2.o)
    0x0800024c   0x0800024c   0x00000000   Code   RO         1188    .ARM.Collect$$libshutdown$$00000004  c_w.l(libshutdown2.o)
    0x0800024c   0x0800024c   0x00000000   Code   RO         1191    .ARM.Collect$$libshutdown$$00000007  c_w.l(libshutdown2.o)
    0x0800024c   0x0800024c   0x00000000   Code   RO         1194    .ARM.Collect$$libshutdown$$0000000A  c_w.l(libshutdown2.o)
    0x0800024c   0x0800024c   0x00000000   Code   RO         1196    .ARM.Collect$$libshutdown$$0000000C  c_w.l(libshutdown2.o)
    0x0800024c   0x0800024c   0x00000000   Code   RO         1199    .ARM.Collect$$libshutdown$$0000000F  c_w.l(libshutdown2.o)
    0x0800024c   0x0800024c   0x00000002   Code   RO         1200    .ARM.Collect$$libshutdown$$00000010  c_w.l(libshutdown2.o)
    0x0800024e   0x0800024e   0x00000000   Code   RO          995    .ARM.Collect$$rtentry$$00000000  c_w.l(__rtentry.o)
    0x0800024e   0x0800024e   0x00000000   Code   RO         1012    .ARM.Collect$$rtentry$$00000002  c_w.l(__rtentry2.o)
    0x0800024e   0x0800024e   0x00000006   Code   RO         1024    .ARM.Collect$$rtentry$$00000004  c_w.l(__rtentry4.o)
    0x08000254   0x08000254   0x00000000   Code   RO         1014    .ARM.Collect$$rtentry$$00000009  c_w.l(__rtentry2.o)
    0x08000254   0x08000254   0x00000004   Code   RO         1015    .ARM.Collect$$rtentry$$0000000A  c_w.l(__rtentry2.o)
    0x08000258   0x08000258   0x00000000   Code   RO         1017    .ARM.Collect$$rtentry$$0000000C  c_w.l(__rtentry2.o)
    0x08000258   0x08000258   0x00000008   Code   RO         1018    .ARM.Collect$$rtentry$$0000000D  c_w.l(__rtentry2.o)
    0x08000260   0x08000260   0x00000002   Code   RO         1210    .ARM.Collect$$rtexit$$00000000  c_w.l(rtexit.o)
    0x08000262   0x08000262   0x00000000   Code   RO         1271    .ARM.Collect$$rtexit$$00000002  c_w.l(rtexit2.o)
    0x08000262   0x08000262   0x00000004   Code   RO         1272    .ARM.Collect$$rtexit$$00000003  c_w.l(rtexit2.o)
    0x08000266   0x08000266   0x00000006   Code   RO         1273    .ARM.Collect$$rtexit$$00000004  c_w.l(rtexit2.o)
    0x0800026c   0x0800026c   0x00000040   Code   RO            4    .text               startup_stm32f407xx.o
    0x080002ac   0x080002ac   0x000000f0   Code   RO          957    .text               c_w.l(lludivv7m.o)
    0x0800039c   0x0800039c   0x00000018   Code   RO          961    .text               c_w.l(noretval__2printf.o)
    0x080003b4   0x080003b4   0x00000068   Code   RO          963    .text               c_w.l(__printf.o)
    0x0800041c   0x0800041c   0x00000078   Code   RO          965    .text               c_w.l(_printf_dec.o)
    0x08000494   0x08000494   0x0000004e   Code   RO          989    .text               c_w.l(rt_memclr_w.o)
    0x080004e2   0x080004e2   0x00000006   Code   RO          991    .text               c_w.l(heapauxi.o)
    0x080004e8   0x080004e8   0x000000b2   Code   RO         1000    .text               c_w.l(_printf_intcommon.o)
    0x0800059a   0x0800059a   0x00000002   PAD
    0x0800059c   0x0800059c   0x00000024   Code   RO         1002    .text               c_w.l(_printf_char_file.o)
    0x080005c0   0x080005c0   0x00000030   Code   RO         1028    .text               c_w.l(_printf_char_common.o)
    0x080005f0   0x080005f0   0x00000008   Code   RO         1030    .text               c_w.l(ferror.o)
    0x080005f8   0x080005f8   0x00000138   Code   RO         1036    .text               c_w.l(initio.o)
    0x08000730   0x08000730   0x0000004a   Code   RO         1049    .text               c_w.l(sys_stackheap_outer.o)
    0x0800077a   0x0800077a   0x0000004e   Code   RO         1053    .text               c_w.l(h1_free.o)
    0x080007c8   0x080007c8   0x000001e2   Code   RO         1109    .text               c_w.l(flsbuf.o)
    0x080009aa   0x080009aa   0x00000046   Code   RO         1111    .text               c_w.l(setvbuf.o)
    0x080009f0   0x080009f0   0x000000f0   Code   RO         1114    .text               c_w.l(fopen.o)
    0x08000ae0   0x08000ae0   0x0000004c   Code   RO         1116    .text               c_w.l(fclose.o)
    0x08000b2c   0x08000b2c   0x00000012   Code   RO         1122    .text               c_w.l(exit.o)
    0x08000b3e   0x08000b3e   0x0000000e   Code   RO         1128    .text               c_w.l(defsig_rtred_outer.o)
    0x08000b4c   0x08000b4c   0x00000066   Code   RO         1203    .text               c_w.l(sys_io.o)
    0x08000bb2   0x08000bb2   0x00000002   PAD
    0x08000bb4   0x08000bb4   0x00000008   Code   RO         1207    .text               c_w.l(libspace.o)
    0x08000bbc   0x08000bbc   0x00000008   Code   RO         1217    .text               c_w.l(rt_heap_descriptor_intlibspace.o)
    0x08000bc4   0x08000bc4   0x00000004   Code   RO         1219    .text               c_w.l(hguard.o)
    0x08000bc8   0x08000bc8   0x0000008a   Code   RO         1221    .text               c_w.l(init_alloc.o)
    0x08000c52   0x08000c52   0x0000005e   Code   RO         1227    .text               c_w.l(h1_alloc.o)
    0x08000cb0   0x08000cb0   0x000000f8   Code   RO         1241    .text               c_w.l(fseek.o)
    0x08000da8   0x08000da8   0x00000108   Code   RO         1243    .text               c_w.l(stdio.o)
    0x08000eb0   0x08000eb0   0x0000000a   Code   RO         1249    .text               c_w.l(defsig_exit.o)
    0x08000eba   0x08000eba   0x00000002   PAD
    0x08000ebc   0x08000ebc   0x00000034   Code   RO         1253    .text               c_w.l(defsig_rtred_inner.o)
    0x08000ef0   0x08000ef0   0x0000000c   Code   RO         1263    .text               c_w.l(sys_exit.o)
    0x08000efc   0x08000efc   0x00000002   Code   RO         1267    .text               c_w.l(use_no_semi.o)
    0x08000efe   0x08000efe   0x00000000   Code   RO         1269    .text               c_w.l(indicate_semi.o)
    0x08000efe   0x08000efe   0x00000000   Code   RO         1277    .text               c_w.l(maybetermalloc1.o)
    0x08000efe   0x08000efe   0x0000000c   Code   RO         1279    .text               c_w.l(h1_init.o)
    0x08000f0a   0x08000f0a   0x00000034   Code   RO         1281    .text               c_w.l(h1_extend.o)
    0x08000f3e   0x08000f3e   0x00000042   Code   RO         1291    .text               c_w.l(ftell.o)
    0x08000f80   0x08000f80   0x00000032   Code   RO         1299    .text               c_w.l(defsig_general.o)
    0x08000fb2   0x08000fb2   0x0000000e   Code   RO         1301    .text               c_w.l(defsig_rtmem_outer.o)
    0x08000fc0   0x08000fc0   0x0000003e   Code   RO         1305    .text               c_w.l(strlen.o)
    0x08000ffe   0x08000ffe   0x0000000e   Code   RO         1318    .text               c_w.l(sys_wrch.o)
    0x0800100c   0x0800100c   0x00000008   Code   RO         1329    .text               c_w.l(rt_errno_addr_intlibspace.o)
    0x08001014   0x08001014   0x00000050   Code   RO         1335    .text               c_w.l(defsig_rtmem_inner.o)
    0x08001064   0x08001064   0x00000002   Code   RO           60    .text.BusFault_Handler  stm32f4xx_it_1.o
    0x08001066   0x08001066   0x00000002   PAD
    0x08001068   0x08001068   0x00000002   Code   RO           66    .text.DebugMon_Handler  stm32f4xx_it_1.o
    0x0800106a   0x0800106a   0x00000002   PAD
    0x0800106c   0x0800106c   0x0000000a   Code   RO           15    .text.Error_Handler  main_1.o
    0x08001076   0x08001076   0x00000002   PAD
    0x08001078   0x08001078   0x0000008e   Code   RO          598    .text.HAL_DMA_Abort  stm32f4xx_hal_dma.o
    0x08001106   0x08001106   0x00000002   PAD
    0x08001108   0x08001108   0x00000024   Code   RO          600    .text.HAL_DMA_Abort_IT  stm32f4xx_hal_dma.o
    0x0800112c   0x0800112c   0x0000019e   Code   RO          552    .text.HAL_GPIO_Init  stm32f4xx_hal_gpio.o
    0x080012ca   0x080012ca   0x00000002   PAD
    0x080012cc   0x080012cc   0x0000000a   Code   RO          558    .text.HAL_GPIO_WritePin  stm32f4xx_hal_gpio.o
    0x080012d6   0x080012d6   0x00000002   PAD
    0x080012d8   0x080012d8   0x0000000c   Code   RO          743    .text.HAL_GetTick   stm32f4xx_hal.o
    0x080012e4   0x080012e4   0x0000001a   Code   RO          741    .text.HAL_IncTick   stm32f4xx_hal.o
    0x080012fe   0x080012fe   0x00000002   PAD
    0x08001300   0x08001300   0x00000036   Code   RO          731    .text.HAL_Init      stm32f4xx_hal.o
    0x08001336   0x08001336   0x00000002   PAD
    0x08001338   0x08001338   0x00000048   Code   RO          733    .text.HAL_InitTick  stm32f4xx_hal.o
    0x08001380   0x08001380   0x00000038   Code   RO          104    .text.HAL_MspInit   stm32f4xx_hal_msp_1.o
    0x080013b8   0x080013b8   0x00000022   Code   RO          689    .text.HAL_NVIC_EnableIRQ  stm32f4xx_hal_cortex.o
    0x080013da   0x080013da   0x00000002   PAD
    0x080013dc   0x080013dc   0x00000056   Code   RO          687    .text.HAL_NVIC_SetPriority  stm32f4xx_hal_cortex.o
    0x08001432   0x08001432   0x00000002   PAD
    0x08001434   0x08001434   0x00000020   Code   RO          685    .text.HAL_NVIC_SetPriorityGrouping  stm32f4xx_hal_cortex.o
    0x08001454   0x08001454   0x00000164   Code   RO          446    .text.HAL_RCC_ClockConfig  stm32f4xx_hal_rcc.o
    0x080015b8   0x080015b8   0x00000026   Code   RO          458    .text.HAL_RCC_GetPCLK1Freq  stm32f4xx_hal_rcc.o
    0x080015de   0x080015de   0x00000002   PAD
    0x080015e0   0x080015e0   0x00000026   Code   RO          460    .text.HAL_RCC_GetPCLK2Freq  stm32f4xx_hal_rcc.o
    0x08001606   0x08001606   0x00000002   PAD
    0x08001608   0x08001608   0x0000006a   Code   RO          448    .text.HAL_RCC_GetSysClockFreq  stm32f4xx_hal_rcc.o
    0x08001672   0x08001672   0x00000002   PAD
    0x08001674   0x08001674   0x000003ac   Code   RO          444    .text.HAL_RCC_OscConfig  stm32f4xx_hal_rcc.o
    0x08001a20   0x08001a20   0x0000002c   Code   RO          697    .text.HAL_SYSTICK_Config  stm32f4xx_hal_cortex.o
    0x08001a4c   0x08001a4c   0x00000002   Code   RO          428    .text.HAL_TIMEx_BreakCallback  stm32f4xx_hal_tim_ex.o
    0x08001a4e   0x08001a4e   0x00000002   PAD
    0x08001a50   0x08001a50   0x00000002   Code   RO          424    .text.HAL_TIMEx_CommutCallback  stm32f4xx_hal_tim_ex.o
    0x08001a52   0x08001a52   0x00000002   PAD
    0x08001a54   0x08001a54   0x0000004c   Code   RO          420    .text.HAL_TIMEx_ConfigBreakDeadTime  stm32f4xx_hal_tim_ex.o
    0x08001aa0   0x08001aa0   0x000000ba   Code   RO          418    .text.HAL_TIMEx_MasterConfigSynchronization  stm32f4xx_hal_tim_ex.o
    0x08001b5a   0x08001b5a   0x00000002   PAD
    0x08001b5c   0x08001b5c   0x0000005a   Code   RO          123    .text.HAL_TIM_Base_Init  stm32f4xx_hal_tim.o
    0x08001bb6   0x08001bb6   0x00000002   PAD
    0x08001bb8   0x08001bb8   0x0000006c   Code   RO           40    .text.HAL_TIM_Base_MspInit  tim_1.o
    0x08001c24   0x08001c24   0x000000a2   Code   RO          133    .text.HAL_TIM_Base_Start  stm32f4xx_hal_tim.o
    0x08001cc6   0x08001cc6   0x00000002   PAD
    0x08001cc8   0x08001cc8   0x000001a0   Code   RO          303    .text.HAL_TIM_ConfigClockSource  stm32f4xx_hal_tim.o
    0x08001e68   0x08001e68   0x00000002   Code   RO          259    .text.HAL_TIM_IC_CaptureCallback  stm32f4xx_hal_tim.o
    0x08001e6a   0x08001e6a   0x00000002   PAD
    0x08001e6c   0x08001e6c   0x00000170   Code   RO          257    .text.HAL_TIM_IRQHandler  stm32f4xx_hal_tim.o
    0x08001fdc   0x08001fdc   0x000000c6   Code   RO           36    .text.HAL_TIM_MspPostInit  tim_1.o
    0x080020a2   0x080020a2   0x00000002   PAD
    0x080020a4   0x080020a4   0x000001b4   Code   RO          269    .text.HAL_TIM_OC_ConfigChannel  stm32f4xx_hal_tim.o
    0x08002258   0x08002258   0x00000002   Code   RO          261    .text.HAL_TIM_OC_DelayElapsedCallback  stm32f4xx_hal_tim.o
    0x0800225a   0x0800225a   0x00000002   PAD
    0x0800225c   0x0800225c   0x0000005a   Code   RO          151    .text.HAL_TIM_OC_Init  stm32f4xx_hal_tim.o
    0x080022b6   0x080022b6   0x00000002   PAD
    0x080022b8   0x080022b8   0x00000002   Code   RO          153    .text.HAL_TIM_OC_MspInit  stm32f4xx_hal_tim.o
    0x080022ba   0x080022ba   0x00000002   PAD
    0x080022bc   0x080022bc   0x00000220   Code   RO          277    .text.HAL_TIM_PWM_ConfigChannel  stm32f4xx_hal_tim.o
    0x080024dc   0x080024dc   0x0000005a   Code   RO          177    .text.HAL_TIM_PWM_Init  stm32f4xx_hal_tim.o
    0x08002536   0x08002536   0x00000002   PAD
    0x08002538   0x08002538   0x00000002   Code   RO          179    .text.HAL_TIM_PWM_MspInit  stm32f4xx_hal_tim.o
    0x0800253a   0x0800253a   0x00000002   PAD
    0x0800253c   0x0800253c   0x00000002   Code   RO          263    .text.HAL_TIM_PWM_PulseFinishedCallback  stm32f4xx_hal_tim.o
    0x0800253e   0x0800253e   0x00000002   PAD
    0x08002540   0x08002540   0x00000002   Code   RO          265    .text.HAL_TIM_PeriodElapsedCallback  stm32f4xx_hal_tim.o
    0x08002542   0x08002542   0x00000002   PAD
    0x08002544   0x08002544   0x00000002   Code   RO          267    .text.HAL_TIM_TriggerCallback  stm32f4xx_hal_tim.o
    0x08002546   0x08002546   0x00000002   PAD
    0x08002548   0x08002548   0x00000002   Code   RO          905    .text.HAL_UARTEx_RxEventCallback  stm32f4xx_hal_uart.o
    0x0800254a   0x0800254a   0x00000002   PAD
    0x0800254c   0x0800254c   0x00000002   Code   RO          903    .text.HAL_UART_ErrorCallback  stm32f4xx_hal_uart.o
    0x0800254e   0x0800254e   0x00000002   PAD
    0x08002550   0x08002550   0x00000568   Code   RO          897    .text.HAL_UART_IRQHandler  stm32f4xx_hal_uart.o
    0x08002ab8   0x08002ab8   0x0000005e   Code   RO          821    .text.HAL_UART_Init  stm32f4xx_hal_uart.o
    0x08002b16   0x08002b16   0x00000002   PAD
    0x08002b18   0x08002b18   0x000000e0   Code   RO           87    .text.HAL_UART_MspInit  usart_1.o
    0x08002bf8   0x08002bf8   0x00000060   Code   RO          843    .text.HAL_UART_Receive_IT  stm32f4xx_hal_uart.o
    0x08002c58   0x08002c58   0x00000034   Code   RO           91    .text.HAL_UART_RxCpltCallback  usart_1.o
    0x08002c8c   0x08002c8c   0x00000002   Code   RO          907    .text.HAL_UART_TxCpltCallback  stm32f4xx_hal_uart.o
    0x08002c8e   0x08002c8e   0x00000002   PAD
    0x08002c90   0x08002c90   0x00000002   Code   RO           56    .text.HardFault_Handler  stm32f4xx_it_1.o
    0x08002c92   0x08002c92   0x00000002   PAD
    0x08002c94   0x08002c94   0x000000c2   Code   RO           25    .text.MX_GPIO_Init  gpio_1.o
    0x08002d56   0x08002d56   0x00000002   PAD
    0x08002d58   0x08002d58   0x0000011e   Code   RO           34    .text.MX_TIM1_Init  tim_1.o
    0x08002e76   0x08002e76   0x00000002   PAD
    0x08002e78   0x08002e78   0x000000e4   Code   RO           38    .text.MX_TIM2_Init  tim_1.o
    0x08002f5c   0x08002f5c   0x0000003c   Code   RO           83    .text.MX_UART4_Init  usart_1.o
    0x08002f98   0x08002f98   0x0000003c   Code   RO           85    .text.MX_USART1_UART_Init  usart_1.o
    0x08002fd4   0x08002fd4   0x00000002   Code   RO           58    .text.MemManage_Handler  stm32f4xx_it_1.o
    0x08002fd6   0x08002fd6   0x00000002   PAD
    0x08002fd8   0x08002fd8   0x00000002   Code   RO           54    .text.NMI_Handler   stm32f4xx_it_1.o
    0x08002fda   0x08002fda   0x00000002   PAD
    0x08002fdc   0x08002fdc   0x00000110   Code   RO          112    .text.Openmv_Receive_Data  openmv.o
    0x080030ec   0x080030ec   0x00000002   Code   RO           68    .text.PendSV_Handler  stm32f4xx_it_1.o
    0x080030ee   0x080030ee   0x00000002   PAD
    0x080030f0   0x080030f0   0x00000002   Code   RO           64    .text.SVC_Handler   stm32f4xx_it_1.o
    0x080030f2   0x080030f2   0x00000002   PAD
    0x080030f4   0x080030f4   0x00000004   Code   RO           70    .text.SysTick_Handler  stm32f4xx_it_1.o
    0x080030f8   0x080030f8   0x000000b0   Code   RO           13    .text.SystemClock_Config  main_1.o
    0x080031a8   0x080031a8   0x00000012   Code   RO          941    .text.SystemInit    system_stm32f4xx.o
    0x080031ba   0x080031ba   0x00000002   PAD
    0x080031bc   0x080031bc   0x0000000c   Code   RO           72    .text.TIM2_IRQHandler  stm32f4xx_it_1.o
    0x080031c8   0x080031c8   0x00000134   Code   RO          127    .text.TIM_Base_SetConfig  stm32f4xx_hal_tim.o
    0x080032fc   0x080032fc   0x0000000c   Code   RO          901    .text.UART_DMAAbortOnError  stm32f4xx_hal_uart.o
    0x08003308   0x08003308   0x000000fe   Code   RO          899    .text.UART_Receive_IT  stm32f4xx_hal_uart.o
    0x08003406   0x08003406   0x00000002   PAD
    0x08003408   0x08003408   0x000000e6   Code   RO          825    .text.UART_SetConfig  stm32f4xx_hal_uart.o
    0x080034ee   0x080034ee   0x00000002   PAD
    0x080034f0   0x080034f0   0x0000000c   Code   RO           74    .text.USART1_IRQHandler  stm32f4xx_it_1.o
    0x080034fc   0x080034fc   0x00000002   Code   RO           62    .text.UsageFault_Handler  stm32f4xx_it_1.o
    0x080034fe   0x080034fe   0x00000002   PAD
    0x08003500   0x08003500   0x0000003e   Code   RO           11    .text.main          main_1.o
    0x0800353e   0x0800353e   0x0000001c   Code   RO         1033    i.fputc             c_w.l(fputc.o)
    0x0800355a   0x0800355a   0x0000001a   Code   RO         1261    x$fpl$fpinit        fz_wm.l(fpinit.o)
    0x08003574   0x08003574   0x00000004   Data   RO         1044    .constdata          c_w.l(sys_io_names.o)
    0x08003578   0x08003578   0x00000004   Data   RO         1045    .constdata          c_w.l(sys_io_names.o)
    0x0800357c   0x0800357c   0x00000004   Data   RO         1046    .constdata          c_w.l(sys_io_names.o)
    0x08003580   0x08003580   0x00000010   Data   RO          946    .rodata.AHBPrescTable  system_stm32f4xx.o
    0x08003590   0x08003590   0x00000008   Data   RO          947    .rodata.APBPrescTable  system_stm32f4xx.o
    0x08003598   0x08003598   0x00000007   Data   RO          114    .rodata.str1.1      openmv.o
    0x0800359f   0x0800359f   0x00000001   PAD
    0x080035a0   0x080035a0   0x00000020   Data   RO         1359    Region$$Table       anon$$obj.o


    Execution Region RW_IRAM1 (Exec base: 0x20000000, Load base: 0x080035c0, Size: 0x000008b0, Max: 0x0001c000, ABSOLUTE)

    Exec Addr    Load Addr    Size         Type   Attr      Idx    E Section Name        Object

    0x20000000   0x080035c0   0x00000004   Data   RW         1008    .data               c_w.l(stdio_streams.o)
    0x20000004   0x080035c4   0x00000004   Data   RW         1009    .data               c_w.l(stdio_streams.o)
    0x20000008   0x080035c8   0x00000004   Data   RW         1010    .data               c_w.l(stdio_streams.o)
    0x2000000c   0x080035cc   0x00000008   Data   RW          786    .data..L_MergedGlobals  stm32f4xx_hal.o
    0x20000014   0x080035d4   0x00000004   Data   RW          945    .data.SystemCoreClock  system_stm32f4xx.o
    0x20000018        -       0x00000054   Zero   RW         1005    .bss                c_w.l(stdio_streams.o)
    0x2000006c        -       0x00000054   Zero   RW         1006    .bss                c_w.l(stdio_streams.o)
    0x200000c0        -       0x00000054   Zero   RW         1007    .bss                c_w.l(stdio_streams.o)
    0x20000114        -       0x00000060   Zero   RW         1208    .bss                c_w.l(libspace.o)
    0x20000174        -       0x0000001a   Zero   RW          115    .bss..L_MergedGlobals  openmv.o
    0x2000018e        -       0x00000002   Zero   RW           95    .bss.USART1_RXbuff  usart_1.o
    0x20000190        -       0x00000048   Zero   RW           44    .bss.htim1          tim_1.o
    0x200001d8        -       0x00000048   Zero   RW           45    .bss.htim2          tim_1.o
    0x20000220        -       0x00000044   Zero   RW           94    .bss.huart1         usart_1.o
    0x20000264        -       0x00000044   Zero   RW           93    .bss.huart4         usart_1.o
    0x200002a8        -       0x00000004   Zero   RW          785    .bss.uwTick         stm32f4xx_hal.o
    0x200002ac   0x080035d8   0x00000004   PAD
    0x200002b0        -       0x00000200   Zero   RW            2    HEAP                startup_stm32f407xx.o
    0x200004b0        -       0x00000400   Zero   RW            1    STACK               startup_stm32f407xx.o


    Execution Region RW_IRAM2 (Exec base: 0x2001c000, Load base: 0x080035d8, Size: 0x00000000, Max: 0x00004000, ABSOLUTE)

    **** No section assigned to this execution region ****


==============================================================================

Image component sizes


      Code (inc. data)   RO Data    RW Data    ZI Data      Debug   Object Name

       194          0          0          0          0       2174   gpio_1.o
       248          0          0          0          0       3843   main_1.o
       272          8          7          0         26       1921   openmv.o
        64         26        392          0       1536        820   startup_stm32f407xx.o
       164          0          0          8          4       7277   stm32f4xx_hal.o
       196          0          0          0          0      10405   stm32f4xx_hal_cortex.o
       178          0          0          0          0      10507   stm32f4xx_hal_dma.o
       424          0          0          0          0       5325   stm32f4xx_hal_gpio.o
        56          0          0          0          0       1433   stm32f4xx_hal_msp_1.o
      1478          0          0          0          0       7358   stm32f4xx_hal_rcc.o
      2518         10          0          0          0      57194   stm32f4xx_hal_tim.o
       266          0          0          0          0      21463   stm32f4xx_hal_tim_ex.o
      2076          0          0          0          0      32047   stm32f4xx_hal_uart.o
        44          0          0          0          0       5648   stm32f4xx_it_1.o
        18          0         24          4          0       2622   system_stm32f4xx.o
       820          0          0          0        144       9601   tim_1.o
       396          0          0          0        138       7561   usart_1.o

    ----------------------------------------------------------------------
      9498         44        456         12       1852     187199   Object Totals
         0          0         32          0          0          0   (incl. Generated)
        86          0          1          0          4          0   (incl. Padding)

    ----------------------------------------------------------------------

      Code (inc. data)   RO Data    RW Data    ZI Data      Debug   Library Member Name

         8          0          0          0          0         68   __main.o
       104          0          0          0          0         84   __printf.o
         0          0          0          0          0          0   __rtentry.o
        12          0          0          0          0          0   __rtentry2.o
         6          0          0          0          0          0   __rtentry4.o
        94          8          0          0          0          0   __scatter.o
        26          0          0          0          0          0   __scatter_copy.o
        28          0          0          0          0          0   __scatter_zi.o
        48          6          0          0          0         96   _printf_char_common.o
        36          4          0          0          0         80   _printf_char_file.o
         6          0          0          0          0          0   _printf_d.o
       120         16          0          0          0         92   _printf_dec.o
       178          0          0          0          0         88   _printf_intcommon.o
         0          0          0          0          0          0   _printf_percent.o
         4          0          0          0          0          0   _printf_percent_end.o
        10          0          0          0          0         68   defsig_exit.o
        50          0          0          0          0         88   defsig_general.o
        80         58          0          0          0         76   defsig_rtmem_inner.o
        14          0          0          0          0         80   defsig_rtmem_outer.o
        52         38          0          0          0         76   defsig_rtred_inner.o
        14          0          0          0          0         80   defsig_rtred_outer.o
        18          0          0          0          0         80   exit.o
        76          0          0          0          0         88   fclose.o
         8          0          0          0          0         68   ferror.o
       482          0          0          0          0         92   flsbuf.o
       240          6          0          0          0        128   fopen.o
        28          0          0          0          0         68   fputc.o
       248          6          0          0          0         84   fseek.o
        66          0          0          0          0         76   ftell.o
        94          0          0          0          0         80   h1_alloc.o
        52          0          0          0          0         68   h1_extend.o
        78          0          0          0          0         80   h1_free.o
        12          0          0          0          0         84   h1_init.o
         6          0          0          0          0        152   heapauxi.o
         4          0          0          0          0        136   hguard.o
         0          0          0          0          0          0   indicate_semi.o
       138          0          0          0          0        168   init_alloc.o
       312         46          0          0          0        112   initio.o
         2          0          0          0          0          0   libinit.o
        18          0          0          0          0          0   libinit2.o
         2          0          0          0          0          0   libshutdown.o
         6          0          0          0          0          0   libshutdown2.o
         8          4          0          0         96         68   libspace.o
       240          0          0          0          0        100   lludivv7m.o
         0          0          0          0          0          0   maybetermalloc1.o
        24          4          0          0          0         84   noretval__2printf.o
         8          4          0          0          0         68   rt_errno_addr_intlibspace.o
         8          4          0          0          0         68   rt_heap_descriptor_intlibspace.o
        78          0          0          0          0         80   rt_memclr_w.o
         2          0          0          0          0          0   rtexit.o
        10          0          0          0          0          0   rtexit2.o
        70          0          0          0          0         80   setvbuf.o
       264          6          0          0          0        160   stdio.o
         0          0          0         12        252          0   stdio_streams.o
        62          0          0          0          0         76   strlen.o
        12          4          0          0          0         68   sys_exit.o
       102          0          0          0          0        240   sys_io.o
         0          0         12          0          0          0   sys_io_names.o
        74          0          0          0          0         80   sys_stackheap_outer.o
        14          0          0          0          0         76   sys_wrch.o
         2          0          0          0          0         68   use_no_semi.o
        26          0          0          0          0        116   fpinit.o

    ----------------------------------------------------------------------
      3794        214         12         12        348       3972   Library Totals
        10          0          0          0          0          0   (incl. Padding)

    ----------------------------------------------------------------------

      Code (inc. data)   RO Data    RW Data    ZI Data      Debug   Library Name

      3758        214         12         12        348       3856   c_w.l
        26          0          0          0          0        116   fz_wm.l

    ----------------------------------------------------------------------
      3794        214         12         12        348       3972   Library Totals

    ----------------------------------------------------------------------

==============================================================================


      Code (inc. data)   RO Data    RW Data    ZI Data      Debug   

     13292        258        468         24       2200     188911   Grand Totals
     13292        258        468         24       2200     188911   ELF Image Totals
     13292        258        468         24          0          0   ROM Totals

==============================================================================

    Total RO  Size (Code + RO Data)                13760 (  13.44kB)
    Total RW  Size (RW Data + ZI Data)              2224 (   2.17kB)
    Total ROM Size (Code + RO Data + RW Data)      13784 (  13.46kB)

==============================================================================

