Component: Arm Compiler for Embedded 6.22 Tool: armlink [5ee90200]

==============================================================================

Section Cross References

    startup_stm32f407xx.o(STACK) refers (Special) to heapauxi.o(.text) for __use_two_region_memory
    startup_stm32f407xx.o(HEAP) refers (Special) to heapauxi.o(.text) for __use_two_region_memory
    startup_stm32f407xx.o(RESET) refers (Special) to heapauxi.o(.text) for __use_two_region_memory
    startup_stm32f407xx.o(RESET) refers to startup_stm32f407xx.o(STACK) for __initial_sp
    startup_stm32f407xx.o(RESET) refers to startup_stm32f407xx.o(.text) for Reset_Handler
    startup_stm32f407xx.o(RESET) refers to stm32f4xx_it_1.o(.text.NMI_Handler) for NMI_Handler
    startup_stm32f407xx.o(RESET) refers to stm32f4xx_it_1.o(.text.HardFault_Handler) for HardFault_Handler
    startup_stm32f407xx.o(RESET) refers to stm32f4xx_it_1.o(.text.MemManage_Handler) for MemManage_Handler
    startup_stm32f407xx.o(RESET) refers to stm32f4xx_it_1.o(.text.BusFault_Handler) for BusFault_Handler
    startup_stm32f407xx.o(RESET) refers to stm32f4xx_it_1.o(.text.UsageFault_Handler) for UsageFault_Handler
    startup_stm32f407xx.o(RESET) refers to stm32f4xx_it_1.o(.text.SVC_Handler) for SVC_Handler
    startup_stm32f407xx.o(RESET) refers to stm32f4xx_it_1.o(.text.DebugMon_Handler) for DebugMon_Handler
    startup_stm32f407xx.o(RESET) refers to stm32f4xx_it_1.o(.text.PendSV_Handler) for PendSV_Handler
    startup_stm32f407xx.o(RESET) refers to stm32f4xx_it_1.o(.text.SysTick_Handler) for SysTick_Handler
    startup_stm32f407xx.o(RESET) refers to stm32f4xx_it_1.o(.text.DMA1_Stream6_IRQHandler) for DMA1_Stream6_IRQHandler
    startup_stm32f407xx.o(RESET) refers to stm32f4xx_it_1.o(.text.EXTI9_5_IRQHandler) for EXTI9_5_IRQHandler
    startup_stm32f407xx.o(RESET) refers to stm32f4xx_it_1.o(.text.TIM2_IRQHandler) for TIM2_IRQHandler
    startup_stm32f407xx.o(RESET) refers to stm32f4xx_it_1.o(.text.USART1_IRQHandler) for USART1_IRQHandler
    startup_stm32f407xx.o(RESET) refers to stm32f4xx_it_1.o(.text.USART2_IRQHandler) for USART2_IRQHandler
    startup_stm32f407xx.o(.text) refers (Special) to heapauxi.o(.text) for __use_two_region_memory
    startup_stm32f407xx.o(.text) refers to system_stm32f4xx.o(.text.SystemInit) for SystemInit
    startup_stm32f407xx.o(.text) refers to __main.o(!!!main) for __main
    startup_stm32f407xx.o(.text) refers to startup_stm32f407xx.o(HEAP) for Heap_Mem
    startup_stm32f407xx.o(.text) refers to startup_stm32f407xx.o(STACK) for Stack_Mem
    main_1.o(.text.fputc) refers to usart_1.o(.bss.huart1) for huart1
    main_1.o(.text.fputc) refers to stm32f4xx_hal_uart.o(.text.HAL_UART_Transmit) for HAL_UART_Transmit
    main_1.o(.ARM.exidx.text.fputc) refers to main_1.o(.text.fputc) for [Anonymous Symbol]
    main_1.o(.text.main) refers to stm32f4xx_hal.o(.text.HAL_Init) for HAL_Init
    main_1.o(.text.main) refers to main_1.o(.text.SystemClock_Config) for SystemClock_Config
    main_1.o(.text.main) refers to gpio_1.o(.text.MX_GPIO_Init) for MX_GPIO_Init
    main_1.o(.text.main) refers to tim_1.o(.text.MX_TIM1_Init) for MX_TIM1_Init
    main_1.o(.text.main) refers to usart_1.o(.text.MX_UART4_Init) for MX_UART4_Init
    main_1.o(.text.main) refers to dma.o(.text.MX_DMA_Init) for MX_DMA_Init
    main_1.o(.text.main) refers to usart_1.o(.text.MX_USART1_UART_Init) for MX_USART1_UART_Init
    main_1.o(.text.main) refers to usart_1.o(.text.MX_USART2_UART_Init) for MX_USART2_UART_Init
    main_1.o(.text.main) refers to tim_1.o(.text.MX_TIM2_Init) for MX_TIM2_Init
    main_1.o(.text.main) refers to tim_1.o(.text.MX_TIM3_Init) for MX_TIM3_Init
    main_1.o(.text.main) refers to tim_1.o(.bss.htim1) for htim1
    main_1.o(.text.main) refers to stm32f4xx_hal_tim.o(.text.HAL_TIM_Base_Start) for HAL_TIM_Base_Start
    main_1.o(.text.main) refers to tim_1.o(.bss.htim2) for htim2
    main_1.o(.text.main) refers to stm32f4xx_hal_tim.o(.text.HAL_TIM_Base_Start_IT) for HAL_TIM_Base_Start_IT
    main_1.o(.text.main) refers to usart_1.o(.bss.huart1) for huart1
    main_1.o(.text.main) refers to usart_1.o(.bss.USART1_RXbuff) for USART1_RXbuff
    main_1.o(.text.main) refers to stm32f4xx_hal_uart.o(.text.HAL_UART_Receive_IT) for HAL_UART_Receive_IT
    main_1.o(.ARM.exidx.text.main) refers to main_1.o(.text.main) for [Anonymous Symbol]
    main_1.o(.text.SystemClock_Config) refers to rt_memclr_w.o(.text) for __aeabi_memclr4
    main_1.o(.text.SystemClock_Config) refers to stm32f4xx_hal_rcc.o(.text.HAL_RCC_OscConfig) for HAL_RCC_OscConfig
    main_1.o(.text.SystemClock_Config) refers to stm32f4xx_hal_rcc.o(.text.HAL_RCC_ClockConfig) for HAL_RCC_ClockConfig
    main_1.o(.ARM.exidx.text.SystemClock_Config) refers to main_1.o(.text.SystemClock_Config) for [Anonymous Symbol]
    main_1.o(.ARM.exidx.text.Error_Handler) refers to main_1.o(.text.Error_Handler) for [Anonymous Symbol]
[...]
    .text                                    0x080005f0   Section        0  ferror.o(.text)
    .text                                    0x080005f8   Section        0  initio.o(.text)
    .text                                    0x08000730   Section       74  sys_stackheap_outer.o(.text)
    .text                                    0x0800077a   Section        0  h1_free.o(.text)
    .text                                    0x080007c8   Section        0  setvbuf.o(.text)
    _freopen_locked                          0x08000811   Thumb Code     0  fopen.o(.text)
    .text                                    0x08000810   Section        0  fopen.o(.text)
    .text                                    0x08000900   Section        0  fclose.o(.text)
    .text                                    0x0800094c   Section        0  exit.o(.text)
    .text                                    0x0800095e   Section        0  defsig_rtred_outer.o(.text)
    .text                                    0x0800096c   Section        0  sys_io.o(.text)
    .text                                    0x080009d4   Section        8  libspace.o(.text)
    .text                                    0x080009dc   Section        8  rt_heap_descriptor_intlibspace.o(.text)
    .text                                    0x080009e4   Section        0  hguard.o(.text)
    .text                                    0x080009e8   Section        0  init_alloc.o(.text)
    .text                                    0x08000a72   Section        0  h1_alloc.o(.text)
    .text                                    0x08000ad0   Section        0  fseek.o(.text)
    .text                                    0x08000bc8   Section        0  stdio.o(.text)
    .text                                    0x08000cd0   Section        0  defsig_exit.o(.text)
    .text                                    0x08000cdc   Section        0  defsig_rtred_inner.o(.text)
    .text                                    0x08000d10   Section        0  sys_exit.o(.text)
    .text                                    0x08000d1c   Section        2  use_no_semi.o(.text)
    .text                                    0x08000d1e   Section        0  indicate_semi.o(.text)
    .text                                    0x08000d1e   Section        0  maybetermalloc1.o(.text)
    .text                                    0x08000d1e   Section        0  h1_init.o(.text)
    .text                                    0x08000d2a   Section        0  h1_extend.o(.text)
    .text                                    0x08000d5e   Section        0  ftell.o(.text)
    .text                                    0x08000da0   Section        0  defsig_general.o(.text)
    .text                                    0x08000dd2   Section        0  defsig_rtmem_outer.o(.text)
    .text                                    0x08000de0   Section        0  strlen.o(.text)
    .text                                    0x08000e1e   Section        0  sys_wrch.o(.text)
    .text                                    0x08000e2c   Section        8  rt_errno_addr_intlibspace.o(.text)
    .text                                    0x08000e34   Section        0  defsig_rtmem_inner.o(.text)
    [Anonymous Symbol]                       0x08000e84   Section        0  stm32f4xx_it_1.o(.text.BusFault_Handler)
    [Anonymous Symbol]                       0x08000e88   Section        0  stm32f4xx_it_1.o(.text.DMA1_Stream6_IRQHandler)
    [Anonymous Symbol]                       0x08000e94   Section        0  stm32f4xx_it_1.o(.text.DebugMon_Handler)
    [Anonymous Symbol]                       0x08000e98   Section        0  stm32f4xx_it_1.o(.text.EXTI9_5_IRQHandler)
    [Anonymous Symbol]                       0x08000ea0   Section        0  main_1.o(.text.Error_Handler)
    [Anonymous Symbol]                       0x08000eac   Section        0  stm32f4xx_hal_dma.o(.text.HAL_DMA_Abort)
    [Anonymous Symbol]                       0x08000f3c   Section        0  stm32f4xx_hal_dma.o(.text.HAL_DMA_Abort_IT)
    [Anonymous Symbol]                       0x08000f60   Section        0  stm32f4xx_hal_dma.o(.text.HAL_DMA_IRQHandler)
    [Anonymous Symbol]                       0x08001124   Section        0  stm32f4xx_hal_dma.o(.text.HAL_DMA_Init)
    [Anonymous Symbol]                       0x08001288   Section        0  stm32f4xx_hal_dma.o(.text.HAL_DMA_Start_IT)
    [Anonymous Symbol]                       0x0800132c   Section        0  gpio_1.o(.text.HAL_GPIO_EXTI_Callback)
    [Anonymous Symbol]                       0x08001344   Section        0  stm32f4xx_hal_gpio.o(.text.HAL_GPIO_EXTI_IRQHandler)
    [Anonymous Symbol]                       0x0800135c   Section        0  stm32f4xx_hal_gpio.o(.text.HAL_GPIO_Init)
    [Anonymous Symbol]                       0x080014fc   Section        0  stm32f4xx_hal_gpio.o(.text.HAL_GPIO_WritePin)
    [Anonymous Symbol]                       0x08001508   Section        0  stm32f4xx_hal.o(.text.HAL_GetTick)
    [Anonymous Symbol]                       0x08001514   Section        0  stm32f4xx_hal.o(.text.HAL_IncTick)
    [Anonymous Symbol]                       0x08001530   Section        0  stm32f4xx_hal.o(.text.HAL_Init)
    [Anonymous Symbol]                       0x08001568   Section        0  stm32f4xx_hal.o(.text.HAL_InitTick)
    [Anonymous Symbol]                       0x080015b0   Section        0  stm32f4xx_hal_msp_1.o(.text.HAL_MspInit)
    [Anonymous Symbol]                       0x080015e8   Section        0  stm32f4xx_hal_cortex.o(.text.HAL_NVIC_EnableIRQ)
    [Anonymous Symbol]                       0x0800160c   Section        0  stm32f4xx_hal_cortex.o(.text.HAL_NVIC_SetPriority)
    [Anonymous Symbol]                       0x08001664   Section        0  stm32f4xx_hal_cortex.o(.text.HAL_NVIC_SetPriorityGrouping)
    [Anonymous Symbol]                       0x08001684   Section        0  stm32f4xx_hal_rcc.o(.text.HAL_RCC_ClockConfig)
    [Anonymous Symbol]                       0x080017e8   Section        0  stm32f4xx_hal_rcc.o(.text.HAL_RCC_GetPCLK1Freq)
    [Anonymous Symbol]                       0x08001810   Section        0  stm32f4xx_hal_rcc.o(.text.HAL_RCC_GetPCLK2Freq)
    [Anonymous Symbol]                       0x08001838   Section        0  stm32f4xx_hal_rcc.o(.text.HAL_RCC_GetSysClockFreq)
    [Anonymous Symbol]                       0x080018a4   Section        0  stm32f4xx_hal_rcc.o(.text.HAL_RCC_OscConfig)
    [Anonymous Symbol]                       0x08001c50   Section        0  stm32f4xx_hal_cortex.o(.text.HAL_SYSTICK_Config)
    [Anonymous Symbol]                       0x08001c7c   Section        0  stm32f4xx_hal_tim_ex.o(.text.HAL_TIMEx_BreakCallback)
    [Anonymous Symbol]                       0x08001c80   Section        0  stm32f4xx_hal_tim_ex.o(.text.HAL_TIMEx_CommutCallback)
    [Anonymous Symbol]                       0x08001c84   Section        0  stm32f4xx_hal_tim_ex.o(.text.HAL_TIMEx_ConfigBreakDeadTime)
    [Anonymous Symbol]                       0x08001cd0   Section        0  stm32f4xx_hal_tim_ex.o(.text.HAL_TIMEx_MasterConfigSynchronization)
    [Anonymous Symbol]                       0x08001d8c   Section        0  stm32f4xx_hal_tim.o(.text.HAL_TIM_Base_Init)
    [Anonymous Symbol]                       0x08001de8   Section        0  tim_1.o(.text.HAL_TIM_Base_MspInit)
    [Anonymous Symbol]                       0x08001e84   Section        0  stm32f4xx_hal_tim.o(.text.HAL_TIM_Base_Start)
    [Anonymous Symbol]                       0x08001f28   Section        0  stm32f4xx_hal_tim.o(.text.HAL_TIM_Base_Start_IT)
    [Anonymous Symbol]                       0x08001fd4   Section        0  stm32f4xx_hal_tim.o(.text.HAL_TIM_ConfigClockSource)
    [Anonymous Symbol]                       0x08002174   Section        0  stm32f4xx_hal_tim.o(.text.HAL_TIM_IC_CaptureCallback)
    [Anonymous Symbol]                       0x08002178   Section        0  stm32f4xx_hal_tim.o(.text.HAL_TIM_IRQHandler)
    [Anonymous Symbol]                       0x080022e8   Section        0  stm32f4xx_hal_tim.o(.text.HAL_TIM_OC_ConfigChannel)
    [Anonymous Symbol]                       0x0800249c   Section        0  stm32f4xx_hal_tim.o(.text.HAL_TIM_OC_DelayElapsedCallback)
    [Anonymous Symbol]                       0x080024a0   Section        0  stm32f4xx_hal_tim.o(.text.HAL_TIM_OC_Init)
    [Anonymous Symbol]                       0x080024fc   Section        0  stm32f4xx_hal_tim.o(.text.HAL_TIM_OC_MspInit)
    [Anonymous Symbol]                       0x08002500   Section        0  stm32f4xx_hal_tim.o(.text.HAL_TIM_PWM_ConfigChannel)
    [Anonymous Symbol]                       0x08002720   Section        0  stm32f4xx_hal_tim.o(.text.HAL_TIM_PWM_Init)
    [Anonymous Symbol]                       0x0800277c   Section        0  stm32f4xx_hal_tim.o(.text.HAL_TIM_PWM_MspInit)
    [Anonymous Symbol]                       0x08002780   Section        0  stm32f4xx_hal_tim.o(.text.HAL_TIM_PWM_PulseFinishedCallback)
    [Anonymous Symbol]                       0x08002784   Section        0  tim_1.o(.text.HAL_TIM_PeriodElapsedCallback)
    [Anonymous Symbol]                       0x080027b0   Section        0  stm32f4xx_hal_tim.o(.text.HAL_TIM_TriggerCallback)
    [Anonymous Symbol]                       0x080027b4   Section        0  stm32f4xx_hal_uart.o(.text.HAL_UARTEx_RxEventCallback)
    [Anonymous Symbol]                       0x080027b8   Section        0  stm32f4xx_hal_uart.o(.text.HAL_UART_ErrorCallback)
    [Anonymous Symbol]                       0x080027bc   Section        0  stm32f4xx_hal_uart.o(.text.HAL_UART_IRQHandler)
    [Anonymous Symbol]                       0x08002d24   Section        0  stm32f4xx_hal_uart.o(.text.HAL_UART_Init)
    [Anonymous Symbol]                       0x08002d84   Section        0  usart_1.o(.text.HAL_UART_MspInit)
    [Anonymous Symbol]                       0x08002f10   Section        0  stm32f4xx_hal_uart.o(.text.HAL_UART_Receive_IT)
    [Anonymous Symbol]                       0x08002f70   Section        0  usart_1.o(.text.HAL_UART_RxCpltCallback)
    [Anonymous Symbol]                       0x08002fa4   Section        0  stm32f4xx_hal_uart.o(.text.HAL_UART_Transmit)
    [Anonymous Symbol]                       0x08003228   Section        0  stm32f4xx_hal_uart.o(.text.HAL_UART_Transmit_DMA)
    [Anonymous Symbol]                       0x080032f4   Section        0  stm32f4xx_hal_uart.o(.text.HAL_UART_TxCpltCallback)
    [Anonymous Symbol]                       0x080032f8   Section        0  stm32f4xx_hal_uart.o(.text.HAL_UART_TxHalfCpltCallback)
    [Anonymous Symbol]                       0x080032fc   Section        0  stm32f4xx_it_1.o(.text.HardFault_Handler)
    [Anonymous Symbol]                       0x08003300   Section        0  vofa.o(.text.JustFloat)
    [Anonymous Symbol]                       0x0800334c   Section        0  dma.o(.text.MX_DMA_Init)
    [Anonymous Symbol]                       0x08003384   Section        0  gpio_1.o(.text.MX_GPIO_Init)
    [Anonymous Symbol]                       0x08003434   Section        0  tim_1.o(.text.MX_TIM1_Init)
    [Anonymous Symbol]                       0x080035cc   Section        0  tim_1.o(.text.MX_TIM2_Init)
    [Anonymous Symbol]                       0x08003644   Section        0  tim_1.o(.text.MX_TIM3_Init)
    [Anonymous Symbol]                       0x0800379c   Section        0  usart_1.o(.text.MX_UART4_Init)
    [Anonymous Symbol]                       0x080037d8   Section        0  usart_1.o(.text.MX_USART1_UART_Init)
    [Anonymous Symbol]                       0x08003814   Section        0  usart_1.o(.text.MX_USART2_UART_Init)
    [Anonymous Symbol]                       0x08003850   Section        0  stm32f4xx_it_1.o(.text.MemManage_Handler)
    [Anonymous Symbol]                       0x08003854   Section        0  stm32f4xx_it_1.o(.text.NMI_Handler)
    [Anonymous Symbol]                       0x08003858   Section        0  openmv.o(.text.Openmv_Receive_Data)
    [Anonymous Symbol]                       0x08003964   Section        0  stm32f4xx_it_1.o(.text.PendSV_Handler)
    [Anonymous Symbol]                       0x08003968   Section        0  stm32f4xx_it_1.o(.text.SVC_Handler)
    [Anonymous Symbol]                       0x0800396c   Section        0  stm32f4xx_it_1.o(.text.SysTick_Handler)
    [Anonymous Symbol]                       0x08003970   Section        0  main_1.o(.text.SystemClock_Config)
    [Anonymous Symbol]                       0x08003a20   Section        0  system_stm32f4xx.o(.text.SystemInit)
    [Anonymous Symbol]                       0x08003a34   Section        0  stm32f4xx_it_1.o(.text.TIM2_IRQHandler)
    [Anonymous Symbol]                       0x08003a40   Section        0  stm32f4xx_hal_tim.o(.text.TIM_Base_SetConfig)
    UART_DMAAbortOnError                     0x08003b75   Thumb Code    12  stm32f4xx_hal_uart.o(.text.UART_DMAAbortOnError)
    [Anonymous Symbol]                       0x08003b74   Section        0  stm32f4xx_hal_uart.o(.text.UART_DMAAbortOnError)
    UART_DMAError                            0x08003b81   Thumb Code   380  stm32f4xx_hal_uart.o(.text.UART_DMAError)
    [Anonymous Symbol]                       0x08003b80   Section        0  stm32f4xx_hal_uart.o(.text.UART_DMAError)
    UART_DMATransmitCplt                     0x08003cfd   Thumb Code   176  stm32f4xx_hal_uart.o(.text.UART_DMATransmitCplt)
    [Anonymous Symbol]                       0x08003cfc   Section        0  stm32f4xx_hal_uart.o(.text.UART_DMATransmitCplt)
    UART_DMATxHalfCplt                       0x08003dad   Thumb Code     6  stm32f4xx_hal_uart.o(.text.UART_DMATxHalfCplt)
    [Anonymous Symbol]                       0x08003dac   Section        0  stm32f4xx_hal_uart.o(.text.UART_DMATxHalfCplt)
    UART_Receive_IT                          0x08003db5   Thumb Code   254  stm32f4xx_hal_uart.o(.text.UART_Receive_IT)
    [Anonymous Symbol]                       0x08003db4   Section        0  stm32f4xx_hal_uart.o(.text.UART_Receive_IT)
    UART_SetConfig                           0x08003eb5   Thumb Code   230  stm32f4xx_hal_uart.o(.text.UART_SetConfig)
    [Anonymous Symbol]                       0x08003eb4   Section        0  stm32f4xx_hal_uart.o(.text.UART_SetConfig)
    [Anonymous Symbol]                       0x08003f9c   Section        0  stm32f4xx_it_1.o(.text.USART1_IRQHandler)
    [Anonymous Symbol]                       0x08003fa8   Section        0  stm32f4xx_it_1.o(.text.USART2_IRQHandler)
    [Anonymous Symbol]                       0x08003fb4   Section        0  stm32f4xx_it_1.o(.text.UsageFault_Handler)
    [Anonymous Symbol]                       0x08003fb8   Section        0  main_1.o(.text.fputc)
    [Anonymous Symbol]                       0x08003fd8   Section        0  main_1.o(.text.main)
    [Anonymous Symbol]                       0x08004034   Section        0  steer.o(.text.steer_set_down_angle)
    [Anonymous Symbol]                       0x08004080   Section        0  steer.o(.text.steer_set_up_angle)
    $v0                                      0x080040ca   Number         0  fpinit.o(x$fpl$fpinit)
    x$fpl$fpinit                             0x080040ca   Section       26  fpinit.o(x$fpl$fpinit)
    .constdata                               0x080040e4   Section        4  sys_io_names.o(.constdata)
    .constdata                               0x080040e8   Section        4  sys_io_names.o(.constdata)
    .constdata                               0x080040ec   Section        4  sys_io_names.o(.constdata)
    DMA_CalcBaseAndBitshift.flagBitshiftOffset 0x08004108   Data           8  stm32f4xx_hal_dma.o(.rodata.cst8)
    [Anonymous Symbol]                       0x08004108   Section        0  stm32f4xx_hal_dma.o(.rodata.cst8)
    .L.str                                   0x08004110   Data           7  openmv.o(.rodata.str1.1)
    [Anonymous Symbol]                       0x08004110   Section        0  openmv.o(.rodata.str1.1)
    .data                                    0x20000000   Section        4  stdio_streams.o(.data)
    .data                                    0x20000004   Section        4  stdio_streams.o(.data)
    .data                                    0x20000008   Section        4  stdio_streams.o(.data)
    .L_MergedGlobals                         0x2000000c   Data           8  stm32f4xx_hal.o(.data..L_MergedGlobals)
    [Anonymous Symbol]                       0x2000000c   Section        0  stm32f4xx_hal.o(.data..L_MergedGlobals)
    .bss                                     0x20000018   Section       84  stdio_streams.o(.bss)
    .bss                                     0x2000006c   Section       84  stdio_streams.o(.bss)
    .bss                                     0x200000c0   Section       84  stdio_streams.o(.bss)
    .bss                                     0x20000114   Section       96  libspace.o(.bss)
    .L_MergedGlobals                         0x20000174   Data          50  openmv.o(.bss..L_MergedGlobals)
    [Anonymous Symbol]                       0x20000174   Section        0  openmv.o(.bss..L_MergedGlobals)
    Openmv_Receive_Place_Data.RxCounter1     0x2000017a   Data           1  openmv.o(.bss..L_MergedGlobals)
    Openmv_Receive_Place_Data.RxState        0x2000017b   Data           1  openmv.o(.bss..L_MergedGlobals)
    Openmv_Receive_Data.RxCounter1           0x2000017c   Data           1  openmv.o(.bss..L_MergedGlobals)
    Openmv_Receive_Data.RxState              0x2000017d   Data           1  openmv.o(.bss..L_MergedGlobals)
    Openmv_Receive_Place_Data.RxBuffer1      0x2000017e   Data          20  openmv.o(.bss..L_MergedGlobals)
    Openmv_Receive_Data.RxBuffer1            0x20000192   Data          20  openmv.o(.bss..L_MergedGlobals)
    HAL_TIM_PeriodElapsedCallback.TIM2_Counter 0x200001a6   Data           2  tim_1.o(.bss.HAL_TIM_PeriodElapsedCallback.TIM2_Counter)
    [Anonymous Symbol]                       0x200001a6   Section        0  tim_1.o(.bss.HAL_TIM_PeriodElapsedCallback.TIM2_Counter)
    Heap_Mem                                 0x200003b8   Data         512  startup_stm32f407xx.o(HEAP)
    HEAP                                     0x200003b8   Section      512  startup_stm32f407xx.o(HEAP)
    Stack_Mem                                0x200005b8   Data        1024  startup_stm32f407xx.o(STACK)
    STACK                                    0x200005b8   Section     1024  startup_stm32f407xx.o(STACK)
    __initial_sp                             0x200009b8   Data           0  startup_stm32f407xx.o(STACK)

    Global Symbols

    Symbol Name                              Value     Ov Type        Size  Object(Section)

    BuildAttributes$$THM_ISAv4$E$P$D$K$B$S$7EM$VFPi3$EXTD16$VFPS$VFMA$PE$A:L22UL41UL21$X:L11$S22US41US21$IEEE1$IW$~IW$USESV6$~STKCKD$USESV7$~SHL$OTIME$ROPI$EBA8$UX$STANDARDLIB$REQ8$PRES8$EABIv2 0x00000000   Number         0  anon$$obj.o ABSOLUTE
    __ARM_exceptions_init                     - Undefined Weak Reference
    __alloca_initialize                       - Undefined Weak Reference
    __arm_preinit_                            - Undefined Weak Reference
    __arm_relocate_pie_                       - Undefined Weak Reference
    __cpp_initialize__aeabi_                  - Undefined Weak Reference
    __cxa_finalize                            - Undefined Weak Reference
    __rt_locale                               - Undefined Weak Reference
    __sigvec_lookup                           - Undefined Weak Reference
    __user_heap_extent                        - Undefined Weak Reference
    _atexit_init                              - Undefined Weak Reference
    _call_atexit_fns                          - Undefined Weak Reference
    _clock_init                               - Undefined Weak Reference
    _fp_trap_init                             - Undefined Weak Reference
    _fp_trap_shutdown                         - Undefined Weak Reference
    _get_lc_collate                           - Undefined Weak Reference
    _get_lc_ctype                             - Undefined Weak Reference
    _get_lc_monetary                          - Undefined Weak Reference
    _get_lc_numeric                           - Undefined Weak Reference
    _get_lc_time                              - Undefined Weak Reference
    _getenv_init                              - Undefined Weak Reference
    _handle_redirection                       - Undefined Weak Reference
    _mutex_acquire                            - Undefined Weak Reference
    _mutex_free                               - Undefined Weak Reference
    _mutex_release                            - Undefined Weak Reference
    _printf_post_padding                      - Undefined Weak Reference
    _printf_pre_padding                       - Undefined Weak Reference
    _printf_truncate_signed                   - Undefined Weak Reference
    _printf_truncate_unsigned                 - Undefined Weak Reference
    _rand_init                                - Undefined Weak Reference
    _signal_finish                            - Undefined Weak Reference
    _signal_init                              - Undefined Weak Reference
    __Vectors_Size                           0x00000188   Number         0  startup_stm32f407xx.o ABSOLUTE
    __Vectors                                0x08000000   Data           4  startup_stm32f407xx.o(RESET)
    __Vectors_End                            0x08000188   Data           0  startup_stm32f407xx.o(RESET)
    __main                                   0x08000189   Thumb Code     8  __main.o(!!!main)
    __scatterload                            0x08000191   Thumb Code     0  __scatter.o(!!!scatter)
    __scatterload_rt2                        0x08000191   Thumb Code    84  __scatter.o(!!!scatter)
    __scatterload_rt2_thumb_only             0x08000191   Thumb Code     0  __scatter.o(!!!scatter)
    __scatterload_loop                       0x0800019b   Thumb Code     0  __scatter.o(!!!scatter)
    __scatterload_copy                       0x080001ed   Thumb Code    26  __scatter_copy.o(!!handler_copy)
    __scatterload_null                       0x08000209   Thumb Code     2  __scatter.o(!!handler_null)
    __scatterload_zeroinit                   0x0800020d   Thumb Code    28  __scatter_zi.o(!!handler_zi)
    _printf_d                                0x08000229   Thumb Code     0  _printf_d.o(.ARM.Collect$$_printf_percent$$00000009)
    _printf_percent                          0x08000229   Thumb Code     0  _printf_percent.o(.ARM.Collect$$_printf_percent$$00000000)
    _printf_percent_end                      0x0800022f   Thumb Code     0  _printf_percent_end.o(.ARM.Collect$$_printf_percent$$00000017)
    __rt_lib_init                            0x08000233   Thumb Code     0  libinit.o(.ARM.Collect$$libinit$$00000000)
    __rt_lib_init_fp_1                       0x08000235   Thumb Code     0  libinit2.o(.ARM.Collect$$libinit$$00000001)
    __rt_lib_init_heap_2                     0x08000239   Thumb Code     0  libinit2.o(.ARM.Collect$$libinit$$00000007)
    __rt_lib_init_preinit_1                  0x08000239   Thumb Code     0  libinit2.o(.ARM.Collect$$libinit$$00000006)
    __rt_lib_init_relocate_pie_1             0x08000239   Thumb Code     0  libinit2.o(.ARM.Collect$$libinit$$00000004)
    __rt_lib_init_atexit_1                   0x08000241   Thumb Code     0  libinit2.o(.ARM.Collect$$libinit$$0000001D)
    __rt_lib_init_clock_1                    0x08000241   Thumb Code     0  libinit2.o(.ARM.Collect$$libinit$$00000023)
    __rt_lib_init_fp_trap_1                  0x08000241   Thumb Code     0  libinit2.o(.ARM.Collect$$libinit$$00000021)
    __rt_lib_init_getenv_1                   0x08000241   Thumb Code     0  libinit2.o(.ARM.Collect$$libinit$$00000025)
    __rt_lib_init_heap_1                     0x08000241   Thumb Code     0  libinit2.o(.ARM.Collect$$libinit$$0000000C)
    __rt_lib_init_lc_collate_1               0x08000241   Thumb Code     0  libinit2.o(.ARM.Collect$$libinit$$00000013)
    __rt_lib_init_lc_ctype_1                 0x08000241   Thumb Code     0  libinit2.o(.ARM.Collect$$libinit$$00000015)
    __rt_lib_init_lc_monetary_1              0x08000241   Thumb Code     0  libinit2.o(.ARM.Collect$$libinit$$00000017)
    __rt_lib_init_lc_numeric_1               0x08000241   Thumb Code     0  libinit2.o(.ARM.Collect$$libinit$$00000019)
    __rt_lib_init_lc_time_1                  0x08000241   Thumb Code     0  libinit2.o(.ARM.Collect$$libinit$$0000001B)
    __rt_lib_init_rand_1                     0x08000241   Thumb Code     0  libinit2.o(.ARM.Collect$$libinit$$00000010)
    __rt_lib_init_signal_1                   0x08000241   Thumb Code     0  libinit2.o(.ARM.Collect$$libinit$$0000001F)
    __rt_lib_init_stdio_2                    0x08000241   Thumb Code     0  libinit2.o(.ARM.Collect$$libinit$$00000026)
    __rt_lib_init_user_alloc_1               0x08000241   Thumb Code     0  libinit2.o(.ARM.Collect$$libinit$$0000000E)
    __rt_lib_init_alloca_1                   0x08000245   Thumb Code     0  libinit2.o(.ARM.Collect$$libinit$$00000030)
    __rt_lib_init_argv_1                     0x08000245   Thumb Code     0  libinit2.o(.ARM.Collect$$libinit$$0000002E)
    __rt_lib_init_cpp_1                      0x08000245   Thumb Code     0  libinit2.o(.ARM.Collect$$libinit$$00000034)
    __rt_lib_init_exceptions_1               0x08000245   Thumb Code     0  libinit2.o(.ARM.Collect$$libinit$$00000032)
    __rt_lib_init_return                     0x08000245   Thumb Code     0  libinit2.o(.ARM.Collect$$libinit$$00000035)
    __rt_lib_init_stdio_1                    0x08000245   Thumb Code     0  libinit2.o(.ARM.Collect$$libinit$$00000027)
    __rt_lib_shutdown                        0x08000247   Thumb Code     0  libshutdown.o(.ARM.Collect$$libshutdown$$00000000)
    __rt_lib_shutdown_cpp_1                  0x08000249   Thumb Code     0  libshutdown2.o(.ARM.Collect$$libshutdown$$00000002)
    __rt_lib_shutdown_stdio_2                0x08000249   Thumb Code     0  libshutdown2.o(.ARM.Collect$$libshutdown$$00000003)
    __rt_lib_shutdown_fp_trap_1              0x0800024d   Thumb Code     0  libshutdown2.o(.ARM.Collect$$libshutdown$$00000007)
    __rt_lib_shutdown_heap_1                 0x0800024d   Thumb Code     0  libshutdown2.o(.ARM.Collect$$libshutdown$$0000000F)
    __rt_lib_shutdown_return                 0x0800024d   Thumb Code     0  libshutdown2.o(.ARM.Collect$$libshutdown$$00000010)
    __rt_lib_shutdown_signal_1               0x0800024d   Thumb Code     0  libshutdown2.o(.ARM.Collect$$libshutdown$$0000000A)
    __rt_lib_shutdown_stdio_1                0x0800024d   Thumb Code     0  libshutdown2.o(.ARM.Collect$$libshutdown$$00000004)
    __rt_lib_shutdown_user_alloc_1           0x0800024d   Thumb Code     0  libshutdown2.o(.ARM.Collect$$libshutdown$$0000000C)
    __rt_entry                               0x0800024f   Thumb Code     0  __rtentry.o(.ARM.Collect$$rtentry$$00000000)
    __rt_entry_presh_1                       0x0800024f   Thumb Code     0  __rtentry2.o(.ARM.Collect$$rtentry$$00000002)
    __rt_entry_sh                            0x0800024f   Thumb Code     0  __rtentry4.o(.ARM.Collect$$rtentry$$00000004)
    __rt_entry_li                            0x08000255   Thumb Code     0  __rtentry2.o(.ARM.Collect$$rtentry$$0000000A)
    __rt_entry_postsh_1                      0x08000255   Thumb Code     0  __rtentry2.o(.ARM.Collect$$rtentry$$00000009)
    __rt_entry_main                          0x08000259   Thumb Code     0  __rtentry2.o(.ARM.Collect$$rtentry$$0000000D)
    __rt_entry_postli_1                      0x08000259   Thumb Code     0  __rtentry2.o(.ARM.Collect$$rtentry$$0000000C)
    __rt_exit                                0x08000261   Thumb Code     0  rtexit.o(.ARM.Collect$$rtexit$$00000000)
    __rt_exit_ls                             0x08000263   Thumb Code     0  rtexit2.o(.ARM.Collect$$rtexit$$00000003)
    __rt_exit_prels_1                        0x08000263   Thumb Code     0  rtexit2.o(.ARM.Collect$$rtexit$$00000002)
    __rt_exit_exit                           0x08000267   Thumb Code     0  rtexit2.o(.ARM.Collect$$rtexit$$00000004)
    Reset_Handler                            0x0800026d   Thumb Code     8  startup_stm32f407xx.o(.text)
    ADC_IRQHandler                           0x08000287   Thumb Code     0  startup_stm32f407xx.o(.text)
    CAN1_RX0_IRQHandler                      0x08000287   Thumb Code     0  startup_stm32f407xx.o(.text)
    CAN1_RX1_IRQHandler                      0x08000287   Thumb Code     0  startup_stm32f407xx.o(.text)
    CAN1_SCE_IRQHandler                      0x08000287   Thumb Code     0  startup_stm32f407xx.o(.text)
    CAN1_TX_IRQHandler                       0x08000287   Thumb Code     0  startup_stm32f407xx.o(.text)
    CAN2_RX0_IRQHandler                      0x08000287   Thumb Code     0  startup_stm32f407xx.o(.text)
    CAN2_RX1_IRQHandler                      0x08000287   Thumb Code     0  startup_stm32f407xx.o(.text)
    CAN2_SCE_IRQHandler                      0x08000287   Thumb Code     0  startup_stm32f407xx.o(.text)
    CAN2_TX_IRQHandler                       0x08000287   Thumb Code     0  startup_stm32f407xx.o(.text)
    DCMI_IRQHandler                          0x08000287   Thumb Code     0  startup_stm32f407xx.o(.text)
    DMA1_Stream0_IRQHandler                  0x08000287   Thumb Code     0  startup_stm32f407xx.o(.text)
    DMA1_Stream1_IRQHandler                  0x08000287   Thumb Code     0  startup_stm32f407xx.o(.text)
    DMA1_Stream2_IRQHandler                  0x08000287   Thumb Code     0  startup_stm32f407xx.o(.text)
    DMA1_Stream3_IRQHandler                  0x08000287   Thumb Code     0  startup_stm32f407xx.o(.text)
    DMA1_Stream4_IRQHandler                  0x08000287   Thumb Code     0  startup_stm32f407xx.o(.text)
    DMA1_Stream5_IRQHandler                  0x08000287   Thumb Code     0  startup_stm32f407xx.o(.text)
    DMA1_Stream7_IRQHandler                  0x08000287   Thumb Code     0  startup_stm32f407xx.o(.text)
    DMA2_Stream0_IRQHandler                  0x08000287   Thumb Code     0  startup_stm32f407xx.o(.text)
    DMA2_Stream1_IRQHandler                  0x08000287   Thumb Code     0  startup_stm32f407xx.o(.text)
    DMA2_Stream2_IRQHandler                  0x08000287   Thumb Code     0  startup_stm32f407xx.o(.text)
    DMA2_Stream3_IRQHandler                  0x08000287   Thumb Code     0  startup_stm32f407xx.o(.text)
    DMA2_Stream4_IRQHandler                  0x08000287   Thumb Code     0  startup_stm32f407xx.o(.text)
    DMA2_Stream5_IRQHandler                  0x08000287   Thumb Code     0  startup_stm32f407xx.o(.text)
    DMA2_Stream6_IRQHandler                  0x08000287   Thumb Code     0  startup_stm32f407xx.o(.text)
    DMA2_Stream7_IRQHandler                  0x08000287   Thumb Code     0  startup_stm32f407xx.o(.text)
    ETH_IRQHandler                           0x08000287   Thumb Code     0  startup_stm32f407xx.o(.text)
    ETH_WKUP_IRQHandler                      0x08000287   Thumb Code     0  startup_stm32f407xx.o(.text)
    EXTI0_IRQHandler                         0x08000287   Thumb Code     0  startup_stm32f407xx.o(.text)
    EXTI15_10_IRQHandler                     0x08000287   Thumb Code     0  startup_stm32f407xx.o(.text)
    EXTI1_IRQHandler                         0x08000287   Thumb Code     0  startup_stm32f407xx.o(.text)
    EXTI2_IRQHandler                         0x08000287   Thumb Code     0  startup_stm32f407xx.o(.text)
    EXTI3_IRQHandler                         0x08000287   Thumb Code     0  startup_stm32f407xx.o(.text)
    EXTI4_IRQHandler                         0x08000287   Thumb Code     0  startup_stm32f407xx.o(.text)
    FLASH_IRQHandler                         0x08000287   Thumb Code     0  startup_stm32f407xx.o(.text)
    FMC_IRQHandler                           0x08000287   Thumb Code     0  startup_stm32f407xx.o(.text)
    FPU_IRQHandler                           0x08000287   Thumb Code     0  startup_stm32f407xx.o(.text)
    HASH_RNG_IRQHandler                      0x08000287   Thumb Code     0  startup_stm32f407xx.o(.text)
    I2C1_ER_IRQHandler                       0x08000287   Thumb Code     0  startup_stm32f407xx.o(.text)
    I2C1_EV_IRQHandler                       0x08000287   Thumb Code     0  startup_stm32f407xx.o(.text)
    I2C2_ER_IRQHandler                       0x08000287   Thumb Code     0  startup_stm32f407xx.o(.text)
    I2C2_EV_IRQHandler                       0x08000287   Thumb Code     0  startup_stm32f407xx.o(.text)
    I2C3_ER_IRQHandler                       0x08000287   Thumb Code     0  startup_stm32f407xx.o(.text)
    I2C3_EV_IRQHandler                       0x08000287   Thumb Code     0  startup_stm32f407xx.o(.text)
    OTG_FS_IRQHandler                        0x08000287   Thumb Code     0  startup_stm32f407xx.o(.text)
    OTG_FS_WKUP_IRQHandler                   0x08000287   Thumb Code     0  startup_stm32f407xx.o(.text)
    OTG_HS_EP1_IN_IRQHandler                 0x08000287   Thumb Code     0  startup_stm32f407xx.o(.text)
    OTG_HS_EP1_OUT_IRQHandler                0x08000287   Thumb Code     0  startup_stm32f407xx.o(.text)
    OTG_HS_IRQHandler                        0x08000287   Thumb Code     0  startup_stm32f407xx.o(.text)
    OTG_HS_WKUP_IRQHandler                   0x08000287   Thumb Code     0  startup_stm32f407xx.o(.text)
    PVD_IRQHandler                           0x08000287   Thumb Code     0  startup_stm32f407xx.o(.text)
    RCC_IRQHandler                           0x08000287   Thumb Code     0  startup_stm32f407xx.o(.text)
    RTC_Alarm_IRQHandler                     0x08000287   Thumb Code     0  startup_stm32f407xx.o(.text)
    RTC_WKUP_IRQHandler                      0x08000287   Thumb Code     0  startup_stm32f407xx.o(.text)
    SDIO_IRQHandler                          0x08000287   Thumb Code     0  startup_stm32f407xx.o(.text)
    SPI1_IRQHandler                          0x08000287   Thumb Code     0  startup_stm32f407xx.o(.text)
    SPI2_IRQHandler                          0x08000287   Thumb Code     0  startup_stm32f407xx.o(.text)
    SPI3_IRQHandler                          0x08000287   Thumb Code     0  startup_stm32f407xx.o(.text)
    TAMP_STAMP_IRQHandler                    0x08000287   Thumb Code     0  startup_stm32f407xx.o(.text)
    TIM1_BRK_TIM9_IRQHandler                 0x08000287   Thumb Code     0  startup_stm32f407xx.o(.text)
    TIM1_CC_IRQHandler                       0x08000287   Thumb Code     0  startup_stm32f407xx.o(.text)
    TIM1_TRG_COM_TIM11_IRQHandler            0x08000287   Thumb Code     0  startup_stm32f407xx.o(.text)
    TIM1_UP_TIM10_IRQHandler                 0x08000287   Thumb Code     0  startup_stm32f407xx.o(.text)
    TIM3_IRQHandler                          0x08000287   Thumb Code     0  startup_stm32f407xx.o(.text)
    TIM4_IRQHandler                          0x08000287   Thumb Code     0  startup_stm32f407xx.o(.text)
    TIM5_IRQHandler                          0x08000287   Thumb Code     0  startup_stm32f407xx.o(.text)
    TIM6_DAC_IRQHandler                      0x08000287   Thumb Code     0  startup_stm32f407xx.o(.text)
    TIM7_IRQHandler                          0x08000287   Thumb Code     0  startup_stm32f407xx.o(.text)
    TIM8_BRK_TIM12_IRQHandler                0x08000287   Thumb Code     0  startup_stm32f407xx.o(.text)
    TIM8_CC_IRQHandler                       0x08000287   Thumb Code     0  startup_stm32f407xx.o(.text)
    TIM8_TRG_COM_TIM14_IRQHandler            0x08000287   Thumb Code     0  startup_stm32f407xx.o(.text)
    TIM8_UP_TIM13_IRQHandler                 0x08000287   Thumb Code     0  startup_stm32f407xx.o(.text)
    UART4_IRQHandler                         0x08000287   Thumb Code     0  startup_stm32f407xx.o(.text)
    UART5_IRQHandler                         0x08000287   Thumb Code     0  startup_stm32f407xx.o(.text)
    USART3_IRQHandler                        0x08000287   Thumb Code     0  startup_stm32f407xx.o(.text)
    USART6_IRQHandler                        0x08000287   Thumb Code     0  startup_stm32f407xx.o(.text)
    WWDG_IRQHandler                          0x08000287   Thumb Code     0  startup_stm32f407xx.o(.text)
    __user_initial_stackheap                 0x08000289   Thumb Code     0  startup_stm32f407xx.o(.text)
    __aeabi_uldivmod                         0x080002ad   Thumb Code     0  lludivv7m.o(.text)
    _ll_udiv                                 0x080002ad   Thumb Code   240  lludivv7m.o(.text)
    __2printf                                0x0800039d   Thumb Code    20  noretval__2printf.o(.text)
    __printf                                 0x080003b5   Thumb Code   104  __printf.o(.text)
    _printf_int_dec                          0x0800041d   Thumb Code   104  _printf_dec.o(.text)
    __aeabi_memclr4                          0x08000495   Thumb Code     0  rt_memclr_w.o(.text)
    __aeabi_memclr8                          0x08000495   Thumb Code     0  rt_memclr_w.o(.text)
    __rt_memclr_w                            0x08000495   Thumb Code     0  rt_memclr_w.o(.text)
    _memset_w                                0x08000499   Thumb Code    74  rt_memclr_w.o(.text)
    __use_two_region_memory                  0x080004e3   Thumb Code     2  heapauxi.o(.text)
    __rt_heap_escrow                         0x080004e5   Thumb Code     2  heapauxi.o(.text)
    __rt_heap_expand                         0x080004e7   Thumb Code     2  heapauxi.o(.text)
    _printf_int_common                       0x080004e9   Thumb Code   178  _printf_intcommon.o(.text)
    _printf_char_file                        0x0800059d   Thumb Code    32  _printf_char_file.o(.text)
    _printf_char_common                      0x080005cb   Thumb Code    32  _printf_char_common.o(.text)
    ferror                                   0x080005f1   Thumb Code     8  ferror.o(.text)
    _initio                                  0x080005f9   Thumb Code   210  initio.o(.text)
    _terminateio                             0x080006cb   Thumb Code    56  initio.o(.text)
    __user_setup_stackheap                   0x08000731   Thumb Code    74  sys_stackheap_outer.o(.text)
    free                                     0x0800077b   Thumb Code    78  h1_free.o(.text)
    setvbuf                                  0x080007c9   Thumb Code    70  setvbuf.o(.text)
    freopen                                  0x08000811   Thumb Code   160  fopen.o(.text)
    fopen                                    0x080008b1   Thumb Code    74  fopen.o(.text)
    _fclose_internal                         0x08000901   Thumb Code    76  fclose.o(.text)
    fclose                                   0x08000901   Thumb Code     0  fclose.o(.text)
    exit                                     0x0800094d   Thumb Code    18  exit.o(.text)
    __rt_SIGRTRED                            0x0800095f   Thumb Code    14  defsig_rtred_outer.o(.text)
    _sys_open                                0x0800096d   Thumb Code    20  sys_io.o(.text)
    _sys_close                               0x08000981   Thumb Code    12  sys_io.o(.text)
    _sys_write                               0x0800098d   Thumb Code    16  sys_io.o(.text)
    _sys_read                                0x0800099d   Thumb Code    14  sys_io.o(.text)
    _sys_istty                               0x080009ab   Thumb Code    12  sys_io.o(.text)
    _sys_seek                                0x080009b7   Thumb Code    14  sys_io.o(.text)
    _sys_ensure                              0x080009c5   Thumb Code     2  sys_io.o(.text)
    _sys_flen                                0x080009c7   Thumb Code    12  sys_io.o(.text)
    __user_libspace                          0x080009d5   Thumb Code     8  libspace.o(.text)
    __user_perproc_libspace                  0x080009d5   Thumb Code     0  libspace.o(.text)
    __user_perthread_libspace                0x080009d5   Thumb Code     0  libspace.o(.text)
    __rt_heap_descriptor                     0x080009dd   Thumb Code     8  rt_heap_descriptor_intlibspace.o(.text)
    __use_no_heap                            0x080009e5   Thumb Code     2  hguard.o(.text)
    __heap$guard                             0x080009e7   Thumb Code     2  hguard.o(.text)
    _terminate_user_alloc                    0x080009e9   Thumb Code     2  init_alloc.o(.text)
    _init_user_alloc                         0x080009eb   Thumb Code     2  init_alloc.o(.text)
    __Heap_Full                              0x080009ed   Thumb Code    34  init_alloc.o(.text)
    __Heap_Broken                            0x08000a0f   Thumb Code     6  init_alloc.o(.text)
    _init_alloc                              0x08000a15   Thumb Code    94  init_alloc.o(.text)
    malloc                                   0x08000a73   Thumb Code    94  h1_alloc.o(.text)
    _fseek                                   0x08000ad1   Thumb Code   242  fseek.o(.text)
    fseek                                    0x08000ad1   Thumb Code     0  fseek.o(.text)
    _seterr                                  0x08000bc9   Thumb Code    20  stdio.o(.text)
    _writebuf                                0x08000bdd   Thumb Code   108  stdio.o(.text)
    _fflush                                  0x08000c49   Thumb Code    70  stdio.o(.text)
    _deferredlazyseek                        0x08000c8f   Thumb Code    60  stdio.o(.text)
    __sig_exit                               0x08000cd1   Thumb Code    10  defsig_exit.o(.text)
    __rt_SIGRTRED_inner                      0x08000cdd   Thumb Code    14  defsig_rtred_inner.o(.text)
    _sys_exit                                0x08000d11   Thumb Code     8  sys_exit.o(.text)
    __I$use$semihosting                      0x08000d1d   Thumb Code     0  use_no_semi.o(.text)
    __use_no_semihosting_swi                 0x08000d1d   Thumb Code     2  use_no_semi.o(.text)
    __Heap_Initialize                        0x08000d1f   Thumb Code     8  h1_init.o(.text)
    __semihosting_library_function           0x08000d1f   Thumb Code     0  indicate_semi.o(.text)
    _maybe_terminate_alloc                   0x08000d1f   Thumb Code     0  maybetermalloc1.o(.text)
    __Heap_DescSize                          0x08000d27   Thumb Code     4  h1_init.o(.text)
    __Heap_ProvideMemory                     0x08000d2b   Thumb Code    52  h1_extend.o(.text)
    _ftell_internal                          0x08000d5f   Thumb Code    66  ftell.o(.text)
    ftell                                    0x08000d5f   Thumb Code     0  ftell.o(.text)
    __default_signal_display                 0x08000da1   Thumb Code    50  defsig_general.o(.text)
    __rt_SIGRTMEM                            0x08000dd3   Thumb Code    14  defsig_rtmem_outer.o(.text)
    strlen                                   0x08000de1   Thumb Code    62  strlen.o(.text)
    _ttywrch                                 0x08000e1f   Thumb Code    14  sys_wrch.o(.text)
    __aeabi_errno_addr                       0x08000e2d   Thumb Code     8  rt_errno_addr_intlibspace.o(.text)
    __errno$intlibspace                      0x08000e2d   Thumb Code     0  rt_errno_addr_intlibspace.o(.text)
    __rt_errno_addr$intlibspace              0x08000e2d   Thumb Code     0  rt_errno_addr_intlibspace.o(.text)
    __rt_SIGRTMEM_inner                      0x08000e35   Thumb Code    22  defsig_rtmem_inner.o(.text)
    BusFault_Handler                         0x08000e85   Thumb Code     2  stm32f4xx_it_1.o(.text.BusFault_Handler)
    DMA1_Stream6_IRQHandler                  0x08000e89   Thumb Code    12  stm32f4xx_it_1.o(.text.DMA1_Stream6_IRQHandler)
    DebugMon_Handler                         0x08000e95   Thumb Code     2  stm32f4xx_it_1.o(.text.DebugMon_Handler)
    EXTI9_5_IRQHandler                       0x08000e99   Thumb Code     6  stm32f4xx_it_1.o(.text.EXTI9_5_IRQHandler)
    Error_Handler                            0x08000ea1   Thumb Code    10  main_1.o(.text.Error_Handler)
    HAL_DMA_Abort                            0x08000ead   Thumb Code   142  stm32f4xx_hal_dma.o(.text.HAL_DMA_Abort)
    HAL_DMA_Abort_IT                         0x08000f3d   Thumb Code    36  stm32f4xx_hal_dma.o(.text.HAL_DMA_Abort_IT)
    HAL_DMA_IRQHandler                       0x08000f61   Thumb Code   452  stm32f4xx_hal_dma.o(.text.HAL_DMA_IRQHandler)
    HAL_DMA_Init                             0x08001125   Thumb Code   354  stm32f4xx_hal_dma.o(.text.HAL_DMA_Init)
    HAL_DMA_Start_IT                         0x08001289   Thumb Code   162  stm32f4xx_hal_dma.o(.text.HAL_DMA_Start_IT)
    HAL_GPIO_EXTI_Callback                   0x0800132d   Thumb Code    24  gpio_1.o(.text.HAL_GPIO_EXTI_Callback)
    HAL_GPIO_EXTI_IRQHandler                 0x08001345   Thumb Code    22  stm32f4xx_hal_gpio.o(.text.HAL_GPIO_EXTI_IRQHandler)
    HAL_GPIO_Init                            0x0800135d   Thumb Code   414  stm32f4xx_hal_gpio.o(.text.HAL_GPIO_Init)
    HAL_GPIO_WritePin                        0x080014fd   Thumb Code    10  stm32f4xx_hal_gpio.o(.text.HAL_GPIO_WritePin)
    HAL_GetTick                              0x08001509   Thumb Code    12  stm32f4xx_hal.o(.text.HAL_GetTick)
    HAL_IncTick                              0x08001515   Thumb Code    26  stm32f4xx_hal.o(.text.HAL_IncTick)
    HAL_Init                                 0x08001531   Thumb Code    54  stm32f4xx_hal.o(.text.HAL_Init)
    HAL_InitTick                             0x08001569   Thumb Code    72  stm32f4xx_hal.o(.text.HAL_InitTick)
    HAL_MspInit                              0x080015b1   Thumb Code    56  stm32f4xx_hal_msp_1.o(.text.HAL_MspInit)
    HAL_NVIC_EnableIRQ                       0x080015e9   Thumb Code    34  stm32f4xx_hal_cortex.o(.text.HAL_NVIC_EnableIRQ)
    HAL_NVIC_SetPriority                     0x0800160d   Thumb Code    86  stm32f4xx_hal_cortex.o(.text.HAL_NVIC_SetPriority)
    HAL_NVIC_SetPriorityGrouping             0x08001665   Thumb Code    32  stm32f4xx_hal_cortex.o(.text.HAL_NVIC_SetPriorityGrouping)
    HAL_RCC_ClockConfig                      0x08001685   Thumb Code   356  stm32f4xx_hal_rcc.o(.text.HAL_RCC_ClockConfig)
    HAL_RCC_GetPCLK1Freq                     0x080017e9   Thumb Code    38  stm32f4xx_hal_rcc.o(.text.HAL_RCC_GetPCLK1Freq)
    HAL_RCC_GetPCLK2Freq                     0x08001811   Thumb Code    38  stm32f4xx_hal_rcc.o(.text.HAL_RCC_GetPCLK2Freq)
    HAL_RCC_GetSysClockFreq                  0x08001839   Thumb Code   106  stm32f4xx_hal_rcc.o(.text.HAL_RCC_GetSysClockFreq)
    HAL_RCC_OscConfig                        0x080018a5   Thumb Code   940  stm32f4xx_hal_rcc.o(.text.HAL_RCC_OscConfig)
    HAL_SYSTICK_Config                       0x08001c51   Thumb Code    44  stm32f4xx_hal_cortex.o(.text.HAL_SYSTICK_Config)
    HAL_TIMEx_BreakCallback                  0x08001c7d   Thumb Code     2  stm32f4xx_hal_tim_ex.o(.text.HAL_TIMEx_BreakCallback)
    HAL_TIMEx_CommutCallback                 0x08001c81   Thumb Code     2  stm32f4xx_hal_tim_ex.o(.text.HAL_TIMEx_CommutCallback)
    HAL_TIMEx_ConfigBreakDeadTime            0x08001c85   Thumb Code    76  stm32f4xx_hal_tim_ex.o(.text.HAL_TIMEx_ConfigBreakDeadTime)
    HAL_TIMEx_MasterConfigSynchronization    0x08001cd1   Thumb Code   186  stm32f4xx_hal_tim_ex.o(.text.HAL_TIMEx_MasterConfigSynchronization)
    HAL_TIM_Base_Init                        0x08001d8d   Thumb Code    90  stm32f4xx_hal_tim.o(.text.HAL_TIM_Base_Init)
    HAL_TIM_Base_MspInit                     0x08001de9   Thumb Code   156  tim_1.o(.text.HAL_TIM_Base_MspInit)
    HAL_TIM_Base_Start                       0x08001e85   Thumb Code   162  stm32f4xx_hal_tim.o(.text.HAL_TIM_Base_Start)
    HAL_TIM_Base_Start_IT                    0x08001f29   Thumb Code   170  stm32f4xx_hal_tim.o(.text.HAL_TIM_Base_Start_IT)
    HAL_TIM_ConfigClockSource                0x08001fd5   Thumb Code   416  stm32f4xx_hal_tim.o(.text.HAL_TIM_ConfigClockSource)
    HAL_TIM_IC_CaptureCallback               0x08002175   Thumb Code     2  stm32f4xx_hal_tim.o(.text.HAL_TIM_IC_CaptureCallback)
    HAL_TIM_IRQHandler                       0x08002179   Thumb Code   368  stm32f4xx_hal_tim.o(.text.HAL_TIM_IRQHandler)
    HAL_TIM_OC_ConfigChannel                 0x080022e9   Thumb Code   436  stm32f4xx_hal_tim.o(.text.HAL_TIM_OC_ConfigChannel)
    HAL_TIM_OC_DelayElapsedCallback          0x0800249d   Thumb Code     2  stm32f4xx_hal_tim.o(.text.HAL_TIM_OC_DelayElapsedCallback)
    HAL_TIM_OC_Init                          0x080024a1   Thumb Code    90  stm32f4xx_hal_tim.o(.text.HAL_TIM_OC_Init)
    HAL_TIM_OC_MspInit                       0x080024fd   Thumb Code     2  stm32f4xx_hal_tim.o(.text.HAL_TIM_OC_MspInit)
    HAL_TIM_PWM_ConfigChannel                0x08002501   Thumb Code   544  stm32f4xx_hal_tim.o(.text.HAL_TIM_PWM_ConfigChannel)
    HAL_TIM_PWM_Init                         0x08002721   Thumb Code    90  stm32f4xx_hal_tim.o(.text.HAL_TIM_PWM_Init)
    HAL_TIM_PWM_MspInit                      0x0800277d   Thumb Code     2  stm32f4xx_hal_tim.o(.text.HAL_TIM_PWM_MspInit)
    HAL_TIM_PWM_PulseFinishedCallback        0x08002781   Thumb Code     2  stm32f4xx_hal_tim.o(.text.HAL_TIM_PWM_PulseFinishedCallback)
    HAL_TIM_PeriodElapsedCallback            0x08002785   Thumb Code    42  tim_1.o(.text.HAL_TIM_PeriodElapsedCallback)
    HAL_TIM_TriggerCallback                  0x080027b1   Thumb Code     2  stm32f4xx_hal_tim.o(.text.HAL_TIM_TriggerCallback)
    HAL_UARTEx_RxEventCallback               0x080027b5   Thumb Code     2  stm32f4xx_hal_uart.o(.text.HAL_UARTEx_RxEventCallback)
    HAL_UART_ErrorCallback                   0x080027b9   Thumb Code     2  stm32f4xx_hal_uart.o(.text.HAL_UART_ErrorCallback)
    HAL_UART_IRQHandler                      0x080027bd   Thumb Code  1384  stm32f4xx_hal_uart.o(.text.HAL_UART_IRQHandler)
    HAL_UART_Init                            0x08002d25   Thumb Code    94  stm32f4xx_hal_uart.o(.text.HAL_UART_Init)
    HAL_UART_MspInit                         0x08002d85   Thumb Code   396  usart_1.o(.text.HAL_UART_MspInit)
    HAL_UART_Receive_IT                      0x08002f11   Thumb Code    96  stm32f4xx_hal_uart.o(.text.HAL_UART_Receive_IT)
    HAL_UART_RxCpltCallback                  0x08002f71   Thumb Code    52  usart_1.o(.text.HAL_UART_RxCpltCallback)
    HAL_UART_Transmit                        0x08002fa5   Thumb Code   642  stm32f4xx_hal_uart.o(.text.HAL_UART_Transmit)
    HAL_UART_Transmit_DMA                    0x08003229   Thumb Code   204  stm32f4xx_hal_uart.o(.text.HAL_UART_Transmit_DMA)
    HAL_UART_TxCpltCallback                  0x080032f5   Thumb Code     2  stm32f4xx_hal_uart.o(.text.HAL_UART_TxCpltCallback)
    HAL_UART_TxHalfCpltCallback              0x080032f9   Thumb Code     2  stm32f4xx_hal_uart.o(.text.HAL_UART_TxHalfCpltCallback)
    HardFault_Handler                        0x080032fd   Thumb Code     2  stm32f4xx_it_1.o(.text.HardFault_Handler)
    JustFloat                                0x08003301   Thumb Code    76  vofa.o(.text.JustFloat)
    MX_DMA_Init                              0x0800334d   Thumb Code    56  dma.o(.text.MX_DMA_Init)
    MX_GPIO_Init                             0x08003385   Thumb Code   174  gpio_1.o(.text.MX_GPIO_Init)
    MX_TIM1_Init                             0x08003435   Thumb Code   406  tim_1.o(.text.MX_TIM1_Init)
    MX_TIM2_Init                             0x080035cd   Thumb Code   118  tim_1.o(.text.MX_TIM2_Init)
    MX_TIM3_Init                             0x08003645   Thumb Code   344  tim_1.o(.text.MX_TIM3_Init)
    MX_UART4_Init                            0x0800379d   Thumb Code    60  usart_1.o(.text.MX_UART4_Init)
    MX_USART1_UART_Init                      0x080037d9   Thumb Code    60  usart_1.o(.text.MX_USART1_UART_Init)
    MX_USART2_UART_Init                      0x08003815   Thumb Code    60  usart_1.o(.text.MX_USART2_UART_Init)
    MemManage_Handler                        0x08003851   Thumb Code     2  stm32f4xx_it_1.o(.text.MemManage_Handler)
    NMI_Handler                              0x08003855   Thumb Code     2  stm32f4xx_it_1.o(.text.NMI_Handler)
    Openmv_Receive_Data                      0x08003859   Thumb Code   260  openmv.o(.text.Openmv_Receive_Data)
    PendSV_Handler                           0x08003965   Thumb Code     2  stm32f4xx_it_1.o(.text.PendSV_Handler)
    SVC_Handler                              0x08003969   Thumb Code     2  stm32f4xx_it_1.o(.text.SVC_Handler)
    SysTick_Handler                          0x0800396d   Thumb Code     4  stm32f4xx_it_1.o(.text.SysTick_Handler)
    SystemClock_Config                       0x08003971   Thumb Code   176  main_1.o(.text.SystemClock_Config)
    SystemInit                               0x08003a21   Thumb Code    18  system_stm32f4xx.o(.text.SystemInit)
    TIM2_IRQHandler                          0x08003a35   Thumb Code    12  stm32f4xx_it_1.o(.text.TIM2_IRQHandler)
    TIM_Base_SetConfig                       0x08003a41   Thumb Code   308  stm32f4xx_hal_tim.o(.text.TIM_Base_SetConfig)
    USART1_IRQHandler                        0x08003f9d   Thumb Code    12  stm32f4xx_it_1.o(.text.USART1_IRQHandler)
    USART2_IRQHandler                        0x08003fa9   Thumb Code    12  stm32f4xx_it_1.o(.text.USART2_IRQHandler)
    UsageFault_Handler                       0x08003fb5   Thumb Code     2  stm32f4xx_it_1.o(.text.UsageFault_Handler)
    fputc                                    0x08003fb9   Thumb Code    32  main_1.o(.text.fputc)
    main                                     0x08003fd9   Thumb Code    90  main_1.o(.text.main)
    steer_set_down_angle                     0x08004035   Thumb Code    74  steer.o(.text.steer_set_down_angle)
    steer_set_up_angle                       0x08004081   Thumb Code    74  steer.o(.text.steer_set_up_angle)
    _fp_init                                 0x080040cb   Thumb Code    26  fpinit.o(x$fpl$fpinit)
    __fplib_config_fpu_vfp                   0x080040e3   Thumb Code     0  fpinit.o(x$fpl$fpinit)
    __fplib_config_pureend_doubles           0x080040e3   Thumb Code     0  fpinit.o(x$fpl$fpinit)
    __stdin_name                             0x080040e4   Data           4  sys_io_names.o(.constdata)
    __stdout_name                            0x080040e8   Data           4  sys_io_names.o(.constdata)
    __stderr_name                            0x080040ec   Data           4  sys_io_names.o(.constdata)
    AHBPrescTable                            0x080040f0   Data          16  system_stm32f4xx.o(.rodata.AHBPrescTable)
    APBPrescTable                            0x08004100   Data           8  system_stm32f4xx.o(.rodata.APBPrescTable)
    Region$$Table$$Base                      0x08004118   Number         0  anon$$obj.o(Region$$Table)
    Region$$Table$$Limit                     0x08004138   Number         0  anon$$obj.o(Region$$Table)
    __aeabi_stdin                            0x20000000   Data           4  stdio_streams.o(.data)
    __aeabi_stdout                           0x20000004   Data           4  stdio_streams.o(.data)
    __aeabi_stderr                           0x20000008   Data           4  stdio_streams.o(.data)
    uwTickFreq                               0x2000000c   Data           1  stm32f4xx_hal.o(.data..L_MergedGlobals)
    uwTickPrio                               0x20000010   Data           4  stm32f4xx_hal.o(.data..L_MergedGlobals)
    SystemCoreClock                          0x20000014   Data           4  system_stm32f4xx.o(.data.SystemCoreClock)
    __stdin                                  0x20000018   Data          84  stdio_streams.o(.bss)
    __stdout                                 0x2000006c   Data          84  stdio_streams.o(.bss)
    __stderr                                 0x200000c0   Data          84  stdio_streams.o(.bss)
    __libspace_start                         0x20000114   Data          96  libspace.o(.bss)
    CxErr                                    0x20000174   Data           1  openmv.o(.bss..L_MergedGlobals)
    __temporary_stack_top$libspace           0x20000174   Data           0  libspace.o(.bss)
    CyErr                                    0x20000175   Data           1  openmv.o(.bss..L_MergedGlobals)
    Cx                                       0x20000176   Data           1  openmv.o(.bss..L_MergedGlobals)
    Cy                                       0x20000177   Data           1  openmv.o(.bss..L_MergedGlobals)
    Cw                                       0x20000178   Data           1  openmv.o(.bss..L_MergedGlobals)
    Ch                                       0x20000179   Data           1  openmv.o(.bss..L_MergedGlobals)
    USART1_RXbuff                            0x200001a8   Data           2  usart_1.o(.bss.USART1_RXbuff)
    hdma_usart2_tx                           0x200001ac   Data          96  usart_1.o(.bss.hdma_usart2_tx)
    htim1                                    0x2000020c   Data          72  tim_1.o(.bss.htim1)
    htim2                                    0x20000254   Data          72  tim_1.o(.bss.htim2)
    htim3                                    0x2000029c   Data          72  tim_1.o(.bss.htim3)
    huart1                                   0x200002e4   Data          68  usart_1.o(.bss.huart1)
    huart2                                   0x20000328   Data          68  usart_1.o(.bss.huart2)
    huart4                                   0x2000036c   Data          68  usart_1.o(.bss.huart4)
    uwTick                                   0x200003b0   Data           4  stm32f4xx_hal.o(.bss.uwTick)



==============================================================================

Memory Map of the image

  Image Entry point : 0x08000189

  Load Region LR_IROM1 (Base: 0x08000000, Size: 0x00004150, Max: 0x00100000, ABSOLUTE)

    Execution Region ER_IROM1 (Exec base: 0x08000000, Load base: 0x08000000, Size: 0x00004138, Max: 0x00100000, ABSOLUTE)

    Exec Addr    Load Addr    Size         Type   Attr      Idx    E Section Name        Object

    0x08000000   0x08000000   0x00000188   Data   RO            3    RESET               startup_stm32f407xx.o
    0x08000188   0x08000188   0x00000008   Code   RO         1055  * !!!main             c_w.l(__main.o)
    0x08000190   0x08000190   0x0000005c   Code   RO         1394    !!!scatter          c_w.l(__scatter.o)
    0x080001ec   0x080001ec   0x0000001a   Code   RO         1398    !!handler_copy      c_w.l(__scatter_copy.o)
    0x08000206   0x08000206   0x00000002   PAD
    0x08000208   0x08000208   0x00000002   Code   RO         1395    !!handler_null      c_w.l(__scatter.o)
    0x0800020a   0x0800020a   0x00000002   PAD
    0x0800020c   0x0800020c   0x0000001c   Code   RO         1400    !!handler_zi        c_w.l(__scatter_zi.o)
    0x08000228   0x08000228   0x00000000   Code   RO         1050    .ARM.Collect$$_printf_percent$$00000000  c_w.l(_printf_percent.o)
    0x08000228   0x08000228   0x00000006   Code   RO         1049    .ARM.Collect$$_printf_percent$$00000009  c_w.l(_printf_d.o)
    0x0800022e   0x0800022e   0x00000004   Code   RO         1066    .ARM.Collect$$_printf_percent$$00000017  c_w.l(_printf_percent_end.o)
    0x08000232   0x08000232   0x00000002   Code   RO         1191    .ARM.Collect$$libinit$$00000000  c_w.l(libinit.o)
    0x08000234   0x08000234   0x00000004   Code   RO         1192    .ARM.Collect$$libinit$$00000001  c_w.l(libinit2.o)
    0x08000238   0x08000238   0x00000000   Code   RO         1195    .ARM.Collect$$libinit$$00000004  c_w.l(libinit2.o)
    0x08000238   0x08000238   0x00000000   Code   RO         1197    .ARM.Collect$$libinit$$00000006  c_w.l(libinit2.o)
    0x08000238   0x08000238   0x00000008   Code   RO         1198    .ARM.Collect$$libinit$$00000007  c_w.l(libinit2.o)
    0x08000240   0x08000240   0x00000000   Code   RO         1200    .ARM.Collect$$libinit$$0000000C  c_w.l(libinit2.o)
    0x08000240   0x08000240   0x00000000   Code   RO         1202    .ARM.Collect$$libinit$$0000000E  c_w.l(libinit2.o)
    0x08000240   0x08000240   0x00000000   Code   RO         1204    .ARM.Collect$$libinit$$00000010  c_w.l(libinit2.o)
    0x08000240   0x08000240   0x00000000   Code   RO         1207    .ARM.Collect$$libinit$$00000013  c_w.l(libinit2.o)
    0x08000240   0x08000240   0x00000000   Code   RO         1209    .ARM.Collect$$libinit$$00000015  c_w.l(libinit2.o)
    0x08000240   0x08000240   0x00000000   Code   RO         1211    .ARM.Collect$$libinit$$00000017  c_w.l(libinit2.o)
    0x08000240   0x08000240   0x00000000   Code   RO         1213    .ARM.Collect$$libinit$$00000019  c_w.l(libinit2.o)
    0x08000240   0x08000240   0x00000000   Code   RO         1215    .ARM.Collect$$libinit$$0000001B  c_w.l(libinit2.o)
    0x08000240   0x08000240   0x00000000   Code   RO         1217    .ARM.Collect$$libinit$$0000001D  c_w.l(libinit2.o)
    0x08000240   0x08000240   0x00000000   Code   RO         1219    .ARM.Collect$$libinit$$0000001F  c_w.l(libinit2.o)
    0x08000240   0x08000240   0x00000000   Code   RO         1221    .ARM.Collect$$libinit$$00000021  c_w.l(libinit2.o)
    0x08000240   0x08000240   0x00000000   Code   RO         1223    .ARM.Collect$$libinit$$00000023  c_w.l(libinit2.o)
    0x08000240   0x08000240   0x00000000   Code   RO         1225    .ARM.Collect$$libinit$$00000025  c_w.l(libinit2.o)
    0x08000240   0x08000240   0x00000004   Code   RO         1226    .ARM.Collect$$libinit$$00000026  c_w.l(libinit2.o)
    0x08000244   0x08000244   0x00000000   Code   RO         1227    .ARM.Collect$$libinit$$00000027  c_w.l(libinit2.o)
    0x08000244   0x08000244   0x00000000   Code   RO         1231    .ARM.Collect$$libinit$$0000002E  c_w.l(libinit2.o)
    0x08000244   0x08000244   0x00000000   Code   RO         1233    .ARM.Collect$$libinit$$00000030  c_w.l(libinit2.o)
    0x08000244   0x08000244   0x00000000   Code   RO         1235    .ARM.Collect$$libinit$$00000032  c_w.l(libinit2.o)
    0x08000244   0x08000244   0x00000000   Code   RO         1237    .ARM.Collect$$libinit$$00000034  c_w.l(libinit2.o)
    0x08000244   0x08000244   0x00000002   Code   RO         1238    .ARM.Collect$$libinit$$00000035  c_w.l(libinit2.o)
    0x08000246   0x08000246   0x00000002   Code   RO         1375    .ARM.Collect$$libshutdown$$00000000  c_w.l(libshutdown.o)
    0x08000248   0x08000248   0x00000000   Code   RO         1240    .ARM.Collect$$libshutdown$$00000002  c_w.l(libshutdown2.o)
    0x08000248   0x08000248   0x00000004   Code   RO         1241    .ARM.Collect$$libshutdown$$00000003  c_w.l(libshutdown2.o)
    0x0800024c   0x0800024c   0x00000000   Code   RO         1242    .ARM.Collect$$libshutdown$$00000004  c_w.l(libshutdown2.o)
    0x0800024c   0x0800024c   0x00000000   Code   RO         1245    .ARM.Collect$$libshutdown$$00000007  c_w.l(libshutdown2.o)
    0x0800024c   0x0800024c   0x00000000   Code   RO         1248    .ARM.Collect$$libshutdown$$0000000A  c_w.l(libshutdown2.o)
    0x0800024c   0x0800024c   0x00000000   Code   RO         1250    .ARM.Collect$$libshutdown$$0000000C  c_w.l(libshutdown2.o)
    0x0800024c   0x0800024c   0x00000000   Code   RO         1253    .ARM.Collect$$libshutdown$$0000000F  c_w.l(libshutdown2.o)
    0x0800024c   0x0800024c   0x00000002   Code   RO         1254    .ARM.Collect$$libshutdown$$00000010  c_w.l(libshutdown2.o)
    0x0800024e   0x0800024e   0x00000000   Code   RO         1057    .ARM.Collect$$rtentry$$00000000  c_w.l(__rtentry.o)
    0x0800024e   0x0800024e   0x00000000   Code   RO         1074    .ARM.Collect$$rtentry$$00000002  c_w.l(__rtentry2.o)
    0x0800024e   0x0800024e   0x00000006   Code   RO         1086    .ARM.Collect$$rtentry$$00000004  c_w.l(__rtentry4.o)
    0x08000254   0x08000254   0x00000000   Code   RO         1076    .ARM.Collect$$rtentry$$00000009  c_w.l(__rtentry2.o)
    0x08000254   0x08000254   0x00000004   Code   RO         1077    .ARM.Collect$$rtentry$$0000000A  c_w.l(__rtentry2.o)
    0x08000258   0x08000258   0x00000000   Code   RO         1079    .ARM.Collect$$rtentry$$0000000C  c_w.l(__rtentry2.o)
    0x08000258   0x08000258   0x00000008   Code   RO         1080    .ARM.Collect$$rtentry$$0000000D  c_w.l(__rtentry2.o)
    0x08000260   0x08000260   0x00000002   Code   RO         1262    .ARM.Collect$$rtexit$$00000000  c_w.l(rtexit.o)
    0x08000262   0x08000262   0x00000000   Code   RO         1315    .ARM.Collect$$rtexit$$00000002  c_w.l(rtexit2.o)
    0x08000262   0x08000262   0x00000004   Code   RO         1316    .ARM.Collect$$rtexit$$00000003  c_w.l(rtexit2.o)
    0x08000266   0x08000266   0x00000006   Code   RO         1317    .ARM.Collect$$rtexit$$00000004  c_w.l(rtexit2.o)
    0x0800026c   0x0800026c   0x00000040   Code   RO            4    .text               startup_stm32f407xx.o
    0x080002ac   0x080002ac   0x000000f0   Code   RO         1019    .text               c_w.l(lludivv7m.o)
    0x0800039c   0x0800039c   0x00000018   Code   RO         1023    .text               c_w.l(noretval__2printf.o)
    0x080003b4   0x080003b4   0x00000068   Code   RO         1025    .text               c_w.l(__printf.o)
    0x0800041c   0x0800041c   0x00000078   Code   RO         1027    .text               c_w.l(_printf_dec.o)
    0x08000494   0x08000494   0x0000004e   Code   RO         1051    .text               c_w.l(rt_memclr_w.o)
    0x080004e2   0x080004e2   0x00000006   Code   RO         1053    .text               c_w.l(heapauxi.o)
    0x080004e8   0x080004e8   0x000000b2   Code   RO         1062    .text               c_w.l(_printf_intcommon.o)
    0x0800059a   0x0800059a   0x00000002   PAD
    0x0800059c   0x0800059c   0x00000024   Code   RO         1064    .text               c_w.l(_printf_char_file.o)
    0x080005c0   0x080005c0   0x00000030   Code   RO         1090    .text               c_w.l(_printf_char_common.o)
    0x080005f0   0x080005f0   0x00000008   Code   RO         1092    .text               c_w.l(ferror.o)
    0x080005f8   0x080005f8   0x00000138   Code   RO         1094    .text               c_w.l(initio.o)
    0x08000730   0x08000730   0x0000004a   Code   RO         1105    .text               c_w.l(sys_stackheap_outer.o)
    0x0800077a   0x0800077a   0x0000004e   Code   RO         1109    .text               c_w.l(h1_free.o)
    0x080007c8   0x080007c8   0x00000046   Code   RO         1165    .text               c_w.l(setvbuf.o)
    0x0800080e   0x0800080e   0x00000002   PAD
    0x08000810   0x08000810   0x000000f0   Code   RO         1168    .text               c_w.l(fopen.o)
    0x08000900   0x08000900   0x0000004c   Code   RO         1170    .text               c_w.l(fclose.o)
    0x0800094c   0x0800094c   0x00000012   Code   RO         1176    .text               c_w.l(exit.o)
    0x0800095e   0x0800095e   0x0000000e   Code   RO         1182    .text               c_w.l(defsig_rtred_outer.o)
    0x0800096c   0x0800096c   0x00000066   Code   RO         1255    .text               c_w.l(sys_io.o)
    0x080009d2   0x080009d2   0x00000002   PAD
    0x080009d4   0x080009d4   0x00000008   Code   RO         1259    .text               c_w.l(libspace.o)
    0x080009dc   0x080009dc   0x00000008   Code   RO         1269    .text               c_w.l(rt_heap_descriptor_intlibspace.o)
    0x080009e4   0x080009e4   0x00000004   Code   RO         1271    .text               c_w.l(hguard.o)
    0x080009e8   0x080009e8   0x0000008a   Code   RO         1273    .text               c_w.l(init_alloc.o)
    0x08000a72   0x08000a72   0x0000005e   Code   RO         1279    .text               c_w.l(h1_alloc.o)
    0x08000ad0   0x08000ad0   0x000000f8   Code   RO         1291    .text               c_w.l(fseek.o)
    0x08000bc8   0x08000bc8   0x00000108   Code   RO         1293    .text               c_w.l(stdio.o)
    0x08000cd0   0x08000cd0   0x0000000a   Code   RO         1295    .text               c_w.l(defsig_exit.o)
    0x08000cda   0x08000cda   0x00000002   PAD
    0x08000cdc   0x08000cdc   0x00000034   Code   RO         1299    .text               c_w.l(defsig_rtred_inner.o)
    0x08000d10   0x08000d10   0x0000000c   Code   RO         1307    .text               c_w.l(sys_exit.o)
    0x08000d1c   0x08000d1c   0x00000002   Code   RO         1311    .text               c_w.l(use_no_semi.o)
    0x08000d1e   0x08000d1e   0x00000000   Code   RO         1313    .text               c_w.l(indicate_semi.o)
    0x08000d1e   0x08000d1e   0x00000000   Code   RO         1321    .text               c_w.l(maybetermalloc1.o)
    0x08000d1e   0x08000d1e   0x0000000c   Code   RO         1323    .text               c_w.l(h1_init.o)
    0x08000d2a   0x08000d2a   0x00000034   Code   RO         1325    .text               c_w.l(h1_extend.o)
    0x08000d5e   0x08000d5e   0x00000042   Code   RO         1331    .text               c_w.l(ftell.o)
    0x08000da0   0x08000da0   0x00000032   Code   RO         1335    .text               c_w.l(defsig_general.o)
    0x08000dd2   0x08000dd2   0x0000000e   Code   RO         1337    .text               c_w.l(defsig_rtmem_outer.o)
    0x08000de0   0x08000de0   0x0000003e   Code   RO         1341    .text               c_w.l(strlen.o)
    0x08000e1e   0x08000e1e   0x0000000e   Code   RO         1352    .text               c_w.l(sys_wrch.o)
    0x08000e2c   0x08000e2c   0x00000008   Code   RO         1363    .text               c_w.l(rt_errno_addr_intlibspace.o)
    0x08000e34   0x08000e34   0x00000050   Code   RO         1369    .text               c_w.l(defsig_rtmem_inner.o)
    0x08000e84   0x08000e84   0x00000002   Code   RO           73    .text.BusFault_Handler  stm32f4xx_it_1.o
    0x08000e86   0x08000e86   0x00000002   PAD
    0x08000e88   0x08000e88   0x0000000c   Code   RO           85    .text.DMA1_Stream6_IRQHandler  stm32f4xx_it_1.o
    0x08000e94   0x08000e94   0x00000002   Code   RO           79    .text.DebugMon_Handler  stm32f4xx_it_1.o
    0x08000e96   0x08000e96   0x00000002   PAD
    0x08000e98   0x08000e98   0x00000006   Code   RO           87    .text.EXTI9_5_IRQHandler  stm32f4xx_it_1.o
    0x08000e9e   0x08000e9e   0x00000002   PAD
    0x08000ea0   0x08000ea0   0x0000000a   Code   RO           17    .text.Error_Handler  main_1.o
    0x08000eaa   0x08000eaa   0x00000002   PAD
    0x08000eac   0x08000eac   0x0000008e   Code   RO          675    .text.HAL_DMA_Abort  stm32f4xx_hal_dma.o
    0x08000f3a   0x08000f3a   0x00000002   PAD
    0x08000f3c   0x08000f3c   0x00000024   Code   RO          677    .text.HAL_DMA_Abort_IT  stm32f4xx_hal_dma.o
    0x08000f60   0x08000f60   0x000001c4   Code   RO          681    .text.HAL_DMA_IRQHandler  stm32f4xx_hal_dma.o
    0x08001124   0x08001124   0x00000162   Code   RO          667    .text.HAL_DMA_Init  stm32f4xx_hal_dma.o
    0x08001286   0x08001286   0x00000002   PAD
    0x08001288   0x08001288   0x000000a2   Code   RO          673    .text.HAL_DMA_Start_IT  stm32f4xx_hal_dma.o
    0x0800132a   0x0800132a   0x00000002   PAD
    0x0800132c   0x0800132c   0x00000018   Code   RO           31    .text.HAL_GPIO_EXTI_Callback  gpio_1.o
    0x08001344   0x08001344   0x00000016   Code   RO          641    .text.HAL_GPIO_EXTI_IRQHandler  stm32f4xx_hal_gpio.o
    0x0800135a   0x0800135a   0x00000002   PAD
    0x0800135c   0x0800135c   0x0000019e   Code   RO          629    .text.HAL_GPIO_Init  stm32f4xx_hal_gpio.o
    0x080014fa   0x080014fa   0x00000002   PAD
    0x080014fc   0x080014fc   0x0000000a   Code   RO          635    .text.HAL_GPIO_WritePin  stm32f4xx_hal_gpio.o
    0x08001506   0x08001506   0x00000002   PAD
    0x08001508   0x08001508   0x0000000c   Code   RO          820    .text.HAL_GetTick   stm32f4xx_hal.o
    0x08001514   0x08001514   0x0000001a   Code   RO          818    .text.HAL_IncTick   stm32f4xx_hal.o
    0x0800152e   0x0800152e   0x00000002   PAD
    0x08001530   0x08001530   0x00000036   Code   RO          808    .text.HAL_Init      stm32f4xx_hal.o
    0x08001566   0x08001566   0x00000002   PAD
    0x08001568   0x08001568   0x00000048   Code   RO          810    .text.HAL_InitTick  stm32f4xx_hal.o
    0x080015b0   0x080015b0   0x00000038   Code   RO          127    .text.HAL_MspInit   stm32f4xx_hal_msp_1.o
    0x080015e8   0x080015e8   0x00000022   Code   RO          766    .text.HAL_NVIC_EnableIRQ  stm32f4xx_hal_cortex.o
    0x0800160a   0x0800160a   0x00000002   PAD
    0x0800160c   0x0800160c   0x00000056   Code   RO          764    .text.HAL_NVIC_SetPriority  stm32f4xx_hal_cortex.o
    0x08001662   0x08001662   0x00000002   PAD
    0x08001664   0x08001664   0x00000020   Code   RO          762    .text.HAL_NVIC_SetPriorityGrouping  stm32f4xx_hal_cortex.o
    0x08001684   0x08001684   0x00000164   Code   RO          523    .text.HAL_RCC_ClockConfig  stm32f4xx_hal_rcc.o
    0x080017e8   0x080017e8   0x00000026   Code   RO          535    .text.HAL_RCC_GetPCLK1Freq  stm32f4xx_hal_rcc.o
    0x0800180e   0x0800180e   0x00000002   PAD
    0x08001810   0x08001810   0x00000026   Code   RO          537    .text.HAL_RCC_GetPCLK2Freq  stm32f4xx_hal_rcc.o
    0x08001836   0x08001836   0x00000002   PAD
    0x08001838   0x08001838   0x0000006a   Code   RO          525    .text.HAL_RCC_GetSysClockFreq  stm32f4xx_hal_rcc.o
    0x080018a2   0x080018a2   0x00000002   PAD
    0x080018a4   0x080018a4   0x000003ac   Code   RO          521    .text.HAL_RCC_OscConfig  stm32f4xx_hal_rcc.o
    0x08001c50   0x08001c50   0x0000002c   Code   RO          774    .text.HAL_SYSTICK_Config  stm32f4xx_hal_cortex.o
    0x08001c7c   0x08001c7c   0x00000002   Code   RO          505    .text.HAL_TIMEx_BreakCallback  stm32f4xx_hal_tim_ex.o
    0x08001c7e   0x08001c7e   0x00000002   PAD
    0x08001c80   0x08001c80   0x00000002   Code   RO          501    .text.HAL_TIMEx_CommutCallback  stm32f4xx_hal_tim_ex.o
    0x08001c82   0x08001c82   0x00000002   PAD
    0x08001c84   0x08001c84   0x0000004c   Code   RO          497    .text.HAL_TIMEx_ConfigBreakDeadTime  stm32f4xx_hal_tim_ex.o
    0x08001cd0   0x08001cd0   0x000000ba   Code   RO          495    .text.HAL_TIMEx_MasterConfigSynchronization  stm32f4xx_hal_tim_ex.o
    0x08001d8a   0x08001d8a   0x00000002   PAD
    0x08001d8c   0x08001d8c   0x0000005a   Code   RO          200    .text.HAL_TIM_Base_Init  stm32f4xx_hal_tim.o
    0x08001de6   0x08001de6   0x00000002   PAD
    0x08001de8   0x08001de8   0x0000009c   Code   RO           49    .text.HAL_TIM_Base_MspInit  tim_1.o
    0x08001e84   0x08001e84   0x000000a2   Code   RO          210    .text.HAL_TIM_Base_Start  stm32f4xx_hal_tim.o
    0x08001f26   0x08001f26   0x00000002   PAD
    0x08001f28   0x08001f28   0x000000aa   Code   RO          214    .text.HAL_TIM_Base_Start_IT  stm32f4xx_hal_tim.o
    0x08001fd2   0x08001fd2   0x00000002   PAD
    0x08001fd4   0x08001fd4   0x000001a0   Code   RO          380    .text.HAL_TIM_ConfigClockSource  stm32f4xx_hal_tim.o
    0x08002174   0x08002174   0x00000002   Code   RO          336    .text.HAL_TIM_IC_CaptureCallback  stm32f4xx_hal_tim.o
    0x08002176   0x08002176   0x00000002   PAD
    0x08002178   0x08002178   0x00000170   Code   RO          334    .text.HAL_TIM_IRQHandler  stm32f4xx_hal_tim.o
    0x080022e8   0x080022e8   0x000001b4   Code   RO          346    .text.HAL_TIM_OC_ConfigChannel  stm32f4xx_hal_tim.o
    0x0800249c   0x0800249c   0x00000002   Code   RO          338    .text.HAL_TIM_OC_DelayElapsedCallback  stm32f4xx_hal_tim.o
    0x0800249e   0x0800249e   0x00000002   PAD
    0x080024a0   0x080024a0   0x0000005a   Code   RO          228    .text.HAL_TIM_OC_Init  stm32f4xx_hal_tim.o
    0x080024fa   0x080024fa   0x00000002   PAD
    0x080024fc   0x080024fc   0x00000002   Code   RO          230    .text.HAL_TIM_OC_MspInit  stm32f4xx_hal_tim.o
    0x080024fe   0x080024fe   0x00000002   PAD
    0x08002500   0x08002500   0x00000220   Code   RO          354    .text.HAL_TIM_PWM_ConfigChannel  stm32f4xx_hal_tim.o
    0x08002720   0x08002720   0x0000005a   Code   RO          254    .text.HAL_TIM_PWM_Init  stm32f4xx_hal_tim.o
    0x0800277a   0x0800277a   0x00000002   PAD
    0x0800277c   0x0800277c   0x00000002   Code   RO          256    .text.HAL_TIM_PWM_MspInit  stm32f4xx_hal_tim.o
    0x0800277e   0x0800277e   0x00000002   PAD
    0x08002780   0x08002780   0x00000002   Code   RO          340    .text.HAL_TIM_PWM_PulseFinishedCallback  stm32f4xx_hal_tim.o
    0x08002782   0x08002782   0x00000002   PAD
    0x08002784   0x08002784   0x0000002a   Code   RO           53    .text.HAL_TIM_PeriodElapsedCallback  tim_1.o
    0x080027ae   0x080027ae   0x00000002   PAD
    0x080027b0   0x080027b0   0x00000002   Code   RO          344    .text.HAL_TIM_TriggerCallback  stm32f4xx_hal_tim.o
    0x080027b2   0x080027b2   0x00000002   PAD
    0x080027b4   0x080027b4   0x00000002   Code   RO          982    .text.HAL_UARTEx_RxEventCallback  stm32f4xx_hal_uart.o
    0x080027b6   0x080027b6   0x00000002   PAD
    0x080027b8   0x080027b8   0x00000002   Code   RO          980    .text.HAL_UART_ErrorCallback  stm32f4xx_hal_uart.o
    0x080027ba   0x080027ba   0x00000002   PAD
    0x080027bc   0x080027bc   0x00000568   Code   RO          974    .text.HAL_UART_IRQHandler  stm32f4xx_hal_uart.o
    0x08002d24   0x08002d24   0x0000005e   Code   RO          898    .text.HAL_UART_Init  stm32f4xx_hal_uart.o
    0x08002d82   0x08002d82   0x00000002   PAD
    0x08002d84   0x08002d84   0x0000018c   Code   RO          108    .text.HAL_UART_MspInit  usart_1.o
    0x08002f10   0x08002f10   0x00000060   Code   RO          920    .text.HAL_UART_Receive_IT  stm32f4xx_hal_uart.o
    0x08002f70   0x08002f70   0x00000034   Code   RO          112    .text.HAL_UART_RxCpltCallback  usart_1.o
    0x08002fa4   0x08002fa4   0x00000282   Code   RO          914    .text.HAL_UART_Transmit  stm32f4xx_hal_uart.o
    0x08003226   0x08003226   0x00000002   PAD
    0x08003228   0x08003228   0x000000cc   Code   RO          924    .text.HAL_UART_Transmit_DMA  stm32f4xx_hal_uart.o
    0x080032f4   0x080032f4   0x00000002   Code   RO          984    .text.HAL_UART_TxCpltCallback  stm32f4xx_hal_uart.o
    0x080032f6   0x080032f6   0x00000002   PAD
    0x080032f8   0x080032f8   0x00000002   Code   RO          986    .text.HAL_UART_TxHalfCpltCallback  stm32f4xx_hal_uart.o
    0x080032fa   0x080032fa   0x00000002   PAD
    0x080032fc   0x080032fc   0x00000002   Code   RO           69    .text.HardFault_Handler  stm32f4xx_it_1.o
    0x080032fe   0x080032fe   0x00000002   PAD
    0x08003300   0x08003300   0x0000004c   Code   RO          173    .text.JustFloat     vofa.o
    0x0800334c   0x0800334c   0x00000038   Code   RO          149    .text.MX_DMA_Init   dma.o
    0x08003384   0x08003384   0x000000ae   Code   RO           29    .text.MX_GPIO_Init  gpio_1.o
    0x08003432   0x08003432   0x00000002   PAD
    0x08003434   0x08003434   0x00000196   Code   RO           41    .text.MX_TIM1_Init  tim_1.o
    0x080035ca   0x080035ca   0x00000002   PAD
    0x080035cc   0x080035cc   0x00000076   Code   RO           45    .text.MX_TIM2_Init  tim_1.o
    0x08003642   0x08003642   0x00000002   PAD
    0x08003644   0x08003644   0x00000158   Code   RO           47    .text.MX_TIM3_Init  tim_1.o
    0x0800379c   0x0800379c   0x0000003c   Code   RO          102    .text.MX_UART4_Init  usart_1.o
    0x080037d8   0x080037d8   0x0000003c   Code   RO          104    .text.MX_USART1_UART_Init  usart_1.o
    0x08003814   0x08003814   0x0000003c   Code   RO          106    .text.MX_USART2_UART_Init  usart_1.o
    0x08003850   0x08003850   0x00000002   Code   RO           71    .text.MemManage_Handler  stm32f4xx_it_1.o
    0x08003852   0x08003852   0x00000002   PAD
    0x08003854   0x08003854   0x00000002   Code   RO           67    .text.NMI_Handler   stm32f4xx_it_1.o
    0x08003856   0x08003856   0x00000002   PAD
    0x08003858   0x08003858   0x0000010c   Code   RO          137    .text.Openmv_Receive_Data  openmv.o
    0x08003964   0x08003964   0x00000002   Code   RO           81    .text.PendSV_Handler  stm32f4xx_it_1.o
    0x08003966   0x08003966   0x00000002   PAD
    0x08003968   0x08003968   0x00000002   Code   RO           77    .text.SVC_Handler   stm32f4xx_it_1.o
    0x0800396a   0x0800396a   0x00000002   PAD
    0x0800396c   0x0800396c   0x00000004   Code   RO           83    .text.SysTick_Handler  stm32f4xx_it_1.o
    0x08003970   0x08003970   0x000000b0   Code   RO           15    .text.SystemClock_Config  main_1.o
    0x08003a20   0x08003a20   0x00000012   Code   RO          185    .text.SystemInit    system_stm32f4xx.o
    0x08003a32   0x08003a32   0x00000002   PAD
    0x08003a34   0x08003a34   0x0000000c   Code   RO           89    .text.TIM2_IRQHandler  stm32f4xx_it_1.o
    0x08003a40   0x08003a40   0x00000134   Code   RO          204    .text.TIM_Base_SetConfig  stm32f4xx_hal_tim.o
    0x08003b74   0x08003b74   0x0000000c   Code   RO          978    .text.UART_DMAAbortOnError  stm32f4xx_hal_uart.o
    0x08003b80   0x08003b80   0x0000017c   Code   RO          930    .text.UART_DMAError  stm32f4xx_hal_uart.o
    0x08003cfc   0x08003cfc   0x000000b0   Code   RO          926    .text.UART_DMATransmitCplt  stm32f4xx_hal_uart.o
    0x08003dac   0x08003dac   0x00000006   Code   RO          928    .text.UART_DMATxHalfCplt  stm32f4xx_hal_uart.o
    0x08003db2   0x08003db2   0x00000002   PAD
    0x08003db4   0x08003db4   0x000000fe   Code   RO          976    .text.UART_Receive_IT  stm32f4xx_hal_uart.o
    0x08003eb2   0x08003eb2   0x00000002   PAD
    0x08003eb4   0x08003eb4   0x000000e6   Code   RO          902    .text.UART_SetConfig  stm32f4xx_hal_uart.o
    0x08003f9a   0x08003f9a   0x00000002   PAD
    0x08003f9c   0x08003f9c   0x0000000c   Code   RO           91    .text.USART1_IRQHandler  stm32f4xx_it_1.o
    0x08003fa8   0x08003fa8   0x0000000c   Code   RO           93    .text.USART2_IRQHandler  stm32f4xx_it_1.o
    0x08003fb4   0x08003fb4   0x00000002   Code   RO           75    .text.UsageFault_Handler  stm32f4xx_it_1.o
    0x08003fb6   0x08003fb6   0x00000002   PAD
    0x08003fb8   0x08003fb8   0x00000020   Code   RO           11    .text.fputc         main_1.o
    0x08003fd8   0x08003fd8   0x0000005a   Code   RO           13    .text.main          main_1.o
    0x08004032   0x08004032   0x00000002   PAD
    0x08004034   0x08004034   0x0000004a   Code   RO          161    .text.steer_set_down_angle  steer.o
    0x0800407e   0x0800407e   0x00000002   PAD
    0x08004080   0x08004080   0x0000004a   Code   RO          159    .text.steer_set_up_angle  steer.o
    0x080040ca   0x080040ca   0x0000001a   Code   RO         1305    x$fpl$fpinit        fz_wm.l(fpinit.o)
    0x080040e4   0x080040e4   0x00000004   Data   RO         1100    .constdata          c_w.l(sys_io_names.o)
    0x080040e8   0x080040e8   0x00000004   Data   RO         1101    .constdata          c_w.l(sys_io_names.o)
    0x080040ec   0x080040ec   0x00000004   Data   RO         1102    .constdata          c_w.l(sys_io_names.o)
    0x080040f0   0x080040f0   0x00000010   Data   RO          190    .rodata.AHBPrescTable  system_stm32f4xx.o
    0x08004100   0x08004100   0x00000008   Data   RO          191    .rodata.APBPrescTable  system_stm32f4xx.o
    0x08004108   0x08004108   0x00000008   Data   RO          691    .rodata.cst8        stm32f4xx_hal_dma.o
    0x08004110   0x08004110   0x00000007   Data   RO          139    .rodata.str1.1      openmv.o
    0x08004117   0x08004117   0x00000001   PAD
    0x08004118   0x08004118   0x00000020   Data   RO         1393    Region$$Table       anon$$obj.o


    Execution Region RW_IRAM1 (Exec base: 0x20000000, Load base: 0x08004138, Size: 0x000009b8, Max: 0x0001c000, ABSOLUTE)

    Exec Addr    Load Addr    Size         Type   Attr      Idx    E Section Name        Object

    0x20000000   0x08004138   0x00000004   Data   RW         1070    .data               c_w.l(stdio_streams.o)
    0x20000004   0x0800413c   0x00000004   Data   RW         1071    .data               c_w.l(stdio_streams.o)
    0x20000008   0x08004140   0x00000004   Data   RW         1072    .data               c_w.l(stdio_streams.o)
    0x2000000c   0x08004144   0x00000008   Data   RW          863    .data..L_MergedGlobals  stm32f4xx_hal.o
    0x20000014   0x0800414c   0x00000004   Data   RW          189    .data.SystemCoreClock  system_stm32f4xx.o
    0x20000018        -       0x00000054   Zero   RW         1067    .bss                c_w.l(stdio_streams.o)
    0x2000006c        -       0x00000054   Zero   RW         1068    .bss                c_w.l(stdio_streams.o)
    0x200000c0        -       0x00000054   Zero   RW         1069    .bss                c_w.l(stdio_streams.o)
    0x20000114        -       0x00000060   Zero   RW         1260    .bss                c_w.l(libspace.o)
    0x20000174        -       0x00000032   Zero   RW          140    .bss..L_MergedGlobals  openmv.o
    0x200001a6        -       0x00000002   Zero   RW           58    .bss.HAL_TIM_PeriodElapsedCallback.TIM2_Counter  tim_1.o
    0x200001a8        -       0x00000002   Zero   RW          118    .bss.USART1_RXbuff  usart_1.o
    0x200001aa   0x08004150   0x00000002   PAD
    0x200001ac        -       0x00000060   Zero   RW          117    .bss.hdma_usart2_tx  usart_1.o
    0x2000020c        -       0x00000048   Zero   RW           55    .bss.htim1          tim_1.o
    0x20000254        -       0x00000048   Zero   RW           56    .bss.htim2          tim_1.o
    0x2000029c        -       0x00000048   Zero   RW           57    .bss.htim3          tim_1.o
    0x200002e4        -       0x00000044   Zero   RW          115    .bss.huart1         usart_1.o
    0x20000328        -       0x00000044   Zero   RW          116    .bss.huart2         usart_1.o
    0x2000036c        -       0x00000044   Zero   RW          114    .bss.huart4         usart_1.o
    0x200003b0        -       0x00000004   Zero   RW          862    .bss.uwTick         stm32f4xx_hal.o
    0x200003b4   0x08004150   0x00000004   PAD
    0x200003b8        -       0x00000200   Zero   RW            2    HEAP                startup_stm32f407xx.o
    0x200005b8        -       0x00000400   Zero   RW            1    STACK               startup_stm32f407xx.o


    Execution Region RW_IRAM2 (Exec base: 0x2001c000, Load base: 0x08004150, Size: 0x00000000, Max: 0x00004000, ABSOLUTE)

    **** No section assigned to this execution region ****


==============================================================================

Image component sizes


      Code (inc. data)   RO Data    RW Data    ZI Data      Debug   Object Name

        56          0          0          0          0       3443   dma.o
       198          0          0          0          0       4226   gpio_1.o
       308          0          0          0          0       4222   main_1.o
       268          8          7          0         50       2556   openmv.o
        64         26        392          0       1536        820   startup_stm32f407xx.o
       148          0          0          0          0        950   steer.o
       164          0          0          8          4       7277   stm32f4xx_hal.o
       196          0          0          0          0      10405   stm32f4xx_hal_cortex.o
      1146          6          8          0          0      10507   stm32f4xx_hal_dma.o
       446          0          0          0          0       5325   stm32f4xx_hal_gpio.o
        56          0          0          0          0       1433   stm32f4xx_hal_msp_1.o
      1478          0          0          0          0       7358   stm32f4xx_hal_rcc.o
      2686         10          0          0          0      57194   stm32f4xx_hal_tim.o
       266          0          0          0          0      21463   stm32f4xx_hal_tim_ex.o
      3486          0          0          0          0      32047   stm32f4xx_hal_uart.o
        74          0          0          0          0       6062   stm32f4xx_it_1.o
        18          0         24          4          0       2622   system_stm32f4xx.o
      1066          0          0          0        218      11177   tim_1.o
       628          0          0          0        302       8014   usart_1.o
        76          0          0          0          0       4294   vofa.o

    ----------------------------------------------------------------------
     12934         50        464         12       2116     201395   Object Totals
         0          0         32          0          0          0   (incl. Generated)
       106          0          1          0          6          0   (incl. Padding)

    ----------------------------------------------------------------------

      Code (inc. data)   RO Data    RW Data    ZI Data      Debug   Library Member Name

         8          0          0          0          0         68   __main.o
       104          0          0          0          0         84   __printf.o
         0          0          0          0          0          0   __rtentry.o
        12          0          0          0          0          0   __rtentry2.o
         6          0          0          0          0          0   __rtentry4.o
        94          8          0          0          0          0   __scatter.o
        26          0          0          0          0          0   __scatter_copy.o
        28          0          0          0          0          0   __scatter_zi.o
        48          6          0          0          0         96   _printf_char_common.o
        36          4          0          0          0         80   _printf_char_file.o
         6          0          0          0          0          0   _printf_d.o
       120         16          0          0          0         92   _printf_dec.o
       178          0          0          0          0         88   _printf_intcommon.o
         0          0          0          0          0          0   _printf_percent.o
         4          0          0          0          0          0   _printf_percent_end.o
        10          0          0          0          0         68   defsig_exit.o
        50          0          0          0          0         88   defsig_general.o
        80         58          0          0          0         76   defsig_rtmem_inner.o
        14          0          0          0          0         80   defsig_rtmem_outer.o
        52         38          0          0          0         76   defsig_rtred_inner.o
        14          0          0          0          0         80   defsig_rtred_outer.o
        18          0          0          0          0         80   exit.o
        76          0          0          0          0         88   fclose.o
         8          0          0          0          0         68   ferror.o
       240          6          0          0          0        128   fopen.o
       248          6          0          0          0         84   fseek.o
        66          0          0          0          0         76   ftell.o
        94          0          0          0          0         80   h1_alloc.o
        52          0          0          0          0         68   h1_extend.o
        78          0          0          0          0         80   h1_free.o
        12          0          0          0          0         84   h1_init.o
         6          0          0          0          0        152   heapauxi.o
         4          0          0          0          0        136   hguard.o
         0          0          0          0          0          0   indicate_semi.o
       138          0          0          0          0        168   init_alloc.o
       312         46          0          0          0        112   initio.o
         2          0          0          0          0          0   libinit.o
        18          0          0          0          0          0   libinit2.o
         2          0          0          0          0          0   libshutdown.o
         6          0          0          0          0          0   libshutdown2.o
         8          4          0          0         96         68   libspace.o
       240          0          0          0          0        100   lludivv7m.o
         0          0          0          0          0          0   maybetermalloc1.o
        24          4          0          0          0         84   noretval__2printf.o
         8          4          0          0          0         68   rt_errno_addr_intlibspace.o
         8          4          0          0          0         68   rt_heap_descriptor_intlibspace.o
        78          0          0          0          0         80   rt_memclr_w.o
         2          0          0          0          0          0   rtexit.o
        10          0          0          0          0          0   rtexit2.o
        70          0          0          0          0         80   setvbuf.o
       264          6          0          0          0        160   stdio.o
         0          0          0         12        252          0   stdio_streams.o
        62          0          0          0          0         76   strlen.o
        12          4          0          0          0         68   sys_exit.o
       102          0          0          0          0        240   sys_io.o
         0          0         12          0          0          0   sys_io_names.o
        74          0          0          0          0         80   sys_stackheap_outer.o
        14          0          0          0          0         76   sys_wrch.o
         2          0          0          0          0         68   use_no_semi.o
        26          0          0          0          0        116   fpinit.o

    ----------------------------------------------------------------------
      3286        214         12         12        348       3812   Library Totals
        12          0          0          0          0          0   (incl. Padding)

    ----------------------------------------------------------------------

      Code (inc. data)   RO Data    RW Data    ZI Data      Debug   Library Name

      3248        214         12         12        348       3696   c_w.l
        26          0          0          0          0        116   fz_wm.l

    ----------------------------------------------------------------------
      3286        214         12         12        348       3812   Library Totals

    ----------------------------------------------------------------------

==============================================================================


      Code (inc. data)   RO Data    RW Data    ZI Data      Debug   

     16220        264        476         24       2464     202991   Grand Totals
     16220        264        476         24       2464     202991   ELF Image Totals
     16220        264        476         24          0          0   ROM Totals

==============================================================================

    Total RO  Size (Code + RO Data)                16696 (  16.30kB)
    Total RW  Size (RW Data + ZI Data)              2488 (   2.43kB)
    Total ROM Size (Code + RO Data + RW Data)      16720 (  16.33kB)

==============================================================================

